I/===APKProtocolTransmit===( 1344): End send sb-cmd:275
I/aios.Agent(27580): onMessage
D/AIN-DDSUpdater(27580): 	onMessage->local_update.percentage
D/fyc     (27580): onDownloadProgress :72.37
I/aios.Agent(27580): onMessage
D/AIN-DDSUpdater(27580): 	onMessage->local_update.percentage
D/fyc     (27580): onDownloadProgress :73.39
I/aios.Agent(27580): onMessage
D/AIN-DDSUpdater(27580): 	onMessage->local_update.percentage
D/fyc     (27580): onDownloadProgress :74.41
I/aios.Agent(27580): onMessage
D/AIN-DDSUpdater(27580): 	onMessage->local_update.percentage
D/fyc     (27580): onDownloadProgress :75.42
I/aios.Agent(27580): onMessage
D/AIN-DDSUpdater(27580): 	onMessage->local_update.percentage
D/fyc     (27580): onDownloadProgress :76.44
I/aios.Agent(27580): onMessage
D/AIN-DDSUpdater(27580): 	onMessage->local_update.percentage
D/fyc     (27580): onDownloadProgress :77.46
W/ActivityStackSupervisor(  473): Launch timeout has expired, giving up wake lock!
I/aios.Agent(27580): onMessage
D/AIN-DDSUpdater(27580): 	onMessage->local_update.percentage
D/fyc     (27580): onDownloadProgress :78.48
I/aios.Agent(27580): onMessage
D/AIN-DDSUpdater(27580): 	onMessage->local_update.percentage
D/fyc     (27580): onDownloadProgress :79.5
I/aios.Agent(27580): onMessage
D/AIN-DDSUpdater(27580): 	onMessage->local_update.percentage
D/fyc     (27580): onDownloadProgress :80.52
I/aios.Agent(27580): onMessage
D/AIN-DDSUpdater(27580): 	onMessage->local_update.percentage
D/fyc     (27580): onDownloadProgress :81.54
I/aios.Agent(27580): onMessage
D/AIN-DDSUpdater(27580): 	onMessage->local_update.percentage
D/fyc     (27580): onDownloadProgress :82.56
I/aios.Agent(27580): onMessage
D/AIN-DDSUpdater(27580): 	onMessage->local_update.percentage
D/fyc     (27580): onDownloadProgress :83.58
I/aios.Agent(27580): onMessage
D/AIN-DDSUpdater(27580): 	onMessage->local_update.percentage
D/fyc     (27580): onDownloadProgress :84.59
I/aios.Agent(27580): onMessage
D/AIN-DDSUpdater(27580): 	onMessage->local_update.percentage
D/fyc     (27580): onDownloadProgress :85.61
I/aios.Agent(27580): onMessage
D/AIN-DDSUpdater(27580): 	onMessage->local_update.percentage
D/fyc     (27580): onDownloadProgress :86.63
I/aios.Agent(27580): onMessage
D/AIN-DDSUpdater(27580): 	onMessage->local_update.percentage
D/fyc     (27580): onDownloadProgress :87.65
I/aios.Agent(27580): onMessage
D/AIN-DDSUpdater(27580): 	onMessage->local_update.percentage
D/fyc     (27580): onDownloadProgress :88.67
I/aios.Agent(27580): onMessage
D/AIN-DDSUpdater(27580): 	onMessage->local_update.percentage
D/fyc     (27580): onDownloadProgress :89.69
I/aios.Agent(27580): onMessage
D/AIN-DDSUpdater(27580): 	onMessage->local_update.percentage
D/fyc     (27580): onDownloadProgress :90.71
I/===DaemonService===( 1344): ############## Rotation : 0
I/===DaemonService===( 1344): ScreenOrientationThread:0 screentOrientation:0
I/===APKProtocolTransmit===( 1344): Ready send su-cmd:275
I/===APKProtocolTransmit===( 1344): Start send su-cmd:275 length[14]
I/===APKProtocolTransmit===( 1344): the C socket has not been connected,so dicard the send command:[275]
I/===APKProtocolTransmit===( 1344): End send sb-cmd:275
I/aios.Agent(27580): onMessage
D/AIN-DDSUpdater(27580): 	onMessage->local_update.percentage
D/fyc     (27580): onDownloadProgress :91.73
I/aios.Agent(27580): onMessage
D/AIN-DDSUpdater(27580): 	onMessage->local_update.percentage
D/fyc     (27580): onDownloadProgress :92.74
I/aios.Agent(27580): onMessage
D/AIN-DDSUpdater(27580): 	onMessage->local_update.percentage
D/fyc     (27580): onDownloadProgress :93.76
I/aios.Agent(27580): onMessage
D/AIN-DDSUpdater(27580): 	onMessage->local_update.percentage
D/fyc     (27580): onDownloadProgress :94.78
I/USBService( 1344): send udp to check mobileagent state.
I/===Mrcp===( 1344): sending cmd:276
I/USBService( 1344): command is : [277] 
I/USBService( 1344): res:-131070 res2:2 opt:-2
I/USBService( 1344): receive udp of checking mobileagent state:-2. 
I/USBService( 1344): get mobileagent state 1 and current mobileagent state 1
I/aios.Agent(27580): onMessage
D/AIN-DDSUpdater(27580): 	onMessage->local_update.percentage
D/fyc     (27580): onDownloadProgress :95.8
I/aios.Agent(27580): onMessage
D/AIN-DDSUpdater(27580): 	onMessage->local_update.percentage
D/fyc     (27580): onDownloadProgress :96.82
I/aios.Agent(27580): onMessage
D/AIN-DDSUpdater(27580): 	onMessage->local_update.percentage
D/fyc     (27580): onDownloadProgress :97.84
I/===DaemonService===( 1344): ############## Rotation : 0
I/===DaemonService===( 1344): ScreenOrientationThread:0 screentOrientation:0
I/===APKProtocolTransmit===( 1344): Ready send su-cmd:275
I/===APKProtocolTransmit===( 1344): Start send su-cmd:275 length[14]
I/===APKProtocolTransmit===( 1344): the C socket has not been connected,so dicard the send command:[275]
I/===APKProtocolTransmit===( 1344): End send sb-cmd:275
I/USBService( 1344): send udp to check mobileagent state.
I/===Mrcp===( 1344): sending cmd:276
I/USBService( 1344): command is : [277] 
I/USBService( 1344): res:-131070 res2:2 opt:-2
I/USBService( 1344): receive udp of checking mobileagent state:-2. 
I/USBService( 1344): get mobileagent state 1 and current mobileagent state 1
I/===DaemonService===( 1344): ############## Rotation : 0
I/===DaemonService===( 1344): ScreenOrientationThread:0 screentOrientation:0
I/===APKProtocolTransmit===( 1344): Ready send su-cmd:275
I/===APKProtocolTransmit===( 1344): Start send su-cmd:275 length[14]
I/===APKProtocolTransmit===( 1344): the C socket has not been connected,so dicard the send command:[275]
I/===APKProtocolTransmit===( 1344): End send sb-cmd:275
I/===DaemonService===( 1344): ############## Rotation : 0
I/===DaemonService===( 1344): ScreenOrientationThread:0 screentOrientation:0
I/===APKProtocolTransmit===( 1344): Ready send su-cmd:275
I/===APKProtocolTransmit===( 1344): Start send su-cmd:275 length[14]
I/===APKProtocolTransmit===( 1344): the C socket has not been connected,so dicard the send command:[275]
I/===APKProtocolTransmit===( 1344): End send sb-cmd:275
I/USBService( 1344): send udp to check mobileagent state.
I/===Mrcp===( 1344): sending cmd:276
I/USBService( 1344): command is : [277] 
I/USBService( 1344): res:-131070 res2:2 opt:-2
I/USBService( 1344): receive udp of checking mobileagent state:-2. 
I/USBService( 1344): get mobileagent state 1 and current mobileagent state 1
I/===DaemonService===( 1344): ############## Rotation : 0
I/===DaemonService===( 1344): ScreenOrientationThread:0 screentOrientation:0
I/===APKProtocolTransmit===( 1344): Ready send su-cmd:275
I/===APKProtocolTransmit===( 1344): Start send su-cmd:275 length[14]
I/===APKProtocolTransmit===( 1344): the C socket has not been connected,so dicard the send command:[275]
I/===APKProtocolTransmit===( 1344): End send sb-cmd:275
I/aios.Agent(27580): onMessage
D/AIN-DDSUpdater(27580): 	onMessage->local_update.finish
W/System.err(27580): com.aispeech.dui.dds.exceptions.DDSNotInitCompleteException: You must init DDS first.
W/System.err(27580): 	at com.aispeech.dui.dds.agent.Agent.b(Agent.java:1104)
W/System.err(27580): 	at com.aispeech.dui.dds.agent.Agent.speak(Agent.java:582)
W/System.err(27580): 	at com.example.facedoor.FaceIndexActivity$4.onUpdateFinish(FaceIndexActivity.java:278)
W/System.err(27580): 	at com.aispeech.dui.dds.update.DDSUpdater$1.onMessage(DDSUpdater.java:106)
W/System.err(27580): 	at com.aispeech.dui.dds.agent.Agent.onMessage(Agent.java:135)
W/System.err(27580): 	at com.aispeech.dui.BusClient.spin(BusClient.java:444)
W/System.err(27580): 	at com.aispeech.dui.BaseNode.run(BaseNode.java:162)
W/System.err(27580): 	at java.lang.Thread.run(Thread.java:818)
D/lasa-jni(27580): luaname: 101-local_tts-n
D/lasa-jni(27580): lasa 2.2.19
D/lasa-jni(27580): luaname: 100-local_wakeu
D/lasa-jni(27580): lasa 2.2.19
D/lasa-jni(27580): luaname: 109-local_uca-n
D/lasa-jni(27580): lasa 2.2.19
D/lasa-jni(27580): luaname: 106-local_dm-no
D/lasa-jni(27580): lasa 2.2.19
D/lasa-jni(27580): luaname: 102-local_aec-n
D/lasa-jni(27580): lasa 2.2.19
D/lasa-jni(27580): luaname: 108-local_uploa
D/lasa-jni(27580): lasa 2.2.19
D/lasa-jni(27580): luaname: 105-local_vad-n
D/lasa-jni(27580): lasa 2.2.19
D/lasa-jni(27580): luaname: 103-co_processo
D/lasa-jni(27580): lasa 2.2.19
D/lasa-jni(27580): luaname: 107-uiagent-nod
D/lasa-jni(27580): lasa 2.2.19
I/aios.local_recorder(27580): onMessage
I/aios.local_recorder(27580): onMessage
I/aios.local_recorder(27580): onMessage
I/aios.local_recorder(27580): onMessage
I/aios.local_recorder(27580): onMessage
I/aios.local_recorder(27580): onMessage
I/aios.local_recorder(27580): onMessage
I/aios.local_recorder(27580): onMessage
I/aios.Agent(27580): onMessage
I/aios.Agent(27580): onMessage
I/aios.Agent(27580): onMessage
I/aios.Agent(27580): onMessage
I/aios.Agent(27580): onMessage
I/aios.Agent(27580): onMessage
I/aios.Agent(27580): onMessage
I/aios.Agent(27580): onMessage
I/aios.local_recorder(27580): onMessage
I/aios.Agent(27580): onMessage
I/aios.Agent(27580): onMessage
D/AIN-DDS (27580): 	agent: sys.kernel.ready
D/AIN-DDS (27580): 	sys.kernel.ready countdown latch
D/DDSService(27580): onInitComplete
D/DDSService(27580): onInitComplete
I/AISPEECH(27580): core gram new success: 0xb47be6f0
I/AISPEECH(27580): core gram compile ok
I/AISPEECH(27580): core gram end operaton: 0xb47be6f0
I/aios.local_recorder(27580): onMessage
I/AISPEECH(27580): core asr new success: 0x9dd8c9b8
I/aios.local_recorder(27580): onMessage
I/AISPEECH(27580): core vad new success: 0xa0cd4550
I/AISPEECH(27580): core wakeup new success: 0x9d524768
V/lasa    (27580): 	4409.492686185	AI-busserver	bridge receive err: 	closed
I/aios.Agent(27580): onMessage
I/aios.local_recorder(27580): onMessage
I/aios.Agent(27580): onMessage
I/aios.local_recorder(27580): onMessage
I/aios.Agent(27580): onMessage
I/aios.local_recorder(27580): onMessage
I/aios.Agent(27580): onMessage
I/aios.local_recorder(27580): onMessage
I/aios.Agent(27580): onMessage
I/aios.local_recorder(27580): onMessage
I/aios.Agent(27580): onMessage
I/aios.local_recorder(27580): onMessage
I/aios.Agent(27580): onMessage
I/aios.local_recorder(27580): onMessage
I/aios.Agent(27580): onMessage
I/aios.local_recorder(27580): onMessage
I/===DaemonService===( 1344): ############## Rotation : 0
I/===DaemonService===( 1344): ScreenOrientationThread:0 screentOrientation:0
I/===APKProtocolTransmit===( 1344): Ready send su-cmd:275
I/===APKProtocolTransmit===( 1344): Start send su-cmd:275 length[14]
I/===APKProtocolTransmit===( 1344): the C socket has not been connected,so dicard the send command:[275]
I/===APKProtocolTransmit===( 1344): End send sb-cmd:275
I/USBService( 1344): send udp to check mobileagent state.
I/===Mrcp===( 1344): sending cmd:276
I/USBService( 1344): command is : [277] 
I/USBService( 1344): res:-131070 res2:2 opt:-2
I/USBService( 1344): receive udp of checking mobileagent state:-2. 
I/USBService( 1344): get mobileagent state 1 and current mobileagent state 1
I/aios.Agent(27580): onMessage
I/aios.local_recorder(27580): onMessage
I/aios.Agent(27580): onMessage
I/aios.local_recorder(27580): onMessage
I/aios.Agent(27580): onMessage
I/aios.local_recorder(27580): onMessage
I/aios.Agent(27580): onMessage
I/aios.local_recorder(27580): onMessage
I/aios.Agent(27580): onMessage
I/aios.local_recorder(27580): onMessage
I/aios.Agent(27580): onMessage
I/aios.local_recorder(27580): onMessage
I/aios.Agent(27580): onMessage
I/aios.local_recorder(27580): onMessage
I/aios.Agent(27580): onMessage
I/aios.local_recorder(27580): onMessage
I/===DaemonService===( 1344): ############## Rotation : 0
I/===DaemonService===( 1344): ScreenOrientationThread:0 screentOrientation:0
I/===APKProtocolTransmit===( 1344): Ready send su-cmd:275
I/===APKProtocolTransmit===( 1344): Start send su-cmd:275 length[14]
I/===APKProtocolTransmit===( 1344): the C socket has not been connected,so dicard the send command:[275]
I/===APKProtocolTransmit===( 1344): End send sb-cmd:275
I/AISPEECH(27580): [INFO]core circle configuration:
I/AISPEECH(27580): {"beamformingCfg":"/data/data/com.example.facedoor/files/dds/duicore-8/res//uca/UCA_asr.bin","rollBack":1000,"wakeupResBin":"/data/data/com.example.facedoor/files/dds/duicore-8/res//wakeup/wakeup.bin","wakeupCfg":"/data/data/com.example.facedoor/files/dds/duicore-8/res//uca/UCA_wakeup.bin","aecCfg":"OFF","env":"words=ni hao xiao chi;thresh=0.127;major=1;"}
I/AISPEECH(27580): rollBack:1000
I/AISPEECH(27580): circle new success: 0x9d865700
D/AIN-AIRecorder(27580): 	/local_recorder/start	uca
I/AIN-AIRecorder(27580): 	recoder start:uca
D/AIN-AIRecorder(27580): 	====Clients list: uca	=====
V/lasa    (27580): 	4416.049540021	AI-processor	task invalid
V/lasa    (27580): 	4416.049631021	AI-processor	task invalid
I/AIN-GlobalConfigUtil(27580): 	{"dm":{"enable":true,"globalExit":{"globalExitWords":["",""],"visible":true,"globalExitUtterances":["","",""]},"errorHandle":{"retryTimes":1,"asrEmptyWords":[""],"offlineWords":[""],"visible":true,"exitWords":[""],"nluEmptyWords":[""]},"oneShot":{"enable":false,"visible":true}},"wakeup":{"enable":true,"visible":true,"cmdword":{},"majorword":[{"pinyin":"ni hao xiao chi","greeting":{},"name":"","threshold":"0.127"}]},"module":{"enable":true,"aecenable":false,"type":3,"using":[0,1,2,3],"visible":true},"vad":{"enable":true,"pausetime":500,"visible":true},"mic":{"visible":true,"enable":false,"countDown":30},"pickup":{"enable":true,"far":{"enable":true,"wakeup":{"enable":true,"visible":true,"cmdword":{},"majorword":[{"pinyin":"ni hao xiao chi","greeting":{},"name":"","threshold":"0.127"}]},"module":{"enable":true,"aecenable":false,"type":3,"using":[0,1,2,3],"visible":true},"vad":{"enable":true,"pausetime":500,"visible":true}},"visible":true,"near":{"enable":false,"wakeup":{"enable":true,"majorword":[{"pinyin":"ni hao xiao chi","greeting":["",""],"name":"","threshold":0.127},{"greeting":["",""],"pinyin":"chao ji ma li","name":"","threshold":0.127}],"visible":true},"module":{"enable":true,"aecenable":false,"type":0,"using":[0,1],"visible":true},"vad":{"enable":true,"pausetime":500,"visible":true}},"displaytype":"alternative"},"asr":{"cloud":{"type":"aicommon"},"enable":true,"local":{"type":"aicommon"},"visible":false},"tts":{"enable":true,"voice":"zhilingf","visible":true,"type":"local","volume":50,"test":"","speed":0.8}}
D/AIN-AIRecorder(27580): 	load global config, module type : 3
E/art     (27580): Thread attaching while runtime is shutting down: AudioRecord
I/AndroidRuntime(27580): NOTE: attach of thread 'AudioRecord' failed
D/AudioHardwareTiny(  164): pcm_config->rate:44100,in->requested_rate:48000,in->channel_mask:2
D/AudioHardwareTiny(  164): in->mSpeexFrameSize:560
I/AudioFlinger(  164): AudioFlinger's thread 0xb4014008 ready to run
D/AIN-AIRecorder(27580): 	IS_REVERSED_CHANNEL:	false
D/AIN-AIRecorder(27580): 	READ BUFFER SIZE IS:	57600
D/AIN-AIRecorder(27580): 	Using AudioRecordModule:	CIRCLE_SIX_MIC:
D/AIN-AIRecorder(27580): audioSource:	6
D/AIN-AIRecorder(27580): sampleRateInHz:	48000
D/AIN-AIRecorder(27580): channelConf:	12
D/AIN-AIRecorder(27580): channelCount:	6
D/AIN-AIRecorder(27580): bufferSizeInByte:	192000
D/AIN-AIRecorder(27580): audioFormat:	2
D/AudioHardwareTiny(  164): Device     : 0x1b
D/AudioHardwareTiny(  164): SampleRate : 0
D/AudioHardwareTiny(  164): Channels   : 0
D/AudioHardwareTiny(  164): Formate    : -1261870788
D/AudioHardwareTiny(  164): PreiodSize : 12
E/AudioHardwareTiny(  164): getInputRouteFromDevice:device:80000004
D/alsa_route(  164): route_info->sound_card 0, route_info->devices 0  
D/alsa_route(  164): route_set_controls() set route 21
I/USBService( 1344): send udp to check mobileagent state.
I/===Mrcp===( 1344): sending cmd:276
I/USBService( 1344): command is : [277] 
I/USBService( 1344): res:-131070 res2:2 opt:-2
I/USBService( 1344): receive udp of checking mobileagent state:-2. 
I/USBService( 1344): get mobileagent state 1 and current mobileagent state 1
I/===DaemonService===( 1344): ############## Rotation : 0
I/===DaemonService===( 1344): ScreenOrientationThread:0 screentOrientation:0
I/===APKProtocolTransmit===( 1344): Ready send su-cmd:275
I/===APKProtocolTransmit===( 1344): Start send su-cmd:275 length[14]
I/===APKProtocolTransmit===( 1344): the C socket has not been connected,so dicard the send command:[275]
I/===APKProtocolTransmit===( 1344): End send sb-cmd:275
I/AISPEECH(27580): core cntts new success: 0x9dda5c98
I/AISPEECH(27580): new cntts success
I/===DaemonService===( 1344): ############## Rotation : 0
I/===DaemonService===( 1344): ScreenOrientationThread:0 screentOrientation:0
I/===APKProtocolTransmit===( 1344): Ready send su-cmd:275
I/===APKProtocolTransmit===( 1344): Start send su-cmd:275 length[14]
I/===APKProtocolTransmit===( 1344): the C socket has not been connected,so dicard the send command:[275]
I/===APKProtocolTransmit===( 1344): End send sb-cmd:275
I/USBService( 1344): send udp to check mobileagent state.
I/===Mrcp===( 1344): sending cmd:276
I/USBService( 1344): command is : [277] 
I/USBService( 1344): res:-131070 res2:2 opt:-2
I/USBService( 1344): receive udp of checking mobileagent state:-2. 
I/USBService( 1344): get mobileagent state 1 and current mobileagent state 1
I/===DaemonService===( 1344): ############## Rotation : 0
I/===DaemonService===( 1344): ScreenOrientationThread:0 screentOrientation:0
I/===APKProtocolTransmit===( 1344): Ready send su-cmd:275
I/===APKProtocolTransmit===( 1344): Start send su-cmd:275 length[14]
I/===APKProtocolTransmit===( 1344): the C socket has not been connected,so dicard the send command:[275]
I/===APKProtocolTransmit===( 1344): End send sb-cmd:275
I/===DaemonService===( 1344): ############## Rotation : 0
I/===DaemonService===( 1344): ScreenOrientationThread:0 screentOrientation:0
I/===APKProtocolTransmit===( 1344): Ready send su-cmd:275
I/===APKProtocolTransmit===( 1344): Start send su-cmd:275 length[14]
I/===APKProtocolTransmit===( 1344): the C socket has not been connected,so dicard the send command:[275]
I/===APKProtocolTransmit===( 1344): End send sb-cmd:275
I/USBService( 1344): send udp to check mobileagent state.
I/===Mrcp===( 1344): sending cmd:276
I/USBService( 1344): command is : [277] 
I/USBService( 1344): res:-131070 res2:2 opt:-2
I/USBService( 1344): receive udp of checking mobileagent state:-2. 
I/USBService( 1344): get mobileagent state 1 and current mobileagent state 1
I/===DaemonService===( 1344): ############## Rotation : 0
I/===DaemonService===( 1344): ScreenOrientationThread:0 screentOrientation:0
I/===APKProtocolTransmit===( 1344): Ready send su-cmd:275
I/===APKProtocolTransmit===( 1344): Start send su-cmd:275 length[14]
I/===APKProtocolTransmit===( 1344): the C socket has not been connected,so dicard the send command:[275]
I/===APKProtocolTransmit===( 1344): End send sb-cmd:275
I/USBService( 1344): send udp to check mobileagent state.
I/===Mrcp===( 1344): sending cmd:276
I/USBService( 1344): command is : [277] 
I/USBService( 1344): res:-131070 res2:2 opt:-2
I/USBService( 1344): receive udp of checking mobileagent state:-2. 
I/USBService( 1344): get mobileagent state 1 and current mobileagent state 1
I/===DaemonService===( 1344): ############## Rotation : 0
I/===DaemonService===( 1344): ScreenOrientationThread:0 screentOrientation:0
I/===APKProtocolTransmit===( 1344): Ready send su-cmd:275
I/===APKProtocolTransmit===( 1344): Start send su-cmd:275 length[14]
I/===APKProtocolTransmit===( 1344): the C socket has not been connected,so dicard the send command:[275]
I/===APKProtocolTransmit===( 1344): End send sb-cmd:275
I/===DaemonService===( 1344): ############## Rotation : 0
I/===DaemonService===( 1344): ScreenOrientationThread:0 screentOrientation:0
I/===APKProtocolTransmit===( 1344): Ready send su-cmd:275
I/===APKProtocolTransmit===( 1344): Start send su-cmd:275 length[14]
I/===APKProtocolTransmit===( 1344): the C socket has not been connected,so dicard the send command:[275]
I/===APKProtocolTransmit===( 1344): End send sb-cmd:275
I/USBService( 1344): send udp to check mobileagent state.
I/===Mrcp===( 1344): sending cmd:276
I/USBService( 1344): command is : [277] 
I/USBService( 1344): res:-131070 res2:2 opt:-2
I/USBService( 1344): receive udp of checking mobileagent state:-2. 
I/USBService( 1344): get mobileagent state 1 and current mobileagent state 1
I/===DaemonService===( 1344): ############## Rotation : 0
I/===DaemonService===( 1344): ScreenOrientationThread:0 screentOrientation:0
I/===APKProtocolTransmit===( 1344): Ready send su-cmd:275
I/===APKProtocolTransmit===( 1344): Start send su-cmd:275 length[14]
I/===APKProtocolTransmit===( 1344): the C socket has not been connected,so dicard the send command:[275]
I/===APKProtocolTransmit===( 1344): End send sb-cmd:275
I/===DaemonService===( 1344): ############## Rotation : 0
I/===DaemonService===( 1344): ScreenOrientationThread:0 screentOrientation:0
I/===APKProtocolTransmit===( 1344): Ready send su-cmd:275
I/===APKProtocolTransmit===( 1344): Start send su-cmd:275 length[14]
I/===APKProtocolTransmit===( 1344): the C socket has not been connected,so dicard the send command:[275]
I/===APKProtocolTransmit===( 1344): End send sb-cmd:275
I/USBService( 1344): send udp to check mobileagent state.
I/===Mrcp===( 1344): sending cmd:276
I/USBService( 1344): command is : [277] 
I/USBService( 1344): res:-131070 res2:2 opt:-2
I/USBService( 1344): receive udp of checking mobileagent state:-2. 
I/USBService( 1344): get mobileagent state 1 and current mobileagent state 1
I/===DaemonService===( 1344): ############## Rotation : 0
I/===DaemonService===( 1344): ScreenOrientationThread:0 screentOrientation:0
I/===APKProtocolTransmit===( 1344): Ready send su-cmd:275
I/===APKProtocolTransmit===( 1344): Start send su-cmd:275 length[14]
I/===APKProtocolTransmit===( 1344): the C socket has not been connected,so dicard the send command:[275]
I/===APKProtocolTransmit===( 1344): End send sb-cmd:275
I/USBService( 1344): send udp to check mobileagent state.
I/===Mrcp===( 1344): sending cmd:276
I/USBService( 1344): command is : [277] 
I/USBService( 1344): res:-131070 res2:2 opt:-2
I/USBService( 1344): receive udp of checking mobileagent state:-2. 
I/USBService( 1344): get mobileagent state 1 and current mobileagent state 1
I/===DaemonService===( 1344): ############## Rotation : 0
I/===DaemonService===( 1344): ScreenOrientationThread:0 screentOrientation:0
I/===APKProtocolTransmit===( 1344): Ready send su-cmd:275
I/===APKProtocolTransmit===( 1344): Start send su-cmd:275 length[14]
I/===APKProtocolTransmit===( 1344): the C socket has not been connected,so dicard the send command:[275]
I/===APKProtocolTransmit===( 1344): End send sb-cmd:275
I/===DaemonService===( 1344): ############## Rotation : 0
I/===DaemonService===( 1344): ScreenOrientationThread:0 screentOrientation:0
I/===APKProtocolTransmit===( 1344): Ready send su-cmd:275
I/===APKProtocolTransmit===( 1344): Start send su-cmd:275 length[14]
I/===APKProtocolTransmit===( 1344): the C socket has not been connected,so dicard the send command:[275]
I/===APKProtocolTransmit===( 1344): End send sb-cmd:275
I/USBService( 1344): send udp to check mobileagent state.
I/===Mrcp===( 1344): sending cmd:276
I/USBService( 1344): command is : [277] 
I/USBService( 1344): res:-131070 res2:2 opt:-2
I/USBService( 1344): receive udp of checking mobileagent state:-2. 
I/USBService( 1344): get mobileagent state 1 and current mobileagent state 1
I/===DaemonService===( 1344): ############## Rotation : 0
I/===DaemonService===( 1344): ScreenOrientationThread:0 screentOrientation:0
I/===APKProtocolTransmit===( 1344): Ready send su-cmd:275
I/===APKProtocolTransmit===( 1344): Start send su-cmd:275 length[14]
I/===APKProtocolTransmit===( 1344): the C socket has not been connected,so dicard the send command:[275]
I/===APKProtocolTransmit===( 1344): End send sb-cmd:275
I/===DaemonService===( 1344): ############## Rotation : 0
I/===DaemonService===( 1344): ScreenOrientationThread:0 screentOrientation:0
I/===APKProtocolTransmit===( 1344): Ready send su-cmd:275
I/===APKProtocolTransmit===( 1344): Start send su-cmd:275 length[14]
I/===APKProtocolTransmit===( 1344): the C socket has not been connected,so dicard the send command:[275]
I/===APKProtocolTransmit===( 1344): End send sb-cmd:275
I/USBService( 1344): send udp to check mobileagent state.
I/===Mrcp===( 1344): sending cmd:276
I/USBService( 1344): command is : [277] 
I/USBService( 1344): res:-131070 res2:2 opt:-2
I/USBService( 1344): receive udp of checking mobileagent state:-2. 
I/USBService( 1344): get mobileagent state 1 and current mobileagent state 1
I/===DaemonService===( 1344): ############## Rotation : 0
I/===DaemonService===( 1344): ScreenOrientationThread:0 screentOrientation:0
I/===APKProtocolTransmit===( 1344): Ready send su-cmd:275
I/===APKProtocolTransmit===( 1344): Start send su-cmd:275 length[14]
I/===APKProtocolTransmit===( 1344): the C socket has not been connected,so dicard the send command:[275]
I/===APKProtocolTransmit===( 1344): End send sb-cmd:275
I/dhcpcd  (22857): eth0: renewing lease of 192.168.1.122
I/dhcpcd  (22857): eth0: acknowledged 192.168.1.122 from 192.168.1.1
I/dhcpcd  (22857): eth0: leased 192.168.1.122 for 1800 seconds
I/USBService( 1344): send udp to check mobileagent state.
I/===Mrcp===( 1344): sending cmd:276
I/USBService( 1344): command is : [277] 
I/USBService( 1344): res:-131070 res2:2 opt:-2
I/USBService( 1344): receive udp of checking mobileagent state:-2. 
I/USBService( 1344): get mobileagent state 1 and current mobileagent state 1
I/===DaemonService===( 1344): ############## Rotation : 0
I/===DaemonService===( 1344): ScreenOrientationThread:0 screentOrientation:0
I/===APKProtocolTransmit===( 1344): Ready send su-cmd:275
I/===APKProtocolTransmit===( 1344): Start send su-cmd:275 length[14]
I/===APKProtocolTransmit===( 1344): the C socket has not been connected,so dicard the send command:[275]
I/===APKProtocolTransmit===( 1344): End send sb-cmd:275
I/===DaemonService===( 1344): ############## Rotation : 0
I/===DaemonService===( 1344): ScreenOrientationThread:0 screentOrientation:0
I/===APKProtocolTransmit===( 1344): Ready send su-cmd:275
I/===APKProtocolTransmit===( 1344): Start send su-cmd:275 length[14]
I/===APKProtocolTransmit===( 1344): the C socket has not been connected,so dicard the send command:[275]
I/===APKProtocolTransmit===( 1344): End send sb-cmd:275
I/USBService( 1344): send udp to check mobileagent state.
I/===Mrcp===( 1344): sending cmd:276
I/USBService( 1344): command is : [277] 
I/USBService( 1344): res:-131070 res2:2 opt:-2
I/USBService( 1344): receive udp of checking mobileagent state:-2. 
I/USBService( 1344): get mobileagent state 1 and current mobileagent state 1
I/===DaemonService===( 1344): ############## Rotation : 0
I/===DaemonService===( 1344): ScreenOrientationThread:0 screentOrientation:0
I/===APKProtocolTransmit===( 1344): Ready send su-cmd:275
I/===APKProtocolTransmit===( 1344): Start send su-cmd:275 length[14]
I/===APKProtocolTransmit===( 1344): the C socket has not been connected,so dicard the send command:[275]
I/===APKProtocolTransmit===( 1344): End send sb-cmd:275
I/===DaemonService===( 1344): ############## Rotation : 0
I/===DaemonService===( 1344): ScreenOrientationThread:0 screentOrientation:0
I/===APKProtocolTransmit===( 1344): Ready send su-cmd:275
I/===APKProtocolTransmit===( 1344): Start send su-cmd:275 length[14]
I/===APKProtocolTransmit===( 1344): the C socket has not been connected,so dicard the send command:[275]
I/===APKProtocolTransmit===( 1344): End send sb-cmd:275
I/USBService( 1344): send udp to check mobileagent state.
I/===Mrcp===( 1344): sending cmd:276
I/USBService( 1344): command is : [277] 
I/USBService( 1344): res:-131070 res2:2 opt:-2
I/USBService( 1344): receive udp of checking mobileagent state:-2. 
I/USBService( 1344): get mobileagent state 1 and current mobileagent state 1
I/===DaemonService===( 1344): ############## Rotation : 0
I/===DaemonService===( 1344): ScreenOrientationThread:0 screentOrientation:0
I/===APKProtocolTransmit===( 1344): Ready send su-cmd:275
I/===APKProtocolTransmit===( 1344): Start send su-cmd:275 length[14]
I/===APKProtocolTransmit===( 1344): the C socket has not been connected,so dicard the send command:[275]
I/===APKProtocolTransmit===( 1344): End send sb-cmd:275
I/USBService( 1344): send udp to check mobileagent state.
I/===Mrcp===( 1344): sending cmd:276
I/USBService( 1344): command is : [277] 
I/USBService( 1344): res:-131070 res2:2 opt:-2
I/USBService( 1344): receive udp of checking mobileagent state:-2. 
I/USBService( 1344): get mobileagent state 1 and current mobileagent state 1
I/===DaemonService===( 1344): ############## Rotation : 0
I/===DaemonService===( 1344): ScreenOrientationThread:0 screentOrientation:0
I/===APKProtocolTransmit===( 1344): Ready send su-cmd:275
I/===APKProtocolTransmit===( 1344): Start send su-cmd:275 length[14]
I/===APKProtocolTransmit===( 1344): the C socket has not been connected,so dicard the send command:[275]
I/===APKProtocolTransmit===( 1344): End send sb-cmd:275
I/===DaemonService===( 1344): ############## Rotation : 0
I/===DaemonService===( 1344): ScreenOrientationThread:0 screentOrientation:0
I/===APKProtocolTransmit===( 1344): Ready send su-cmd:275
I/===APKProtocolTransmit===( 1344): Start send su-cmd:275 length[14]
I/===APKProtocolTransmit===( 1344): the C socket has not been connected,so dicard the send command:[275]
I/===APKProtocolTransmit===( 1344): End send sb-cmd:275
I/USBService( 1344): send udp to check mobileagent state.
I/===Mrcp===( 1344): sending cmd:276
I/USBService( 1344): command is : [277] 
I/USBService( 1344): res:-131070 res2:2 opt:-2
I/USBService( 1344): receive udp of checking mobileagent state:-2. 
I/USBService( 1344): get mobileagent state 1 and current mobileagent state 1
I/===DaemonService===( 1344): ############## Rotation : 0
I/===DaemonService===( 1344): ScreenOrientationThread:0 screentOrientation:0
I/===APKProtocolTransmit===( 1344): Ready send su-cmd:275
I/===APKProtocolTransmit===( 1344): Start send su-cmd:275 length[14]
I/===APKProtocolTransmit===( 1344): the C socket has not been connected,so dicard the send command:[275]
I/===APKProtocolTransmit===( 1344): End send sb-cmd:275
I/USBService( 1344): send udp to check mobileagent state.
I/===Mrcp===( 1344): sending cmd:276
I/USBService( 1344): command is : [277] 
I/USBService( 1344): res:-131070 res2:2 opt:-2
I/USBService( 1344): receive udp of checking mobileagent state:-2. 
I/USBService( 1344): get mobileagent state 1 and current mobileagent state 1
I/===DaemonService===( 1344): ############## Rotation : 0
I/===DaemonService===( 1344): ScreenOrientationThread:0 screentOrientation:0
I/===APKProtocolTransmit===( 1344): Ready send su-cmd:275
I/===APKProtocolTransmit===( 1344): Start send su-cmd:275 length[14]
I/===APKProtocolTransmit===( 1344): the C socket has not been connected,so dicard the send command:[275]
I/===APKProtocolTransmit===( 1344): End send sb-cmd:275
I/===DaemonService===( 1344): ############## Rotation : 0
I/===DaemonService===( 1344): ScreenOrientationThread:0 screentOrientation:0
I/===APKProtocolTransmit===( 1344): Ready send su-cmd:275
I/===APKProtocolTransmit===( 1344): Start send su-cmd:275 length[14]
I/===APKProtocolTransmit===( 1344): the C socket has not been connected,so dicard the send command:[275]
I/===APKProtocolTransmit===( 1344): End send sb-cmd:275
I/USBService( 1344): send udp to check mobileagent state.
I/===Mrcp===( 1344): sending cmd:276
I/USBService( 1344): command is : [277] 
I/USBService( 1344): res:-131070 res2:2 opt:-2
I/USBService( 1344): receive udp of checking mobileagent state:-2. 
I/USBService( 1344): get mobileagent state 1 and current mobileagent state 1
I/===DaemonService===( 1344): ############## Rotation : 0
I/===DaemonService===( 1344): ScreenOrientationThread:0 screentOrientation:0
I/===APKProtocolTransmit===( 1344): Ready send su-cmd:275
I/===APKProtocolTransmit===( 1344): Start send su-cmd:275 length[14]
I/===APKProtocolTransmit===( 1344): the C socket has not been connected,so dicard the send command:[275]
I/===APKProtocolTransmit===( 1344): End send sb-cmd:275
I/===DaemonService===( 1344): ############## Rotation : 0
I/===DaemonService===( 1344): ScreenOrientationThread:0 screentOrientation:0
I/===APKProtocolTransmit===( 1344): Ready send su-cmd:275
I/===APKProtocolTransmit===( 1344): Start send su-cmd:275 length[14]
I/===APKProtocolTransmit===( 1344): the C socket has not been connected,so dicard the send command:[275]
I/===APKProtocolTransmit===( 1344): End send sb-cmd:275
I/InputDispatcher(  473): Application is not responding: AppWindowToken{3f7354fb token=Token{275d968a ActivityRecord{34eb8f5 u0 com.example.facedoor/.FaceIndexActivity t717}}}.  It has been 5002.1ms since event, 5000.3ms since wait started.  Reason: Waiting because no window has focus but there is a focused application that may eventually add a window when it finishes starting up.
I/WindowManagerService(  473): Input event dispatching timed out sending to application AppWindowToken{3f7354fb token=Token{275d968a ActivityRecord{34eb8f5 u0 com.example.facedoor/.FaceIndexActivity t717}}}.  Reason: Waiting because no window has focus but there is a focused application that may eventually add a window when it finishes starting up.
W/InputDispatcher(  473): Asynchronous input event injection timed out.
W/AudioTrack(  473): AUDIO_OUTPUT_FLAG_FAST denied by client
I/Process (  473): Sending signal. PID: 27580 SIG: 3
I/USBService( 1344): send udp to check mobileagent state.
I/===Mrcp===( 1344): sending cmd:276
I/USBService( 1344): command is : [277] 
I/USBService( 1344): res:-131070 res2:2 opt:-2
I/USBService( 1344): receive udp of checking mobileagent state:-2. 
I/USBService( 1344): get mobileagent state 1 and current mobileagent state 1
I/Process (  473): Sending signal. PID: 473 SIG: 3
I/art     (  473): Thread[5,tid=482,WaitingInMainSignalCatcherLoop,Thread*=0xb8832908,peer=0x12c020a0,"Signal Catcher"]: reacting to signal 3
E/SensorsHal(  473): poll() failed (Interrupted system call)
I/Process (  473): Sending signal. PID: 1324 SIG: 3
I/art     ( 1324): Thread[5,tid=1331,WaitingInMainSignalCatcherLoop,Thread*=0xb884d8b8,peer=0x12c000a0,"Signal Catcher"]: reacting to signal 3
I/art     (  473): Wrote stack traces to '/data/anr/traces.txt'
I/Process (  473): Sending signal. PID: 887 SIG: 3
I/art     (  887): Thread[5,tid=895,WaitingInMainSignalCatcherLoop,Thread*=0xb884d670,peer=0x12c000a0,"Signal Catcher"]: reacting to signal 3
I/art     ( 1324): Wrote stack traces to '/data/anr/traces.txt'
I/Process (  473): Sending signal. PID: 622 SIG: 3
I/art     (  622): Thread[5,tid=633,WaitingInMainSignalCatcherLoop,Thread*=0xb884d670,peer=0x12c000a0,"Signal Catcher"]: reacting to signal 3
I/art     (  887): Wrote stack traces to '/data/anr/traces.txt'
I/Process (  473): Sending signal. PID: 733 SIG: 3
I/art     (  733): Thread[5,tid=742,WaitingInMainSignalCatcherLoop,Thread*=0xb884d670,peer=0x12c000a0,"Signal Catcher"]: reacting to signal 3
I/art     (  733): Wrote stack traces to '/data/anr/traces.txt'
I/Process (  473): Sending signal. PID: 585 SIG: 3
I/art     (  585): Thread[5,tid=593,WaitingInMainSignalCatcherLoop,Thread*=0xb884d670,peer=0x12c000a0,"Signal Catcher"]: reacting to signal 3
I/art     (  622): Wrote stack traces to '/data/anr/traces.txt'
I/art     (  585): Wrote stack traces to '/data/anr/traces.txt'
I/===DaemonService===( 1344): ############## Rotation : 0
I/===DaemonService===( 1344): ScreenOrientationThread:0 screentOrientation:0
I/===APKProtocolTransmit===( 1344): Ready send su-cmd:275
I/===APKProtocolTransmit===( 1344): Start send su-cmd:275 length[14]
I/===APKProtocolTransmit===( 1344): the C socket has not been connected,so dicard the send command:[275]
I/===APKProtocolTransmit===( 1344): End send sb-cmd:275
I/art     (  473): Explicit concurrent mark sweep GC freed 6715(282KB) AllocSpace objects, 0(0B) LOS objects, 33% free, 10MB/15MB, paused 806us total 39.416ms
E/ActivityManagerService(  473): ANR in com.example.facedoor (com.example.facedoor/.FaceIndexActivity)
E/ActivityManagerService(  473): PID: 27580
E/ActivityManagerService(  473): Reason: Input dispatching timed out (Waiting because no window has focus but there is a focused application that may eventually add a window when it finishes starting up.)
E/ActivityManagerService(  473): Load: 1.55 / 1.53 / 1.48
E/ActivityManagerService(  473): CPU usage from 5132ms to 0ms ago:
E/ActivityManagerService(  473):   65% 27580/com.example.facedoor: 58% user + 7.6% kernel / faults: 2775 minor
E/ActivityManagerService(  473):   13% 164/mediaserver: 12% user + 1.1% kernel / faults: 19 minor
E/ActivityManagerService(  473):   2.1% 439/adbd: 0% user + 2.1% kernel
E/ActivityManagerService(  473):   1.3% 473/system_server: 0.9% user + 0.3% kernel / faults: 143 minor
E/ActivityManagerService(  473):   0.1% 158/surfaceflinger: 0% user + 0% kernel / faults: 115 minor
E/ActivityManagerService(  473):   0.1% 622/com.android.systemui: 0% user + 0% kernel / faults: 44 minor
E/ActivityManagerService(  473):   0.9% 65/cfinteractive: 0% user + 0.9% kernel
E/ActivityManagerService(  473):   0.9% 1793/perfd: 0.7% user + 0.1% kernel
E/ActivityManagerService(  473):   0.7% 152/logd: 0.5% user + 0.1% kernel
E/ActivityManagerService(  473):   0.3% 61/fb-vsync: 0% user + 0.3% kernel
E/ActivityManagerService(  473):   0% 24/ksoftirqd/3: 0% user + 0% kernel
E/ActivityManagerService(  473):   0.1% 63/fb-vsync: 0% user + 0.1% kernel
E/ActivityManagerService(  473):   0% 27545/logcat: 0% user + 0% kernel
E/ActivityManagerService(  473): 21% TOTAL: 18% user + 3.2% kernel + 0% softirq
E/ActivityManagerService(  473): CPU usage from 3536ms to 4049ms later:
E/ActivityManagerService(  473):   72% 27580/com.example.facedoor: 63% user + 8.6% kernel / faults: 352 minor
E/ActivityManagerService(  473):     29% 27688/109-local_uca-n: 27% user + 1.7% kernel
E/ActivityManagerService(  473):     18% 27689/109-local_uca-n: 18% user + 0% kernel
E/ActivityManagerService(  473):     6.8% 27635/local_recorder: 6.8% user + 0% kernel
E/ActivityManagerService(  473):     5.1% 27690/109-local_uca-n: 3.4% user + 1.7% kernel
E/ActivityManagerService(  473):     3.4% 27640/bus-server.lua: 0% user + 3.4% kernel
E/ActivityManagerService(  473):     3.4% 27691/109-local_uca-n: 1.7% user + 1.7% kernel
E/ActivityManagerService(  473):     1.7% 27680/109-local_uca-n: 0% user + 1.7% kernel
E/ActivityManagerService(  473):   11% 164/mediaserver: 7.6% user + 3.8% kernel
E/ActivityManagerService(  473):     11% 27693/AudioIn_1F3: 7.6% user + 3.8% kernel
E/ActivityManagerService(  473):     1.9% 513/AudioOut_2: 0% user + 1.9% kernel
E/ActivityManagerService(  473):   1.4% 61/fb-vsync: 0% user + 1.4% kernel
E/ActivityManagerService(  473):   1.9% 473/system_server: 0% user + 1.9% kernel
E/ActivityManagerService(  473):     3.8% 496/ActivityManager: 1.9% user + 1.9% kernel
E/ActivityManagerService(  473): 21% TOTAL: 18% user + 3.1% kernel
D/WindowManagerService(  473): Window{2d3d292 u0 Application Not Responding: com.example.facedoor}  ==========setInputFocusLw ==========  =======
W/ViewRootImpl(  473): Dropping event due to no window focus: KeyEvent { action=ACTION_DOWN, keyCode=KEYCODE_BACK, scanCode=0, metaState=0, flags=0xc8, repeatCount=1, eventTime=4491918, downTime=4491417, deviceId=-1, source=0x101 }
W/ViewRootImpl(  473): Cancelling event due to no window focus: KeyEvent { action=ACTION_UP, keyCode=KEYCODE_BACK, scanCode=0, metaState=0, flags=0x68, repeatCount=0, eventTime=4496449, downTime=4491417, deviceId=-1, source=0x101 }
W/ViewRootImpl(  473): Cancelling event due to no window focus: KeyEvent { action=ACTION_UP, keyCode=KEYCODE_BACK, scanCode=0, metaState=0, flags=0x68, repeatCount=0, eventTime=4496449, downTime=4491417, deviceId=-1, source=0x101 }
W/ViewRootImpl(  473): Cancelling event due to no window focus: KeyEvent { action=ACTION_UP, keyCode=KEYCODE_BACK, scanCode=0, metaState=0, flags=0x68, repeatCount=0, eventTime=4496449, downTime=4491417, deviceId=-1, source=0x101 }
W/ViewRootImpl(  473): Cancelling event due to no window focus: KeyEvent { action=ACTION_UP, keyCode=KEYCODE_BACK, scanCode=0, metaState=0, flags=0x68, repeatCount=0, eventTime=4496449, downTime=4491417, deviceId=-1, source=0x101 }
W/ViewRootImpl(  473): Cancelling event due to no window focus: KeyEvent { action=ACTION_UP, keyCode=KEYCODE_BACK, scanCode=0, metaState=0, flags=0x68, repeatCount=0, eventTime=4496449, downTime=4491417, deviceId=-1, source=0x101 }
W/ViewRootImpl(  473): Cancelling event due to no window focus: KeyEvent { action=ACTION_UP, keyCode=KEYCODE_BACK, scanCode=0, metaState=0, flags=0x68, repeatCount=0, eventTime=4496449, downTime=4491417, deviceId=-1, source=0x101 }
I/OpenGLRenderer(  473): Initialized EGL, version 1.4
I/USBService( 1344): send udp to check mobileagent state.
I/===Mrcp===( 1344): sending cmd:276
I/USBService( 1344): command is : [277] 
I/USBService( 1344): res:-131070 res2:2 opt:-2
I/USBService( 1344): receive udp of checking mobileagent state:-2. 
I/USBService( 1344): get mobileagent state 1 and current mobileagent state 1
I/===DaemonService===( 1344): ############## Rotation : 0
I/===DaemonService===( 1344): ScreenOrientationThread:0 screentOrientation:0
I/===APKProtocolTransmit===( 1344): Ready send su-cmd:275
I/===APKProtocolTransmit===( 1344): Start send su-cmd:275 length[14]
I/===APKProtocolTransmit===( 1344): the C socket has not been connected,so dicard the send command:[275]
I/===APKProtocolTransmit===( 1344): End send sb-cmd:275
I/===DaemonService===( 1344): ############## Rotation : 0
I/===DaemonService===( 1344): ScreenOrientationThread:0 screentOrientation:0
I/===APKProtocolTransmit===( 1344): Ready send su-cmd:275
I/===APKProtocolTransmit===( 1344): Start send su-cmd:275 length[14]
I/===APKProtocolTransmit===( 1344): the C socket has not been connected,so dicard the send command:[275]
I/===APKProtocolTransmit===( 1344): End send sb-cmd:275
I/USBService( 1344): send udp to check mobileagent state.
I/===Mrcp===( 1344): sending cmd:276
I/USBService( 1344): command is : [277] 
I/USBService( 1344): res:-131070 res2:2 opt:-2
I/USBService( 1344): receive udp of checking mobileagent state:-2. 
I/USBService( 1344): get mobileagent state 1 and current mobileagent state 1
I/===DaemonService===( 1344): ############## Rotation : 0
I/===DaemonService===( 1344): ScreenOrientationThread:0 screentOrientation:0
I/===APKProtocolTransmit===( 1344): Ready send su-cmd:275
I/===APKProtocolTransmit===( 1344): Start send su-cmd:275 length[14]
I/===APKProtocolTransmit===( 1344): the C socket has not been connected,so dicard the send command:[275]
I/===APKProtocolTransmit===( 1344): End send sb-cmd:275
I/===DaemonService===( 1344): ############## Rotation : 0
I/===DaemonService===( 1344): ScreenOrientationThread:0 screentOrientation:0
I/===APKProtocolTransmit===( 1344): Ready send su-cmd:275
I/===APKProtocolTransmit===( 1344): Start send su-cmd:275 length[14]
I/===APKProtocolTransmit===( 1344): the C socket has not been connected,so dicard the send command:[275]
I/===APKProtocolTransmit===( 1344): End send sb-cmd:275
I/USBService( 1344): send udp to check mobileagent state.
I/===Mrcp===( 1344): sending cmd:276
I/USBService( 1344): command is : [277] 
I/USBService( 1344): res:-131070 res2:2 opt:-2
I/USBService( 1344): receive udp of checking mobileagent state:-2. 
I/USBService( 1344): get mobileagent state 1 and current mobileagent state 1
I/===DaemonService===( 1344): ############## Rotation : 0
I/===DaemonService===( 1344): ScreenOrientationThread:0 screentOrientation:0
I/===APKProtocolTransmit===( 1344): Ready send su-cmd:275
I/===APKProtocolTransmit===( 1344): Start send su-cmd:275 length[14]
I/===APKProtocolTransmit===( 1344): the C socket has not been connected,so dicard the send command:[275]
I/===APKProtocolTransmit===( 1344): End send sb-cmd:275
I/USBService( 1344): send udp to check mobileagent state.
I/===Mrcp===( 1344): sending cmd:276
I/USBService( 1344): command is : [277] 
I/USBService( 1344): res:-131070 res2:2 opt:-2
I/USBService( 1344): receive udp of checking mobileagent state:-2. 
I/USBService( 1344): get mobileagent state 1 and current mobileagent state 1
I/===DaemonService===( 1344): ############## Rotation : 0
I/===DaemonService===( 1344): ScreenOrientationThread:0 screentOrientation:0
I/===APKProtocolTransmit===( 1344): Ready send su-cmd:275
I/===APKProtocolTransmit===( 1344): Start send su-cmd:275 length[14]
I/===APKProtocolTransmit===( 1344): the C socket has not been connected,so dicard the send command:[275]
I/===APKProtocolTransmit===( 1344): End send sb-cmd:275
I/===DaemonService===( 1344): ############## Rotation : 0
I/===DaemonService===( 1344): ScreenOrientationThread:0 screentOrientation:0
I/===APKProtocolTransmit===( 1344): Ready send su-cmd:275
I/===APKProtocolTransmit===( 1344): Start send su-cmd:275 length[14]
I/===APKProtocolTransmit===( 1344): the C socket has not been connected,so dicard the send command:[275]
I/===APKProtocolTransmit===( 1344): End send sb-cmd:275
I/USBService( 1344): send udp to check mobileagent state.
I/===Mrcp===( 1344): sending cmd:276
I/USBService( 1344): command is : [277] 
I/USBService( 1344): res:-131070 res2:2 opt:-2
I/USBService( 1344): receive udp of checking mobileagent state:-2. 
I/USBService( 1344): get mobileagent state 1 and current mobileagent state 1
I/===DaemonService===( 1344): ############## Rotation : 0
I/===DaemonService===( 1344): ScreenOrientationThread:0 screentOrientation:0
I/===APKProtocolTransmit===( 1344): Ready send su-cmd:275
I/===APKProtocolTransmit===( 1344): Start send su-cmd:275 length[14]
I/===APKProtocolTransmit===( 1344): the C socket has not been connected,so dicard the send command:[275]
I/===APKProtocolTransmit===( 1344): End send sb-cmd:275
I/===DaemonService===( 1344): ############## Rotation : 0
I/===DaemonService===( 1344): ScreenOrientationThread:0 screentOrientation:0
I/===APKProtocolTransmit===( 1344): Ready send su-cmd:275
I/===APKProtocolTransmit===( 1344): Start send su-cmd:275 length[14]
I/===APKProtocolTransmit===( 1344): the C socket has not been connected,so dicard the send command:[275]
I/===APKProtocolTransmit===( 1344): End send sb-cmd:275
I/USBService( 1344): send udp to check mobileagent state.
I/===Mrcp===( 1344): sending cmd:276
I/USBService( 1344): command is : [277] 
I/USBService( 1344): res:-131070 res2:2 opt:-2
I/USBService( 1344): receive udp of checking mobileagent state:-2. 
I/USBService( 1344): get mobileagent state 1 and current mobileagent state 1
I/===DaemonService===( 1344): ############## Rotation : 0
I/===DaemonService===( 1344): ScreenOrientationThread:0 screentOrientation:0
I/===APKProtocolTransmit===( 1344): Ready send su-cmd:275
I/===APKProtocolTransmit===( 1344): Start send su-cmd:275 length[14]
I/===APKProtocolTransmit===( 1344): the C socket has not been connected,so dicard the send command:[275]
I/===APKProtocolTransmit===( 1344): End send sb-cmd:275
I/USBService( 1344): send udp to check mobileagent state.
I/===Mrcp===( 1344): sending cmd:276
I/USBService( 1344): command is : [277] 
I/USBService( 1344): res:-131070 res2:2 opt:-2
I/USBService( 1344): receive udp of checking mobileagent state:-2. 
I/USBService( 1344): get mobileagent state 1 and current mobileagent state 1
I/===DaemonService===( 1344): ############## Rotation : 0
I/===DaemonService===( 1344): ScreenOrientationThread:0 screentOrientation:0
I/===APKProtocolTransmit===( 1344): Ready send su-cmd:275
I/===APKProtocolTransmit===( 1344): Start send su-cmd:275 length[14]
I/===APKProtocolTransmit===( 1344): the C socket has not been connected,so dicard the send command:[275]
I/===APKProtocolTransmit===( 1344): End send sb-cmd:275
I/===DaemonService===( 1344): ############## Rotation : 0
I/===DaemonService===( 1344): ScreenOrientationThread:0 screentOrientation:0
I/===APKProtocolTransmit===( 1344): Ready send su-cmd:275
I/===APKProtocolTransmit===( 1344): Start send su-cmd:275 length[14]
I/===APKProtocolTransmit===( 1344): the C socket has not been connected,so dicard the send command:[275]
I/===APKProtocolTransmit===( 1344): End send sb-cmd:275
I/USBService( 1344): send udp to check mobileagent state.
I/===Mrcp===( 1344): sending cmd:276
I/USBService( 1344): command is : [277] 
I/USBService( 1344): res:-131070 res2:2 opt:-2
I/USBService( 1344): receive udp of checking mobileagent state:-2. 
I/USBService( 1344): get mobileagent state 1 and current mobileagent state 1
W/ActivityManagerService(  473):   Force finishing activity 1 com.example.facedoor/.FaceIndexActivity
D/ActivityManagerService(  473): moveHomeStackTaskToTop: moving TaskRecord{384b769a #650 A=com.android.launcher3 U=0 sz=1}
W/AudioTrack(  473): AUDIO_OUTPUT_FLAG_FAST denied by client
I/ActivityManagerService(  473): Killing 27580:com.example.facedoor/u0a59 (adj 0): user request after error
I/WindowState(  473): WIN DEATH: Window{20e0401 u0 com.example.facedoor/com.example.facedoor.LauncherActivity2}
D/alsa_route(  164): route_set_controls() set route 25
W/ActivityManagerService(  473): Scheduling restart of crashed service com.example.facedoor/.DDSService in 1000ms
