--------- beginning of system
E/DrmService(    0): ----------------running drmservice---------------
E/DrmService(    0): sndata:
E/DrmService(    0): 0 0 0 0
E/DrmService(    0): 0 0 0 0
E/DrmService(    0): get sn rknand_sys_storage_test_sn  len =0 
E/DrmService(    0): running drmservice sn_flag = 0 
E/DrmService(    0):  
E/DrmService(    0): ----------serianno =0P8ELEUSQX
--------- beginning of crash
F/libc    (    0): Fatal signal 11 (SIGSEGV), code 1, fault addr 0xffffffff in tid 170 (akmd)
I/Vold    (  156): Vold 2.1 (the revenge) firing up
I/Vold    (  156): Error(call No.1) opening /sys/sd-sdio/rescan in the file of Volume.cpp
W/DirectVolume(  156): Deprecated implied prefix pattern detected, please use '/devices/ff0f0000.rksdmmc/mmc_host/mmc*' instead
I/DEBUG   (  160): *** *** *** *** *** *** *** *** *** *** *** *** *** *** *** ***
I/DEBUG   (  160): Build fingerprint: 'Android/rk3288/rk3288:5.1.1/LMY49F/eric12051508:userdebug/test-keys'
I/DEBUG   (  160): Revision: '0'
I/DEBUG   (  160): ABI: 'arm'
I/DEBUG   (  160): pid: 170, tid: 170, name: akmd  >>> /system/bin/akmd <<<
I/DEBUG   (  160): signal 11 (SIGSEGV), code 1 (SEGV_MAPERR), fault addr 0xffffffff
I/DEBUG   (  160):     r0 ffffffff  r1 da0ca46f  r2 da0ca46f  r3 da0ca46f
I/DEBUG   (  160):     r4 ffffffff  r5 b6fddf8c  r6 be8e2924  r7 00000001
I/DEBUG   (  160):     r8 b6fdc8ad  r9 00000001  sl b6fb6dd4  fp 00000001
I/DEBUG   (  160):     ip b6fddff4  sp be8e24c0  lr b6fd930d  pc b6f71010  cpsr a0070030
I/DEBUG   (  160): 
I/DEBUG   (  160): backtrace:
I/DEBUG   (  160):     #00 pc 00016010  /system/lib/libc.so (timer_delete+3)
I/DEBUG   (  160):     #01 pc 00002309  /system/bin/akmd
I/DEBUG   (  160):     #02 pc 00000a1f  /system/bin/akmd
I/DEBUG   (  160):     #03 pc 0001239d  /system/lib/libc.so (__libc_init+44)
I/DEBUG   (  160):     #04 pc 00000b08  /system/bin/akmd
E/DrmService(  169): auto generate serialno,serialno = 0P8ELEUSQX
E/DrmService(  169): drm keybox disable!!
E/DrmService(  169): detect keybox disabled
I/InstallerConnection(  477): disconnecting...
I/SystemServer(  477): Entered the Android system server!
I/SystemServiceManager(  477): Starting com.android.server.pm.Installer
I/Installer(  477): Waiting for installd to be ready.
I/InstallerConnection(  477): connecting...
I/SystemServiceManager(  477): Starting com.android.server.am.ActivityManagerService$Lifecycle
I/ActivityManagerService(  477): Memory class: 192
I/ServiceThread(  477): Enabled StrictMode logging for ActivityManagerService looper.
I/IntentFirewall(  477): Read new rules (A:0 B:0 S:0)
I/ServiceThread(  477): Enabled StrictMode logging for android.ui looper.
I/ServiceThread(  477): Enabled StrictMode logging for android.display looper.
D/AppOps  (  477): AppOpsService published
I/SystemServiceManager(  477): Starting com.android.server.display.DisplayManagerService
I/SystemServiceManager(  477): Starting com.android.server.power.PowerManagerService
I/ServiceThread(  477): Enabled StrictMode logging for PowerManagerService looper.
I/SystemServiceManager(  477): Starting phase 100
I/DisplayManagerService(  477): Display device added: DisplayDeviceInfo{"内置屏幕": uniqueId="local:0", 768 x 1024, 94.118004 fps, supportedRefreshRates [94.118004], density 160, 159.89508 x 159.5681 dpi, appVsyncOff 0, presDeadline 11624960, touch INTERNAL, rotation 0, type BUILT_IN, state UNKNOWN, FLAG_DEFAULT_DISPLAY, FLAG_ROTATES_WITH_CONTENT, FLAG_SECURE, FLAG_SUPPORTS_PROTECTED_BUFFERS}
I/SystemServer(  477): Package Manager
W/SystemConfig(  477): No directory /system/etc/sysconfig, skipping
D/SELinuxMMAC(  477): Using policy file /system/etc/security/mac_permissions.xml
W/PackageManager(  477): Failed to parse /system/framework/arm: Missing base APK in /system/framework/arm
W/PackageParser(  477): No actions in intent filter at /system/priv-app/Contacts/Contacts.apk Binary XML file line #356
W/PackageParser(  477): No actions in intent filter at /system/priv-app/StressTest/StressTest.apk Binary XML file line #42
W/PackageParser(  477): Unknown element under <intent-filter>: android at /system/priv-app/Telecom/Telecom.apk Binary XML file line #232
W/PackageParser(  477): No actions in intent filter at /system/app/Bluetooth/Bluetooth.apk Binary XML file line #209
W/PackageParser(  477): Unknown element under <application>: permission at /system/app/Gallery2/Gallery2.apk Binary XML file line #243
W/PackageParser(  477): Unknown element under <application>: permission at /system/app/Gallery2/Gallery2.apk Binary XML file line #246
W/PackageParser(  477): Unknown element under <manifest>: meta-data at /data/app/com.example.facedoor-1/base.apk Binary XML file line #55
W/PackageManager(  477): Package com.android.gallery3d desires unavailable shared library com.google.android.media.effects; ignoring!
W/PackageManager(  477): Package com.android.gallery3d desires unavailable shared library com.google.android.media.effects; ignoring!
I/PackageManager(  477): Adjusting ABI for : com.android.location.fused to armeabi-v7a
I/PackageManager(  477): Adjusting ABI for : com.android.settings to armeabi-v7a
I/PackageManager(  477): Adjusting ABI for : com.android.winstart to armeabi-v7a
I/PackageManager(  477): Adjusting ABI for : com.android.server.telecom to armeabi-v7a
I/PackageManager(  477): Adjusting ABI for : com.android.keychain to armeabi-v7a
I/PackageManager(  477): Adjusting ABI for : com.android.inputdevices to armeabi-v7a
I/PackageManager(  477): Adjusting ABI for : com.android.providers.settings to armeabi-v7a
I/PackageManager(  477): Adjusting ABI for : com.cghs.stresstest to armeabi-v7a
I/PackageManager(  477): Adjusting ABI for : com.android.rk to armeabi-v7a
I/PackageManager(  477): Time to scan packages: 5.132 seconds
W/PackageManager(  477): Not granting permission android.permission.MOUNT_UNMOUNT_FILESYSTEMS to package com.example.facedoor (protectionLevel=18 flags=0x48be46)
W/PackageManager(  477): Not granting permission android.permission.BLUETOOTH_STACK to package com.example.facedoor (protectionLevel=2 flags=0x48be46)
W/PackageManager(  477): Unknown permission com.google.android.googleapps.permission.GOOGLE_AUTH in package com.android.providers.calendar
W/PackageManager(  477): Unknown permission com.google.android.googleapps.permission.GOOGLE_AUTH.cl in package com.android.providers.calendar
W/PackageManager(  477): Unknown permission com.android.launcher.permission.READ_SETTINGS in package com.android.winstart
W/PackageManager(  477): Not granting permission android.permission.ACCESS_DOWNLOAD_MANAGER to package com.android.browser (protectionLevel=18 flags=0x9be45)
W/PackageManager(  477): Not granting permission android.permission.SEND_DOWNLOAD_COMPLETED_INTENTS to package com.android.browser (protectionLevel=2 flags=0x9be45)
W/PackageManager(  477): Not granting permission android.permission.BATTERY_STATS to package com.sigma_rt.totalcontrol (protectionLevel=50 flags=0xbe44)
W/PackageManager(  477): Not granting permission android.permission.DEVICE_POWER to package com.sigma_rt.totalcontrol (protectionLevel=2 flags=0xbe44)
W/PackageManager(  477): Not granting permission android.permission.WRITE_SECURE_SETTINGS to package com.sigma_rt.totalcontrol (protectionLevel=50 flags=0xbe44)
W/PackageManager(  477): Not granting permission android.permission.DELETE_PACKAGES to package com.sigma_rt.totalcontrol (protectionLevel=18 flags=0xbe44)
W/PackageManager(  477): Not granting permission android.permission.READ_LOGS to package com.sigma_rt.totalcontrol (protectionLevel=50 flags=0xbe44)
W/PackageManager(  477): Not granting permission android.permission.MOUNT_UNMOUNT_FILESYSTEMS to package com.sigma_rt.totalcontrol (protectionLevel=18 flags=0xbe44)
W/PackageManager(  477): Unknown permission android.net.conn.CONNECTIVITY_CHANGE in package com.sigma_rt.totalcontrol
W/PackageManager(  477): Not granting permission android.permission.CAPTURE_AUDIO_OUTPUT to package com.sigma_rt.totalcontrol (protectionLevel=18 flags=0xbe44)
W/PackageManager(  477): Not granting permission android.permission.CAPTURE_VIDEO_OUTPUT to package com.sigma_rt.totalcontrol (protectionLevel=18 flags=0xbe44)
W/PackageManager(  477): Not granting permission android.permission.BIND_WALLPAPER to package com.android.camera2 (protectionLevel=18 flags=0x58bc45)
W/PackageManager(  477): Not granting permission android.permission.BIND_APPWIDGET to package com.android.launcher3 (protectionLevel=18 flags=0x583e45)
W/PackageManager(  477): Unknown permission android.permission.READ_SETTINGS in package com.android.launcher3
W/PackageManager(  477): Unknown permission com.android.launcher.permission.READ_SETTINGS in package com.android.launcher3
W/PackageManager(  477): Unknown permission com.android.launcher.permission.WRITE_SETTINGS in package com.android.launcher3
W/PackageManager(  477): Unknown permission com.android.launcher.permission.READ_SETTINGS in package com.android.onetimeinitializer
W/PackageManager(  477): Unknown permission com.android.launcher.permission.WRITE_SETTINGS in package com.android.onetimeinitializer
W/PackageManager(  477): Unknown permission android.permission.READ_MEDIA_STORAGE in package com.android.packageinstaller
W/PackageManager(  477): Not granting permission android.permission.DELETE_PACKAGES to package com.svox.pico (protectionLevel=18 flags=0x8be45)
W/PackageManager(  477): Unknown permission com.google.android.gallery3d.permission.PICASA_STORE in package com.android.dreams.phototable
W/PackageManager(  477): Not granting permission android.permission.WRITE_MEDIA_STORAGE to package com.android.dreams.phototable (protectionLevel=18 flags=0x18be45)
W/PackageManager(  477): Unknown permission android.permission.READ_MEDIA_STORAGE in package com.android.dreams.phototable
W/PackageManager(  477): Unknown permission com.google.android.googleapps.permission.GOOGLE_AUTH in package com.android.settings
W/PackageManager(  477): Unknown permission com.android.launcher.permission.READ_SETTINGS in package com.android.settings
W/PackageManager(  477): Unknown permission com.android.launcher.permission.WRITE_SETTINGS in package com.android.settings
W/PackageManager(  477): Unknown permission com.android.launcher.permission.READ_SETTINGS in package com.android.systemui
W/PackageManager(  477): Unknown permission com.google.android.gallery3d.permission.GALLERY_PROVIDER in package com.android.bluetooth
W/PackageManager(  477): Unknown permission android.permission.MMS_SEND_OUTBOX_MSG in package com.android.bluetooth
W/PackageManager(  477): Unknown permission rockchip.permission.FULL_SCREEN in package android.rk.RockVideoPlayer
W/PackageManager(  477): Unknown permission android.permission.RAISED_THREAD_PRIORITY in package android.rk.RockVideoPlayer
W/PackageManager(  477): Unknown permission android.permission.FULL_SCREEN in package android.rk.RockVideoPlayer
W/PackageManager(  477): Unknown permission archos.permission.FULL_SCREEN in package android.rk.RockVideoPlayer
W/PackageSettings(  477): Skipping PackageSetting{aed3476 com.aispeech.ddsdemo/10052} due to missing metadata
I/SystemServer(  477): User Service
I/SystemServiceManager(  477): Starting com.android.server.lights.LightsService
I/SystemServiceManager(  477): Starting com.android.server.BatteryService
I/SystemServiceManager(  477): Starting com.android.server.usage.UsageStatsService
I/SystemServiceManager(  477): Starting com.android.server.webkit.WebViewUpdateService
I/SystemServer(  477): Reading configuration...
I/SystemServer(  477): Scheduling Policy
I/SystemServiceManager(  477): Starting com.android.server.telecom.TelecomLoaderService
I/SystemServer(  477): Telephony Registry
I/SystemServer(  477): Entropy Mixer
I/EntropyMixer(  477): Writing entropy...
I/SystemServer(  477): Account Manager
I/SystemServer(  477): Start SimStateChange Service
W/ActivityManagerService(  477): Unable to start service Intent { cmp=com.android.contacts/.SimStateChangedService } U=0: not found
I/SystemServer(  477): Content Manager
I/SystemServer(  477): System Content Providers
I/SystemServer(  477): Vibrator Service
I/SystemServer(  477): Consumer IR Service
I/SystemServiceManager(  477): Starting com.android.server.AlarmManagerService
D/AlarmManager(  477):  Failed while trying resolve alarm filter file, not exists
I/SystemServer(  477): Init Watchdog
I/SystemServer(  477): Input Manager
I/InputManager(  477): Initializing input manager, mUseDevInputEventForAudioJack=false
I/SystemServer(  477): Window Manager
I/WindowManagerService(  477): No existing display settings /data/system/display_settings.xml; starting empty
I/InputManager(  477): Starting input manager
I/SystemServer(  477): Bluetooth Manager Service
I/SystemServer(  477): Input Method Service
W/InputMethodManagerService(  477): Couldn't create dir.: /data/system/inputmethod
I/SystemServer(  477): Accessibility Manager
I/ActivityManagerService(  477): Config changes=80009df8 {1.1 multiwindowflag=DISABLE dualscreenflag=DISABLE ?mcc?mnc zh_CN ?layoutDir sw768dp w768dp h1024dp 160dpi xlrg port ?uimode ?night -touch -keyb/v/h dpad/v s.2}
D/ActivityManagerService(  477): ---------clean the all task
D/ActivityManagerService(  477): ---------Move Home To Top & CLEAN THE ALL TASK
I/ActivityManagerService(  477): Config changes=408 {1.1 multiwindowflag=DISABLE dualscreenflag=DISABLE ?mcc?mnc zh_CN ?layoutDir sw768dp w768dp h951dp 160dpi xlrg port ?uimode ?night finger -keyb/v/h dpad/v s.3}
I/SystemServer(  477): Mount Service
D/MountService(  477): got storage path: /storage/sdcard0 description: 内部存储设备 primary: true removable: true emulated: true mtpReserve: 100 allowMassStorage: false maxFileSize: 0
D/MountService(  477): ---getMaxSupportedUsers,we has UMS,ignore emulated storage---
D/MountService(  477): got storage path: /mnt/internal_sd description: NAND FLASH primary: false removable: true emulated: false mtpReserve: 100 allowMassStorage: true maxFileSize: 0
D/MountService(  477): ---getMaxSupportedUsers,we has UMS,force NAND FLASH to primary storage---
D/MountService(  477): addVolumeLocked() StorageVolume:
D/MountService(  477):     mStorageId=0 mPath=/mnt/internal_sd mDescriptionId=17041221 mPrimary=true 
D/MountService(  477):     mRemovable=true mEmulated=false mMtpReserveSpace=100 
D/MountService(  477):     mAllowMassStorage=true mMaxFileSize=0 mOwner=null mUuid=null 
D/MountService(  477):     mUserLabel=null mState=null 
D/MountService(  477): got storage path: /mnt/external_sd description: SD卡 primary: false removable: true emulated: false mtpReserve: 100 allowMassStorage: true maxFileSize: 0
D/MountService(  477): addVolumeLocked() StorageVolume:
D/MountService(  477):     mStorageId=0 mPath=/mnt/external_sd mDescriptionId=17040808 mPrimary=false 
D/MountService(  477):     mRemovable=true mEmulated=false mMtpReserveSpace=100 
D/MountService(  477):     mAllowMassStorage=true mMaxFileSize=0 mOwner=null mUuid=null 
D/MountService(  477):     mUserLabel=null mState=null 
D/MountService(  477): got storage path: /mnt/usb_storage/USB_DISK0 description: USB storage 0 primary: false removable: true emulated: false mtpReserve: 100 allowMassStorage: true maxFileSize: 0
D/MountService(  477): addVolumeLocked() StorageVolume:
D/MountService(  477):     mStorageId=0 mPath=/mnt/usb_storage/USB_DISK0 mDescriptionId=17041125 
D/MountService(  477):     mPrimary=false mRemovable=true mEmulated=false mMtpReserveSpace=100 
D/MountService(  477):     mAllowMassStorage=true mMaxFileSize=0 mOwner=null mUuid=null 
D/MountService(  477):     mUserLabel=null mState=null 
D/MountService(  477): got storage path: /mnt/usb_storage/USB_DISK1 description: USB storage 1 primary: false removable: true emulated: false mtpReserve: 100 allowMassStorage: true maxFileSize: 0
D/MountService(  477): addVolumeLocked() StorageVolume:
D/MountService(  477):     mStorageId=0 mPath=/mnt/usb_storage/USB_DISK1 mDescriptionId=17041126 
D/MountService(  477):     mPrimary=false mRemovable=true mEmulated=false mMtpReserveSpace=100 
D/MountService(  477):     mAllowMassStorage=true mMaxFileSize=0 mOwner=null mUuid=null 
D/MountService(  477):     mUserLabel=null mState=null 
D/MountService(  477): got storage path: /mnt/usb_storage/USB_DISK2 description: USB storage 2 primary: false removable: true emulated: false mtpReserve: 100 allowMassStorage: true maxFileSize: 0
D/MountService(  477): addVolumeLocked() StorageVolume:
D/MountService(  477):     mStorageId=0 mPath=/mnt/usb_storage/USB_DISK2 mDescriptionId=17041127 
D/MountService(  477):     mPrimary=false mRemovable=true mEmulated=false mMtpReserveSpace=100 
D/MountService(  477):     mAllowMassStorage=true mMaxFileSize=0 mOwner=null mUuid=null 
D/MountService(  477):     mUserLabel=null mState=null 
D/MountService(  477): got storage path: /mnt/usb_storage/USB_DISK3 description: USB storage 3 primary: false removable: true emulated: false mtpReserve: 100 allowMassStorage: true maxFileSize: 0
D/MountService(  477): addVolumeLocked() StorageVolume:
D/MountService(  477):     mStorageId=0 mPath=/mnt/usb_storage/USB_DISK3 mDescriptionId=17041128 
D/MountService(  477):     mPrimary=false mRemovable=true mEmulated=false mMtpReserveSpace=100 
D/MountService(  477):     mAllowMassStorage=true mMaxFileSize=0 mOwner=null mUuid=null 
D/MountService(  477):     mUserLabel=null mState=null 
D/MountService(  477): got storage path: /mnt/usb_storage/USB_DISK4 description: USB storage 4 primary: false removable: true emulated: false mtpReserve: 100 allowMassStorage: true maxFileSize: 0
D/MountService(  477): addVolumeLocked() StorageVolume:
D/MountService(  477):     mStorageId=0 mPath=/mnt/usb_storage/USB_DISK4 mDescriptionId=17041129 
D/MountService(  477):     mPrimary=false mRemovable=true mEmulated=false mMtpReserveSpace=100 
D/MountService(  477):     mAllowMassStorage=true mMaxFileSize=0 mOwner=null mUuid=null 
D/MountService(  477):     mUserLabel=null mState=null 
D/MountService(  477): got storage path: /mnt/usb_storage/USB_DISK5 description: USB storage 5 primary: false removable: true emulated: false mtpReserve: 100 allowMassStorage: true maxFileSize: 0
D/MountService(  477): addVolumeLocked() StorageVolume:
D/MountService(  477):     mStorageId=0 mPath=/mnt/usb_storage/USB_DISK5 mDescriptionId=17041130 
D/MountService(  477):     mPrimary=false mRemovable=true mEmulated=false mMtpReserveSpace=100 
D/MountService(  477):     mAllowMassStorage=true mMaxFileSize=0 mOwner=null mUuid=null 
D/MountService(  477):     mUserLabel=null mState=null 
D/MountService(  477): got storage path: /mnt/usb_storage/USB_DISK6 description: USB storage 6 primary: false removable: true emulated: false mtpReserve: 100 allowMassStorage: true maxFileSize: 0
D/MountService(  477): addVolumeLocked() StorageVolume:
D/MountService(  477):     mStorageId=0 mPath=/mnt/usb_storage/USB_DISK6 mDescriptionId=17041131 
D/MountService(  477):     mPrimary=false mRemovable=true mEmulated=false mMtpReserveSpace=100 
D/MountService(  477):     mAllowMassStorage=true mMaxFileSize=0 mOwner=null mUuid=null 
D/MountService(  477):     mUserLabel=null mState=null 
D/MountService(  477): got storage path: /mnt/usb_storage/USB_DISK7 description: USB storage 7 primary: false removable: true emulated: false mtpReserve: 100 allowMassStorage: true maxFileSize: 0
D/MountService(  477): addVolumeLocked() StorageVolume:
D/MountService(  477):     mStorageId=0 mPath=/mnt/usb_storage/USB_DISK7 mDescriptionId=17041132 
D/MountService(  477):     mPrimary=false mRemovable=true mEmulated=false mMtpReserveSpace=100 
D/MountService(  477):     mAllowMassStorage=true mMaxFileSize=0 mOwner=null mUuid=null 
D/MountService(  477):     mUserLabel=null mState=null 
D/VoldCmdListener(  156): volume list broadcast
D/Vold    (  156): listVolumes :internal_sd /mnt/internal_sd 1
D/Vold    (  156): listVolumes :external_sd /mnt/external_sd 0
D/Vold    (  156): listVolumes :usb_storage /mnt/usb_storage/USB_DISK0 0
D/Vold    (  156): listVolumes :usb_storage /mnt/usb_storage/USB_DISK1 0
D/Vold    (  156): listVolumes :usb_storage /mnt/usb_storage/USB_DISK2 0
D/Vold    (  156): listVolumes :usb_storage /mnt/usb_storage/USB_DISK3 0
D/Vold    (  156): listVolumes :usb_storage /mnt/usb_storage/USB_DISK4 0
D/Vold    (  156): listVolumes :usb_storage /mnt/usb_storage/USB_DISK5 0
D/Vold    (  156): listVolumes :usb_storage /mnt/usb_storage/USB_DISK6 0
D/Vold    (  156): listVolumes :usb_storage /mnt/usb_storage/USB_DISK7 0
I/SystemServer(  477): LockSettingsService
I/MountService(  477): /mnt/internal_sdUpdating valid state unmounted   st 1
D/MountService(  477): volume state changed for /mnt/internal_sd (mounted -> unmounted)
I/MountService(  477): /mnt/external_sdUpdating valid state removed   st 0
D/MountService(  477): volume state changed for /mnt/external_sd (unmounted -> removed)
I/MountService(  477): /mnt/usb_storage/USB_DISK0Updating valid state removed   st 0
D/MountService(  477): volume state changed for /mnt/usb_storage/USB_DISK0 (unmounted -> removed)
I/MountService(  477): /mnt/usb_storage/USB_DISK1Updating valid state removed   st 0
D/MountService(  477): volume state changed for /mnt/usb_storage/USB_DISK1 (unmounted -> removed)
I/MountService(  477): /mnt/usb_storage/USB_DISK2Updating valid state removed   st 0
D/MountService(  477): volume state changed for /mnt/usb_storage/USB_DISK2 (unmounted -> removed)
I/MountService(  477): /mnt/usb_storage/USB_DISK3Updating valid state removed   st 0
D/MountService(  477): volume state changed for /mnt/usb_storage/USB_DISK3 (unmounted -> removed)
I/MountService(  477): /mnt/usb_storage/USB_DISK4Updating valid state removed   st 0
D/MountService(  477): volume state changed for /mnt/usb_storage/USB_DISK4 (unmounted -> removed)
I/MountService(  477): /mnt/usb_storage/USB_DISK5Updating valid state removed   st 0
D/MountService(  477): volume state changed for /mnt/usb_storage/USB_DISK5 (unmounted -> removed)
I/MountService(  477): /mnt/usb_storage/USB_DISK6Updating valid state removed   st 0
D/MountService(  477): volume state changed for /mnt/usb_storage/USB_DISK6 (unmounted -> removed)
I/MountService(  477): /mnt/usb_storage/USB_DISK7Updating valid state removed   st 0
D/MountService(  477): volume state changed for /mnt/usb_storage/USB_DISK7 (unmounted -> removed)
I/SystemServiceManager(  477): Starting com.android.server.devicepolicy.DevicePolicyManagerService$Lifecycle
D/VoldCmdListener(  156): cryptfs getfield SystemLocale
W/MountService(  477): getSecureContainerList() called when storage not mounted
D/VoldCmdListener(  156): asec list
W/PackageManager(  477): Not granting permission android.permission.MOUNT_UNMOUNT_FILESYSTEMS to package com.example.facedoor (protectionLevel=18 flags=0x48be46)
W/PackageManager(  477): Not granting permission android.permission.BLUETOOTH_STACK to package com.example.facedoor (protectionLevel=2 flags=0x48be46)
W/PackageManager(  477): Unknown permission com.google.android.googleapps.permission.GOOGLE_AUTH in package com.android.providers.calendar
W/PackageManager(  477): Unknown permission com.google.android.googleapps.permission.GOOGLE_AUTH.cl in package com.android.providers.calendar
W/PackageManager(  477): Unknown permission com.android.launcher.permission.READ_SETTINGS in package com.android.winstart
W/PackageManager(  477): Not granting permission android.permission.ACCESS_DOWNLOAD_MANAGER to package com.android.browser (protectionLevel=18 flags=0x9be45)
W/PackageManager(  477): Not granting permission android.permission.SEND_DOWNLOAD_COMPLETED_INTENTS to package com.android.browser (protectionLevel=2 flags=0x9be45)
W/PackageManager(  477): Not granting permission android.permission.BATTERY_STATS to package com.sigma_rt.totalcontrol (protectionLevel=50 flags=0x80be44)
W/PackageManager(  477): Not granting permission android.permission.DEVICE_POWER to package com.sigma_rt.totalcontrol (protectionLevel=2 flags=0x80be44)
W/PackageManager(  477): Not granting permission android.permission.WRITE_SECURE_SETTINGS to package com.sigma_rt.totalcontrol (protectionLevel=50 flags=0x80be44)
W/PackageManager(  477): Not granting permission android.permission.DELETE_PACKAGES to package com.sigma_rt.totalcontrol (protectionLevel=18 flags=0x80be44)
W/PackageManager(  477): Not granting permission android.permission.READ_LOGS to package com.sigma_rt.totalcontrol (protectionLevel=50 flags=0x80be44)
W/PackageManager(  477): Not granting permission android.permission.MOUNT_UNMOUNT_FILESYSTEMS to package com.sigma_rt.totalcontrol (protectionLevel=18 flags=0x80be44)
W/PackageManager(  477): Unknown permission android.net.conn.CONNECTIVITY_CHANGE in package com.sigma_rt.totalcontrol
W/PackageManager(  477): Not granting permission android.permission.CAPTURE_AUDIO_OUTPUT to package com.sigma_rt.totalcontrol (protectionLevel=18 flags=0x80be44)
W/PackageManager(  477): Not granting permission android.permission.CAPTURE_VIDEO_OUTPUT to package com.sigma_rt.totalcontrol (protectionLevel=18 flags=0x80be44)
W/PackageManager(  477): Not granting permission android.permission.BIND_WALLPAPER to package com.android.camera2 (protectionLevel=18 flags=0x58bc45)
W/PackageManager(  477): Not granting permission android.permission.BIND_APPWIDGET to package com.android.launcher3 (protectionLevel=18 flags=0x583e45)
W/PackageManager(  477): Unknown permission android.permission.READ_SETTINGS in package com.android.launcher3
W/PackageManager(  477): Unknown permission com.android.launcher.permission.READ_SETTINGS in package com.android.launcher3
W/PackageManager(  477): Unknown permission com.android.launcher.permission.WRITE_SETTINGS in package com.android.launcher3
W/PackageManager(  477): Unknown permission com.android.launcher.permission.READ_SETTINGS in package com.android.onetimeinitializer
W/PackageManager(  477): Unknown permission com.android.launcher.permission.WRITE_SETTINGS in package com.android.onetimeinitializer
W/PackageManager(  477): Unknown permission android.permission.READ_MEDIA_STORAGE in package com.android.packageinstaller
W/PackageManager(  477): Not granting permission android.permission.DELETE_PACKAGES to package com.svox.pico (protectionLevel=18 flags=0x8be45)
W/PackageManager(  477): Unknown permission com.google.android.gallery3d.permission.PICASA_STORE in package com.android.dreams.phototable
W/PackageManager(  477): Not granting permission android.permission.WRITE_MEDIA_STORAGE to package com.android.dreams.phototable (protectionLevel=18 flags=0x18be45)
W/PackageManager(  477): Unknown permission android.permission.READ_MEDIA_STORAGE in package com.android.dreams.phototable
W/PackageManager(  477): Unknown permission com.google.android.googleapps.permission.GOOGLE_AUTH in package com.android.settings
W/PackageManager(  477): Unknown permission com.android.launcher.permission.READ_SETTINGS in package com.android.settings
W/PackageManager(  477): Unknown permission com.android.launcher.permission.WRITE_SETTINGS in package com.android.settings
W/PackageManager(  477): Unknown permission com.android.launcher.permission.READ_SETTINGS in package com.android.systemui
W/PackageManager(  477): Unknown permission com.google.android.gallery3d.permission.GALLERY_PROVIDER in package com.android.bluetooth
W/PackageManager(  477): Unknown permission android.permission.MMS_SEND_OUTBOX_MSG in package com.android.bluetooth
W/PackageManager(  477): Unknown permission rockchip.permission.FULL_SCREEN in package android.rk.RockVideoPlayer
W/PackageManager(  477): Unknown permission android.permission.RAISED_THREAD_PRIORITY in package android.rk.RockVideoPlayer
W/PackageManager(  477): Unknown permission android.permission.FULL_SCREEN in package android.rk.RockVideoPlayer
W/PackageManager(  477): Unknown permission archos.permission.FULL_SCREEN in package android.rk.RockVideoPlayer
I/UsageStatsService(  477): User[0] Rollover scheduled @ 2018-03-01 08:00:00(1519862400000)
W/PackageSettings(  477): Skipping PackageSetting{aed3476 com.aispeech.ddsdemo/10052} due to missing metadata
W/MountService(  477): getSecureContainerList() called when storage not mounted
D/VoldCmdListener(  156): asec list
I/SystemServer(  477): Status Bar
I/SystemServer(  477): Clipboard Service
I/SystemServer(  477): NetworkManagement Service
I/SystemServer(  477): Text Service Manager Service
I/SystemServer(  477): Network Score Service
I/SystemServer(  477): NetworkStats Service
I/SystemServer(  477): NetworkPolicy Service
I/SystemServiceManager(  477): Starting com.android.server.wifi.p2p.WifiP2pService
I/SystemServiceManager(  477): Starting com.android.server.wifi.WifiService
I/SystemServiceManager(  477): Starting com.android.server.wifi.WifiScanningService
I/SystemServiceManager(  477): Starting com.android.server.wifi.RttService
I/SystemServiceManager(  477): Starting com.android.server.ethernet.EthernetService
I/SystemServer(  477): PppoeService
I/SystemServiceManager(  477): Starting com.android.server.pppoe.PppoeService
I/SystemServer(  477): Connectivity Service
D/ConnectivityService(  477): ConnectivityService starting up
D/ConnectivityService(  477): wifiOnly=false
E/ConnectivityService(  477): Ignoring protectedNetwork 14
I/SystemServer(  477): Network Service Discovery Service
D/NsdService(  477): Network service discovery enabled true
I/SystemServer(  477): UpdateLock Service
I/SystemServiceManager(  477): Starting com.android.server.notification.NotificationManagerService
D/ZenLog  (  477): set_zen_mode: off,setting
I/SystemServiceManager(  477): Starting com.android.server.storage.DeviceStorageMonitorService
I/SystemServer(  477): Location Manager
I/SystemServer(  477): Country Detector
I/SystemServer(  477): Search Service
I/SystemServer(  477): DropBox Service
I/SystemServer(  477): Wallpaper Service
I/SystemServer(  477): Audio Service
I/SystemServiceManager(  477): Starting com.android.server.DockObserver
W/DockObserver(  477): This kernel does not have dock station support
I/SystemServer(  477): Wired Accessory Manager
I/SystemServiceManager(  477): Starting com.android.server.usb.UsbService$Lifecycle
I/SystemServer(  477): Serial Service
I/SystemServiceManager(  477): Starting com.android.server.twilight.TwilightService
I/SystemServiceManager(  477): Starting com.android.server.UiModeManagerService
I/SystemServiceManager(  477): Starting com.android.server.job.JobSchedulerService
I/SystemServiceManager(  477): Starting com.android.server.backup.BackupManagerService$Lifecycle
I/SystemServiceManager(  477): Starting com.android.server.appwidget.AppWidgetService
I/SystemServiceManager(  477): Starting com.android.server.voiceinteraction.VoiceInteractionManagerService
W/SoundTriggerHelper(  477): listModules status=0, # of modules=0
I/SystemServer(  477): XHService
I/SystemServer(  477): DiskStats Service
I/SystemServer(  477): SamplingProfiler Service
I/SystemServer(  477): NetworkTimeUpdateService
I/SystemServer(  477): CommonTimeManagementService
I/SystemServer(  477): CertBlacklister
I/SystemServiceManager(  477): Starting com.android.server.dreams.DreamManagerService
I/SystemServer(  477): Assets Atlas Service
I/SystemServiceManager(  477): Starting com.android.server.print.PrintManagerService
I/SystemServiceManager(  477): Starting com.android.server.restrictions.RestrictionsManagerService
I/SystemServiceManager(  477): Starting com.android.server.media.MediaSessionService
I/SystemServer(  477): Media Router Service
I/SystemServer(  477): DisplayDeviceManagementService Service
D/DisplayDeviceManagementService(  477): DisplayDeviceManagementService start
I/SystemServiceManager(  477): Starting com.android.server.trust.TrustManagerService
I/SystemServiceManager(  477): Starting com.android.server.fingerprint.FingerprintService
I/SystemServer(  477): BackgroundDexOptService
I/SystemServiceManager(  477): Starting com.android.server.pm.LauncherAppsService
I/SystemServiceManager(  477): Starting com.android.server.media.projection.MediaProjectionManagerService
W/WindowManagerService(  477): Devices still not ready after waiting 1000 milliseconds before attempting to detect safe mode.
I/SystemServiceManager(  477): Starting com.android.server.MmsServiceBroker
E/LockSettingsStorage(  477): Cannot read file java.io.FileNotFoundException: /data/system/password.key: open failed: ENOENT (No such file or directory)
E/LockSettingsStorage(  477): Cannot read file java.io.FileNotFoundException: /data/system/gesture.key: open failed: ENOENT (No such file or directory)
I/SystemServiceManager(  477): Starting phase 480
I/SystemServiceManager(  477): Starting phase 500
I/WifiService(  477): WifiService starting up with Wi-Fi disabled
D/WifiService(  477): New client listening to asynchronous messages
D/WifiScanningService(  477): New client, channel: null messenger: null
D/ConnectivityService(  477): Got NetworkFactory Messenger for Ethernet
D/ConnectivityService(  477): Got NetworkFactory Messenger for PPPOE
I/ActivityManagerService(  477): Config changes=200 {1.1 multiwindowflag=DISABLE dualscreenflag=DISABLE ?mcc?mnc zh_CN ?layoutDir sw768dp w768dp h951dp 160dpi xlrg port finger -keyb/v/h dpad/v s.4}
V/BackupManagerService(  477): No ancestral data
D/BackupManagerService(  477): Now staging backup of com.android.browser
D/BackupManagerService(  477): Now staging backup of android
D/BackupManagerService(  477): Now staging backup of com.android.providers.settings
D/BackupManagerService(  477): Now staging backup of com.android.sharedstoragebackup
D/BackupManagerService(  477): Now staging backup of com.android.providers.userdictionary
V/BackupManagerService(  477): Starting with transport android/com.android.internal.backup.LocalTransport
V/BackupManagerService(  477): Found transports: 1
I/BackupManagerService(  477): Binding to transport host ComponentInfo{android/com.android.internal.backup.LocalTransportService}
I/BackupManagerService(  477): Found stale backup journal, scheduling
D/DisplayPowerController(  477): button lights toggle
D/DisplayPowerController(  477): send timeout msg after 1500
D/DisplayPowerController(  477): button lights toggle
D/DisplayPowerController(  477): send timeout msg after 1500
I/DisplayManagerService(  477): Display device changed: DisplayDeviceInfo{"内置屏幕": uniqueId="local:0", 768 x 1024, 94.118004 fps, supportedRefreshRates [94.118004], density 160, 159.89508 x 159.5681 dpi, appVsyncOff 0, presDeadline 11624960, touch INTERNAL, rotation 0, type BUILT_IN, state ON, FLAG_DEFAULT_DISPLAY, FLAG_ROTATES_WITH_CONTENT, FLAG_SECURE, FLAG_SUPPORTS_PROTECTED_BUFFERS}
D/DisplayPowerController(  477): button lights toggle
D/DisplayPowerController(  477): send timeout msg after 1500
D/DisplayPowerController(  477): send timeout msg after 1500
D/TaskPersister(  477): removeObsoleteFile: deleting file=495_task_thumbnail.png
I/AppOps  (  477): Pruning old package media/1013: new uid=-1
D/ActivityManagerService(  477): OK, system ready!
I/ActivityManagerService(  477): System now ready
I/ActivityManagerService(  477): Config changes=40000000 {0.85 multiwindowflag=DISABLE dualscreenflag=DISABLE ?mcc?mnc zh_CN ?layoutDir sw768dp w768dp h951dp 160dpi xlrg port finger -keyb/v/h dpad/v s.5}
D/WifiDisplayAdapter(  477): getWifiDisplayStatusLocked: result=WifiDisplayStatus{featureState=1, scanState=0, activeDisplayState=0, activeDisplay=null, displays=[], sessionInfo=WifiDisplaySessionInfo:
D/WifiDisplayAdapter(  477):     Client/Owner: Client
D/WifiDisplayAdapter(  477):     GroupId: 
D/WifiDisplayAdapter(  477):     Passphrase: 
D/WifiDisplayAdapter(  477):     SessionId: 0
D/WifiDisplayAdapter(  477):     IP Address: }
I/SystemServer(  477): Making services ready
I/SystemServiceManager(  477): Starting phase 550
D/UsbDeviceManager(  477): Usb state is false false true
I/SystemServer(  477): WebViewFactory preparation
D/MountService(  477): sharedvolumeNum: 0 ;avail: false
I/ActivityManagerService(  477): Start proc 579:android.process.media/u0a4 for broadcast com.android.providers.media/.MtpReceiver
I/ActivityManagerService(  477): Start proc 597:WebViewLoader-armeabi-v7a/1037 [android.webkit.WebViewFactory$RelroFileCreator] for 
D/UsbHostManager(  477): Added device UsbDevice[mName=/dev/bus/usb/003/004,mVendorId=1423,mProductId=24832,mClass=239,mSubclass=2,mProtocol=1,mManufacturerName=null,mProductName=USB2.0 Camera,mSerialNumber=null,mConfigurations=[
D/UsbHostManager(  477): UsbConfiguration[mId=1,mName=null,mAttributes=128,mMaxPower=100,mInterfaces=[
D/UsbHostManager(  477): UsbInterface[mId=0,mAlternateSetting=0,mName=USB2.0 Camera,mClass=14,mSubclass=1,mProtocol=0,mEndpoints=[
D/UsbHostManager(  477): UsbEndpoint[mAddress=130,mAttributes=3,mMaxPacketSize=16,mInterval=15]]
D/UsbHostManager(  477): UsbInterface[mId=1,mAlternateSetting=0,mName=null,mClass=14,mSubclass=2,mProtocol=0,mEndpoints=[]
D/UsbHostManager(  477): UsbInterface[mId=1,mAlternateSetting=1,mName=null,mClass=14,mSubclass=2,mProtocol=0,mEndpoints=[
D/UsbHostManager(  477): UsbEndpoint[mAddress=129,mAttributes=5,mMaxPacketSize=5120,mInterval=1]]
D/UsbHostManager(  477): UsbInterface[mId=1,mAlternateSetting=2,mName=null,mClass=14,mSubclass=2,mProtocol=0,mEndpoints=[
D/UsbHostManager(  477): UsbEndpoint[mAddress=129,mAttributes=5,mMaxPacketSize=5120,mInterval=1]]
D/UsbHostManager(  477): UsbInterface[mId=1,mAlternateSetting=3,mName=null,mClass=14,mSubclass=2,mProtocol=0,mEndpoints=[
D/UsbHostManager(  477): UsbEndpoint[mAddress=129,mAttributes=5,mMaxPacketSize=5120,mInterval=1]]]]
W/ContextImpl(  477): Calling a method in the system process without a qualified user: android.app.ContextImpl.sendBroadcast:1350 com.android.server.usb.UsbSettingsManager.deviceAttached:741 com.android.server.usb.UsbHostManager.endUsbDeviceAdded:224 com.android.server.usb.UsbHostManager.monitorUsbHostBus:-2 com.android.server.usb.UsbHostManager.access$000:42 
I/ActivityManagerService(  477): Start proc 615:com.android.systemui/u0a10 for service com.android.systemui/.SystemUIService
D/NetworkManagementService(  477): enabling bandwidth control
I/MountService(  477): doMountVolume: Mouting /mnt/internal_sd
D/VoldCmdListener(  156): volume mount /mnt/internal_sd
D/Vold    (  156):  volume status = 1----------------------
D/DirectVolume(  156): getDeviceNodes mPartIdx = 14, mDiskNumParts = 14.
E/Vold    (  156): deviceNodes[0]= 0x0000b30e,[1]= 0x00000000,[2]= 0x00000000,[3]= 0x00000000
I/Vold    (  156): /dev/block/vold/179:14 being considered for volume internal_sd,1
I/Vold    (  156):  
D/UsbHostManager(  477): Added device UsbDevice[mName=/dev/bus/usb/003/003,mVendorId=7643,mProductId=1,mClass=0,mSubclass=0,mProtocol=0,mManufacturerName=HID TOUCH,mProductName=HID Touch Panel,mSerialNumber=null,mConfigurations=[
D/UsbHostManager(  477): UsbConfiguration[mId=1,mName=null,mAttributes=160,mMaxPower=50,mInterfaces=[
D/UsbHostManager(  477): UsbInterface[mId=0,mAlternateSetting=0,mName=null,mClass=3,mSubclass=0,mProtocol=0,mEndpoints=[
D/UsbHostManager(  477): UsbEndpoint[mAddress=129,mAttributes=3,mMaxPacketSize=64,mInterval=1]]]]
W/ContextImpl(  477): Calling a method in the system process without a qualified user: android.app.ContextImpl.sendBroadcast:1350 com.android.server.usb.UsbSettingsManager.deviceAttached:741 com.android.server.usb.UsbHostManager.endUsbDeviceAdded:224 com.android.server.usb.UsbHostManager.monitorUsbHostBus:-2 com.android.server.usb.UsbHostManager.access$000:42 
I/MountService(  477): onEvent:: raw= 605 Volume internal_sd /mnt/internal_sd state changed from 1 (Idle-Unmounted) to 3 (Checking) cooked =  605 Volume internal_sd /mnt/internal_sd state changed from 1 (Idle-Unmounted) to 3 (Checking)
I/MountService(  477): notifyVolumeStateChange::unmounted
I/MountService(  477): updating volume state checking
D/MountService(  477): volume state changed for /mnt/internal_sd (unmounted -> checking)
D/MountService(  477): sendStorageIntent Intent { act=android.intent.action.MEDIA_CHECKING dat=file:///mnt/internal_sd flg=0x4000000 (has extras) } to UserHandle{-1}
I/ActivityManagerService(  477): Start proc 646:android.rockchip.update.service/u0a40 for broadcast android.rockchip.update.service/.RKUpdateReceiver
D/WifiDisplayAdapter(  477): getWifiDisplayStatusLocked: result=WifiDisplayStatus{featureState=1, scanState=0, activeDisplayState=0, activeDisplay=null, displays=[], sessionInfo=WifiDisplaySessionInfo:
D/WifiDisplayAdapter(  477):     Client/Owner: Client
D/WifiDisplayAdapter(  477):     GroupId: 
D/WifiDisplayAdapter(  477):     Passphrase: 
D/WifiDisplayAdapter(  477):     SessionId: 0
D/WifiDisplayAdapter(  477):     IP Address: }
D/WifiDisplayAdapter(  477): getWifiDisplayStatusLocked: result=WifiDisplayStatus{featureState=1, scanState=0, activeDisplayState=0, activeDisplay=null, displays=[], sessionInfo=WifiDisplaySessionInfo:
D/WifiDisplayAdapter(  477):     Client/Owner: Client
D/WifiDisplayAdapter(  477):     GroupId: 
D/WifiDisplayAdapter(  477):     Passphrase: 
D/WifiDisplayAdapter(  477):     SessionId: 0
D/WifiDisplayAdapter(  477):     IP Address: }
V/FingerprintService(  477): startListening(android.service.fingerprint.IFingerprintServiceReceiver$Stub$Proxy@2c29dcd0)
I/Vold    (  156): Filesystem check completed OK
E/Vold    (  156): ---------set mSkipAsec to enable app2sd because mount Vfat succeed for internal_sd, mountpoint =/mnt/internal_sd
I/SystemServiceManager(  477): Starting phase 600
I/BackupManagerService(  477): Backup enabled => false
I/BackupManagerService(  477): Opting out of backup
E/InputMethodManagerService(  477): Ignoring setImeWindowStatus due to an invalid token. uid:1000 token:null
I/MountService(  477): onEvent:: raw= 613 internal_sd /mnt/internal_sd "3B95-0B07" cooked =  613 internal_sd /mnt/internal_sd 3B95-0B07
I/MountService(  477): onEvent:: raw= 614 internal_sd /mnt/internal_sd "ROCKCHIP" cooked =  614 internal_sd /mnt/internal_sd ROCKCHIP
I/ActivityManagerService(  477): Start proc 776:com.google.android.inputmethod.pinyin/u0a22 for service com.google.android.inputmethod.pinyin/.PinyinIME
V/InputMethodManagerService(  477): Adding window token: android.os.Binder@3f38109e
I/MountService(  477): onEvent:: raw= 605 Volume internal_sd /mnt/internal_sd state changed from 3 (Checking) to 4 (Mounted) cooked =  605 Volume internal_sd /mnt/internal_sd state changed from 3 (Checking) to 4 (Mounted)
I/MountService(  477): notifyVolumeStateChange::checking
I/MountService(  477): updating volume state mounted
D/MountService(  477): volume state changed for /mnt/internal_sd (checking -> mounted)
D/MountService(  477): sendStorageIntent Intent { act=android.intent.action.MEDIA_MOUNTED dat=file:///mnt/internal_sd flg=0x4000000 (has extras) } to UserHandle{-1}
E/VoldConnector(  477): NDC Command {5 volume mount /mnt/internal_sd} took too long (604ms)
D/VoldCmdListener(  156): asec list
W/LocationManagerService(  477): no network location provider found
E/LocationManagerService(  477): no geocoder provider found
E/LocationManagerService(  477): FLP HAL not supported
E/LocationManagerService(  477): Unable to bind FLP Geofence proxy.
E/LocationManagerService(  477): Hardware Activity-Recognition not supported.
I/MmsServiceBroker(  477): Delay connecting to MmsService until an API is called
W/VoiceInteractionManagerService(  477): no available voice interaction services found for user 0
W/VoiceInteractionManagerService(  477): no available voice recognition services found for user 0
D/VoldCmdListener(  156): AsecCmd id:com.aispeech.ddsdemo-2
D/VoldCmdListener(  156): asec fspath com.aispeech.ddsdemo-2
D/VoldCmdListener(  156): asec path com.aispeech.ddsdemo-2
D/VoldCmdListener(  156): asec mount com.aispeech.ddsdemo-2 {} 1000 ro
I/ActivityManagerService(  477): Start proc 820:com.android.inputmethod.latin/u0a25 for added application com.android.inputmethod.latin
I/ActivityManagerService(  477): Start proc 839:com.cghs.stresstest/1000 for added application com.cghs.stresstest
I/ActivityManagerService(  477): Start proc 858:com.android.phone/1001 for added application com.android.phone
I/ActivityStackSupervisor(  477): START u0 {act=android.intent.action.MAIN cat=[android.intent.category.HOME] flg=0x10000000 cmp=com.android.launcher3/.Launcher} from uid 0 on display 0
D/VoldCmdListener(  156): asec path com.aispeech.ddsdemo-2
I/ActivityManagerService(  477): Start proc 894:com.android.launcher3/u0a26 for activity com.android.launcher3/.Launcher
I/SystemServer(  477): Enabled StrictMode for system server main thread.
V/ActivityStackSupervisor(  477): Display changed displayId=0
V/ActivityStackSupervisor(  477): Display changed displayId=0
I/ActivityManagerService(  477): Start proc 912:com.android.printspooler/u0a38 for service com.android.printspooler/.model.PrintSpoolerService
V/ActivityStackSupervisor(  477): Display changed displayId=0
V/ActivityStackSupervisor(  477): Display changed displayId=0
I/Telecom (  477): TelecomGlobals: TelecomGlobals initializing
I/ActivityManagerService(  477): Start proc 938:android.process.acore/u0a2 for content provider com.android.providers.contacts/.CallLogProvider
I/Telecom (  477): TelecomGlobals: CallsManager initialized
W/ContextImpl(  477): Calling a method in the system process without a qualified user: android.app.ContextImpl.startService:1715 android.content.ContextWrapper.startService:516 com.android.server.telecom.BluetoothPhoneService.start:440 com.android.server.telecom.TelecomGlobals.initialize:93 com.android.server.telecom.TelecomService.onCreate:164 
D/ZenLog  (  477): downtime: Autotrigger skipped: not in downtime
W/ResourcesManager(  477): Asset path '/system/framework/com.android.location.provider.jar' does not exist or contains no resources.
V/WiredAccessoryManager(  477): init()
W/AppWidgetServiceImpl(  477): Failed to read state: java.io.FileNotFoundException: /data/system/users/0/appwidgets.xml: open failed: ENOENT (No such file or directory)
V/AppWidgetServiceImpl(  477): Upgrading widget database from 0 to 1
V/BackupManagerService(  477): Connected to transport ComponentInfo{android/com.android.internal.backup.LocalTransportService}
V/BackupManagerService(  477): Registering transport android/com.android.internal.backup.LocalTransportService::android/com.android.internal.backup.LocalTransport = android.app.backup.BackupTransport$TransportImpl@17e755ef
W/PackageParser(  477): Unknown element under <manifest>: meta-data at /mnt/asec/com.aispeech.ddsdemo-2/base.apk Binary XML file line #33
D/DisplayPowerController(  477): MSG_BUTTON_LIGHTS_TIME_OUT
I/ActivityManagerService(  477): Start proc 989:com.android.smspush/u0a45 for service com.android.smspush/.WapPushManager
E/ConnectivityService(  477): Failed to find Messenger in unregisterNetworkFactory
D/ConnectivityService(  477): Got NetworkFactory Messenger for Telephony
D/VoldCmdListener(  156): asec fixperms com.aispeech.ddsdemo-2 -1 null
W/PackageManager(  477): Not granting permission android.permission.MOUNT_UNMOUNT_FILESYSTEMS to package com.example.facedoor (protectionLevel=18 flags=0xc8be46)
W/PackageManager(  477): Not granting permission android.permission.BLUETOOTH_STACK to package com.example.facedoor (protectionLevel=2 flags=0xc8be46)
W/PackageManager(  477): Unknown permission com.google.android.googleapps.permission.GOOGLE_AUTH in package com.android.providers.calendar
W/PackageManager(  477): Unknown permission com.google.android.googleapps.permission.GOOGLE_AUTH.cl in package com.android.providers.calendar
W/PackageManager(  477): Not granting permission android.permission.BLUETOOTH_STACK to package com.aispeech.ddsdemo (protectionLevel=2 flags=0x4cbe46)
W/PackageManager(  477): Unknown permission com.android.launcher.permission.READ_SETTINGS in package com.android.winstart
W/PackageManager(  477): Not granting permission android.permission.ACCESS_DOWNLOAD_MANAGER to package com.android.browser (protectionLevel=18 flags=0x89be45)
W/PackageManager(  477): Not granting permission android.permission.SEND_DOWNLOAD_COMPLETED_INTENTS to package com.android.browser (protectionLevel=2 flags=0x89be45)
W/PackageManager(  477): Not granting permission android.permission.BATTERY_STATS to package com.sigma_rt.totalcontrol (protectionLevel=50 flags=0x80be44)
W/PackageManager(  477): Not granting permission android.permission.DEVICE_POWER to package com.sigma_rt.totalcontrol (protectionLevel=2 flags=0x80be44)
W/PackageManager(  477): Not granting permission android.permission.WRITE_SECURE_SETTINGS to package com.sigma_rt.totalcontrol (protectionLevel=50 flags=0x80be44)
W/PackageManager(  477): Not granting permission android.permission.DELETE_PACKAGES to package com.sigma_rt.totalcontrol (protectionLevel=18 flags=0x80be44)
W/PackageManager(  477): Not granting permission android.permission.READ_LOGS to package com.sigma_rt.totalcontrol (protectionLevel=50 flags=0x80be44)
W/PackageManager(  477): Not granting permission android.permission.MOUNT_UNMOUNT_FILESYSTEMS to package com.sigma_rt.totalcontrol (protectionLevel=18 flags=0x80be44)
W/PackageManager(  477): Unknown permission android.net.conn.CONNECTIVITY_CHANGE in package com.sigma_rt.totalcontrol
W/PackageManager(  477): Not granting permission android.permission.CAPTURE_AUDIO_OUTPUT to package com.sigma_rt.totalcontrol (protectionLevel=18 flags=0x80be44)
W/PackageManager(  477): Not granting permission android.permission.CAPTURE_VIDEO_OUTPUT to package com.sigma_rt.totalcontrol (protectionLevel=18 flags=0x80be44)
