I/ActivityStackSupervisor(  477): START u0 {act=android.intent.action.MAIN cat=[android.intent.category.LAUNCHER] flg=0x10200000 cmp=com.android.soundrecorder/.SoundRecorder (has extras)} from uid 10026 on display 0
I/ActivityManagerService(  477): Start proc 6700:com.android.soundrecorder/u0a42 for activity com.android.soundrecorder/.SoundRecorder
V/WindowManagerService(  477): Adding window Window{132b2e0d u0 Starting com.android.soundrecorder} at 3 of 9 (after Window{3a3ab3aa u0 com.android.launcher3/com.android.launcher3.Launcher})
V/WindowManagerService(  477): Adding window Window{22a0541 u0 com.android.soundrecorder/com.android.soundrecorder.SoundRecorder} at 3 of 10 (before Window{132b2e0d u0 Starting com.android.soundrecorder})
D/TaskPersister(  477): removeObsoleteFile: deleting file=189_task.xml
D/TaskPersister(  477): removeObsoleteFile: deleting file=189_task_thumbnail.png
D/ActivityManagerService(  477): moveHomeStackTaskToTop: moving TaskRecord{1a0371e3 #512 A=com.android.launcher3 U=0 sz=1}
W/ViewRootImpl(  894): Cancelling event due to no window focus: KeyEvent { action=ACTION_UP, keyCode=KEYCODE_BACK, scanCode=0, metaState=0, flags=0x68, repeatCount=0, eventTime=65848702, downTime=65848556, deviceId=-1, source=0x101 }
W/ViewRootImpl(  894): Cancelling event due to no window focus: KeyEvent { action=ACTION_UP, keyCode=KEYCODE_BACK, scanCode=0, metaState=0, flags=0x68, repeatCount=0, eventTime=65848702, downTime=65848556, deviceId=-1, source=0x101 }
W/ViewRootImpl(  894): Cancelling event due to no window focus: KeyEvent { action=ACTION_UP, keyCode=KEYCODE_BACK, scanCode=0, metaState=0, flags=0x68, repeatCount=0, eventTime=65848702, downTime=65848556, deviceId=-1, source=0x101 }
W/ViewRootImpl(  894): Cancelling event due to no window focus: KeyEvent { action=ACTION_UP, keyCode=KEYCODE_BACK, scanCode=0, metaState=0, flags=0x68, repeatCount=0, eventTime=65848702, downTime=65848556, deviceId=-1, source=0x101 }
W/ViewRootImpl(  894): Cancelling event due to no window focus: KeyEvent { action=ACTION_UP, keyCode=KEYCODE_BACK, scanCode=0, metaState=0, flags=0x68, repeatCount=0, eventTime=65848702, downTime=65848556, deviceId=-1, source=0x101 }
W/ViewRootImpl(  894): Cancelling event due to no window focus: KeyEvent { action=ACTION_UP, keyCode=KEYCODE_BACK, scanCode=0, metaState=0, flags=0x68, repeatCount=0, eventTime=65848702, downTime=65848556, deviceId=-1, source=0x101 }
W/ViewRootImpl(  894): Cancelling event due to no window focus: KeyEvent { action=ACTION_UP, keyCode=KEYCODE_BACK, scanCode=0, metaState=0, flags=0x68, repeatCount=0, eventTime=65848702, downTime=65848556, deviceId=-1, source=0x101 }
W/ViewRootImpl(  894): Cancelling event due to no window focus: KeyEvent { action=ACTION_UP, keyCode=KEYCODE_BACK, scanCode=0, metaState=0, flags=0x68, repeatCount=0, eventTime=65848702, downTime=65848556, deviceId=-1, source=0x101 }
W/ViewRootImpl(  894): Cancelling event due to no window focus: KeyEvent { action=ACTION_UP, keyCode=KEYCODE_BACK, scanCode=0, metaState=0, flags=0x68, repeatCount=0, eventTime=65848702, downTime=65848556, deviceId=-1, source=0x101 }
I/ActivityManagerService(  477): Killing 1222:com.android.providers.calendar/u0a1 (adj 15): empty for 65822s
I/ActivityStackSupervisor(  477): START u0 {act=android.intent.action.MAIN cat=[android.intent.category.LAUNCHER] flg=0x10200000 cmp=com.example.facedoor/.LauncherActivity (has extras)} from uid 10026 on display 0
V/WindowManagerService(  477): Adding window Window{20208970 u0 Starting com.example.facedoor} at 3 of 9 (after Window{3a3ab3aa u0 com.android.launcher3/com.android.launcher3.Launcher})
I/ActivityStackSupervisor(  477): START u0 {cmp=com.example.facedoor/.FaceIndexActivity} from uid 10055 on display 0
V/WindowManagerService(  477): Adding window Window{1ea3940f u0 com.example.facedoor/com.example.facedoor.LauncherActivity} at 3 of 10 (before Window{20208970 u0 Starting com.example.facedoor})
V/WindowManagerService(  477): Adding window Window{20208970 u0 Starting com.example.facedoor} at 4 of 10 (after Window{1ea3940f u0 com.example.facedoor/com.example.facedoor.LauncherActivity})
V/WindowManagerService(  477): Adding window Window{301ff607 u0 com.example.facedoor/com.example.facedoor.FaceIndexActivity} at 4 of 11 (before Window{20208970 u0 Starting com.example.facedoor})
D/TaskPersister(  477): removeObsoleteFile: deleting file=536_task.xml
D/TaskPersister(  477): removeObsoleteFile: deleting file=536_task_thumbnail.png
V/WindowManagerService(  477): Adding window Window{29e12ea0 u0 PopupWindow:2508851e} at 4 of 10 (after Window{301ff607 u0 com.example.facedoor/com.example.facedoor.FaceIndexActivity})
I/UsageStatsService(  477): User[0] Flushing usage stats to disk
D/ActivityManagerService(  477): moveHomeStackTaskToTop: moving TaskRecord{1a0371e3 #512 A=com.android.launcher3 U=0 sz=1}
I/ActivityStackSupervisor(  477): START u0 {act=android.intent.action.MAIN cat=[android.intent.category.LAUNCHER] flg=0x10200000 cmp=com.android.settings/.Settings (has extras)} from uid 10026 on display 0
V/WindowManagerService(  477): Adding window Window{e093b94 u0 Starting com.android.settings} at 3 of 9 (after Window{3a3ab3aa u0 com.android.launcher3/com.android.launcher3.Launcher})
I/ProcessStatsService(  477): Prepared write state in 2ms
I/ProcessStatsService(  477): Prepared write state in 1ms
V/WindowManagerService(  477): Adding window Window{2c1c0671 u0 com.android.settings/com.android.settings.Settings} at 3 of 10 (before Window{e093b94 u0 Starting com.android.settings})
I/ActivityStackSupervisor(  477): START u0 {act=android.intent.action.MAIN cmp=com.android.settings/.SubSettings (has extras)} from uid 1000 on display 0
V/WindowManagerService(  477): Adding window Window{1f3e81c7 u0 com.android.settings/com.android.settings.SubSettings} at 4 of 10 (after Window{2c1c0671 u0 com.android.settings/com.android.settings.Settings})
D/TaskPersister(  477): removeObsoleteFile: deleting file=530_task.xml
D/TaskPersister(  477): removeObsoleteFile: deleting file=530_task_thumbnail.png
D/UsbDeviceManager(  477): Usb state is true false true
I/ValidateNoPeople(  477): skipping global notification
D/MountService(  477): sharedvolumeNum: 0 ;avail: true
I/ValidateNoPeople(  477): skipping global notification
D/UsbDeviceManager(  477): Usb state is true true true
D/MountService(  477): sharedvolumeNum: 0 ;avail: true
I/ValidateNoPeople(  477): skipping global notification
D/ActivityManagerService(  477): moveHomeStackTaskToTop: moving TaskRecord{1a0371e3 #512 A=com.android.launcher3 U=0 sz=1}
W/ViewRootImpl(  894): Dropping event due to no window focus: KeyEvent { action=ACTION_DOWN, keyCode=KEYCODE_BACK, scanCode=0, metaState=0, flags=0x48, repeatCount=0, eventTime=66937431, downTime=66937431, deviceId=-1, source=0x101 }
D/PackageManager(  477): /data/app/vmdl1359389262.tmp already staged; skipping copy
W/PackageParser(  477): Unknown element under <manifest>: meta-data at /data/app/vmdl1359389262.tmp/base.apk Binary XML file line #55
D/PackageManager(  477): Renaming /data/app/vmdl1359389262.tmp to /data/app/com.example.facedoor-1
I/ActivityManagerService(  477): Force stopping com.example.facedoor appid=10055 user=-1: uninstall pkg
I/ActivityManagerService(  477): Killing 6637:com.example.facedoor/u0a55 (adj 11): stop com.example.facedoor
D/WifiService(  477): Client connection lost with reason: 4
W/ActivityManagerService(  477): Scheduling restart of crashed service com.example.facedoor/.DDSService in 1000ms
I/ActivityManagerService(  477):   Force stopping service ServiceRecord{1dbee519 u0 com.example.facedoor/.DDSService}
W/ActivityManagerService(  477): Spurious death for ProcessRecord{9ea5574 6637:com.example.facedoor/u0a55}, curProc for 6637: null
I/PackageManager(  477): Package com.example.facedoor codePath changed from /data/app/com.example.facedoor-2 to /data/app/com.example.facedoor-1; Retaining data and using new
W/PackageManager(  477): Code path for pkg : com.example.facedoor changing from /data/app/com.example.facedoor-2 to /data/app/com.example.facedoor-1
I/ActivityManagerService(  477): Force stopping com.example.facedoor appid=10055 user=-1: update pkg
W/PackageManager(  477): Resource path for pkg : com.example.facedoor changing from /data/app/com.example.facedoor-2 to /data/app/com.example.facedoor-1
W/PackageManager(  477): Not granting permission android.permission.MOUNT_UNMOUNT_FILESYSTEMS to package com.example.facedoor (protectionLevel=18 flags=0x48be46)
W/PackageManager(  477): Not granting permission android.permission.BLUETOOTH_STACK to package com.example.facedoor (protectionLevel=2 flags=0x48be46)
I/ActivityManagerService(  477): Force stopping com.example.facedoor appid=10055 user=0: pkg removed
D/JobSchedulerService(  477): Receieved: android.intent.action.PACKAGE_REMOVED
D/BackupManagerService(  477): Received broadcast Intent { act=android.intent.action.PACKAGE_REMOVED dat=package:com.example.facedoor flg=0x4000010 (has extras) }
W/ContextImpl( 1124): Calling a method in the system process without a qualified user: android.app.ContextImpl.startService:1715 android.content.ContextWrapper.startService:516 android.content.ContextWrapper.startService:516 com.android.keychain.KeyChainBroadcastReceiver.onReceive:12 android.app.ActivityThread.handleReceiver:2629 
D/BackupManagerService(  477): Received broadcast Intent { act=android.intent.action.PACKAGE_ADDED dat=package:com.example.facedoor flg=0x4000010 (has extras) }
W/BackupManagerService(  477): Removing schedule queue dupe of com.example.facedoor
W/VoiceInteractionManagerService(  477): no available voice recognition services found for user 0
W/PackageManager(  477): Couldn't remove dex file for package:  at location /data/app/com.example.facedoor-2/split_lib_dependencies_apk.apk, retcode=-1
W/PackageManager(  477): Couldn't remove dex file for package:  at location /data/app/com.example.facedoor-2/split_lib_slice_0_apk.apk, retcode=-1
W/PackageManager(  477): Couldn't remove dex file for package:  at location /data/app/com.example.facedoor-2/split_lib_slice_1_apk.apk, retcode=-1
W/PackageManager(  477): Couldn't remove dex file for package:  at location /data/app/com.example.facedoor-2/split_lib_slice_2_apk.apk, retcode=-1
W/PackageManager(  477): Couldn't remove dex file for package:  at location /data/app/com.example.facedoor-2/split_lib_slice_3_apk.apk, retcode=-1
W/PackageManager(  477): Couldn't remove dex file for package:  at location /data/app/com.example.facedoor-2/split_lib_slice_4_apk.apk, retcode=-1
W/PackageManager(  477): Couldn't remove dex file for package:  at location /data/app/com.example.facedoor-2/split_lib_slice_5_apk.apk, retcode=-1
W/PackageManager(  477): Couldn't remove dex file for package:  at location /data/app/com.example.facedoor-2/split_lib_slice_6_apk.apk, retcode=-1
W/PackageManager(  477): Couldn't remove dex file for package:  at location /data/app/com.example.facedoor-2/split_lib_slice_7_apk.apk, retcode=-1
W/PackageManager(  477): Couldn't remove dex file for package:  at location /data/app/com.example.facedoor-2/split_lib_slice_8_apk.apk, retcode=-1
W/PackageManager(  477): Couldn't remove dex file for package:  at location /data/app/com.example.facedoor-2/split_lib_slice_9_apk.apk, retcode=-1
I/ActivityStackSupervisor(  477): START u0 {act=android.intent.action.MAIN cat=[android.intent.category.LAUNCHER] flg=0x10000000 cmp=com.example.facedoor/.LauncherActivity} from uid 2000 on display 0
I/ActivityManagerService(  477): Start proc 7079:com.example.facedoor/u0a55 for activity com.example.facedoor/.LauncherActivity
V/WindowManagerService(  477): Adding window Window{1671f5f6 u0 Starting com.example.facedoor} at 3 of 9 (after Window{3a3ab3aa u0 com.android.launcher3/com.android.launcher3.Launcher})
D/WifiService(  477): New client listening to asynchronous messages
W/ActivityManagerService(  477): Unable to start service Intent { cmp=com.example.facedoor/com.iflytek.common.LaunchService } U=0: not found
V/WindowManagerService(  477): Adding window Window{3044910b u0 com.example.facedoor/com.example.facedoor.LauncherActivity} at 3 of 10 (before Window{1671f5f6 u0 Starting com.example.facedoor})
I/ActivityStackSupervisor(  477): START u0 {cmp=com.example.facedoor/.FaceIndexActivity} from uid 10055 on display 0
V/WindowManagerService(  477): Adding window Window{3f2f97df u0 com.example.facedoor/com.example.facedoor.FaceIndexActivity} at 4 of 10 (after Window{3044910b u0 com.example.facedoor/com.example.facedoor.LauncherActivity})
D/TaskPersister(  477): removeObsoleteFile: deleting file=538_task.xml
D/TaskPersister(  477): removeObsoleteFile: deleting file=538_task_thumbnail.png
I/ActivityManagerService(  477): Force stopping com.example.facedoor appid=10055 user=0: from pid 7152
I/ActivityManagerService(  477): Killing 7079:com.example.facedoor/u0a55 (adj 0): stop com.example.facedoor
D/WifiService(  477): Client connection lost with reason: 4
I/WindowState(  477): WIN DEATH: Window{3f2f97df u0 com.example.facedoor/com.example.facedoor.FaceIndexActivity}
W/ActivityManagerService(  477): Scheduling restart of crashed service com.example.facedoor/.DDSService in 1000ms
W/ActivityManagerService(  477): Force removing ActivityRecord{27b73e94 u0 com.example.facedoor/.FaceIndexActivity t540}: app died, no saved state
D/ActivityManagerService(  477): moveHomeStackTaskToTop: moving TaskRecord{1a0371e3 #512 A=com.android.launcher3 U=0 sz=1}
I/ActivityManagerService(  477):   Force stopping service ServiceRecord{366dcdce u0 com.example.facedoor/.DDSService}
W/ActivityManagerService(  477): Spurious death for ProcessRecord{36f77f18 7079:com.example.facedoor/u0a55}, curProc for 7079: null
W/InputMethodManagerService(  477): Got RemoteException sending setActive(false) notification to pid 7079 uid 10055
D/PackageManager(  477): /data/app/vmdl3364679.tmp already staged; skipping copy
W/PackageParser(  477): Unknown element under <manifest>: meta-data at /data/app/vmdl3364679.tmp/base.apk Binary XML file line #42
D/PackageManager(  477): Renaming /data/app/vmdl3364679.tmp to /data/app/com.example.facedoor-2
I/ActivityManagerService(  477): Force stopping com.example.facedoor appid=10055 user=-1: uninstall pkg
I/PackageManager(  477): Package com.example.facedoor codePath changed from /data/app/com.example.facedoor-1 to /data/app/com.example.facedoor-2; Retaining data and using new
W/PackageManager(  477): Code path for pkg : com.example.facedoor changing from /data/app/com.example.facedoor-1 to /data/app/com.example.facedoor-2
I/ActivityManagerService(  477): Force stopping com.example.facedoor appid=10055 user=-1: update pkg
W/PackageManager(  477): Resource path for pkg : com.example.facedoor changing from /data/app/com.example.facedoor-1 to /data/app/com.example.facedoor-2
W/PackageManager(  477): Not granting permission android.permission.MOUNT_UNMOUNT_FILESYSTEMS to package com.example.facedoor (protectionLevel=18 flags=0x8be46)
I/ActivityManagerService(  477): Force stopping com.example.facedoor appid=10055 user=0: pkg removed
D/JobSchedulerService(  477): Receieved: android.intent.action.PACKAGE_REMOVED
D/BackupManagerService(  477): Received broadcast Intent { act=android.intent.action.PACKAGE_REMOVED dat=package:com.example.facedoor flg=0x4000010 (has extras) }
D/BackupManagerService(  477): Received broadcast Intent { act=android.intent.action.PACKAGE_ADDED dat=package:com.example.facedoor flg=0x4000010 (has extras) }
W/BackupManagerService(  477): Removing schedule queue dupe of com.example.facedoor
W/ContextImpl( 1124): Calling a method in the system process without a qualified user: android.app.ContextImpl.startService:1715 android.content.ContextWrapper.startService:516 android.content.ContextWrapper.startService:516 com.android.keychain.KeyChainBroadcastReceiver.onReceive:12 android.app.ActivityThread.handleReceiver:2629 
W/VoiceInteractionManagerService(  477): no available voice recognition services found for user 0
W/PackageManager(  477): Couldn't remove dex file for package:  at location /data/app/com.example.facedoor-1/split_lib_dependencies_apk.apk, retcode=-1
W/PackageManager(  477): Couldn't remove dex file for package:  at location /data/app/com.example.facedoor-1/split_lib_slice_0_apk.apk, retcode=-1
W/PackageManager(  477): Couldn't remove dex file for package:  at location /data/app/com.example.facedoor-1/split_lib_slice_1_apk.apk, retcode=-1
W/PackageManager(  477): Couldn't remove dex file for package:  at location /data/app/com.example.facedoor-1/split_lib_slice_2_apk.apk, retcode=-1
W/PackageManager(  477): Couldn't remove dex file for package:  at location /data/app/com.example.facedoor-1/split_lib_slice_3_apk.apk, retcode=-1
W/PackageManager(  477): Couldn't remove dex file for package:  at location /data/app/com.example.facedoor-1/split_lib_slice_4_apk.apk, retcode=-1
W/PackageManager(  477): Couldn't remove dex file for package:  at location /data/app/com.example.facedoor-1/split_lib_slice_5_apk.apk, retcode=-1
W/PackageManager(  477): Couldn't remove dex file for package:  at location /data/app/com.example.facedoor-1/split_lib_slice_6_apk.apk, retcode=-1
W/PackageManager(  477): Couldn't remove dex file for package:  at location /data/app/com.example.facedoor-1/split_lib_slice_7_apk.apk, retcode=-1
W/PackageManager(  477): Couldn't remove dex file for package:  at location /data/app/com.example.facedoor-1/split_lib_slice_8_apk.apk, retcode=-1
W/PackageManager(  477): Couldn't remove dex file for package:  at location /data/app/com.example.facedoor-1/split_lib_slice_9_apk.apk, retcode=-1
I/ActivityStackSupervisor(  477): START u0 {act=android.intent.action.MAIN cat=[android.intent.category.LAUNCHER] flg=0x10000000 cmp=com.example.facedoor/.LauncherActivity} from uid 2000 on display 0
I/ActivityManagerService(  477): Start proc 7492:com.example.facedoor/u0a55 for activity com.example.facedoor/.LauncherActivity
V/WindowManagerService(  477): Adding window Window{2aa58e0e u0 Starting com.example.facedoor} at 3 of 9 (after Window{3a3ab3aa u0 com.android.launcher3/com.android.launcher3.Launcher})
W/ActivityManagerService(  477): Unable to start service Intent { cmp=com.example.facedoor/com.iflytek.common.LaunchService } U=0: not found
V/WindowManagerService(  477): Adding window Window{1591427d u0 com.example.facedoor/com.example.facedoor.LauncherActivity} at 3 of 10 (before Window{2aa58e0e u0 Starting com.example.facedoor})
D/TaskPersister(  477): removeObsoleteFile: deleting file=540_task.xml
D/ActivityManagerService(  477): moveHomeStackTaskToTop: moving TaskRecord{1a0371e3 #512 A=com.android.launcher3 U=0 sz=1}
I/ActivityStackSupervisor(  477): START u0 {act=com.android.systemui.recents.SHOW_RECENTS flg=0x10804000 cmp=com.android.systemui/.recents.RecentsActivity} from uid 10010 on display 0
W/ActivityManagerService(  477): 7492cleanUpRemovedTaskLocked  remove task: TaskRecord{3236a4a5 #541 A=com.example.facedoor U=0 sz=0}
D/TaskPersister(  477): removeObsoleteFile: deleting file=541_task.xml
I/ActivityManagerService(  477): Killing 7492:com.example.facedoor/u0a55 (adj 16): remove task
D/TaskPersister(  477): removeObsoleteFile: deleting file=541_task_thumbnail.png
W/ActivityManagerService(  477): Scheduling restart of crashed service com.example.facedoor/.DDSService in 1000ms
I/ActivityStackSupervisor(  477): START u0 {act=android.intent.action.MAIN cat=[android.intent.category.HOME] flg=0x10200000 cmp=com.android.launcher3/.Launcher} from uid 10010 on display 0
I/ActivityManagerService(  477): Start proc 7551:com.example.facedoor/u0a55 for service com.example.facedoor/.DDSService
W/ActivityManagerService(  477): Unable to start service Intent { cmp=com.example.facedoor/com.iflytek.common.LaunchService } U=0: not found
I/ActivityStackSupervisor(  477): START u0 {act=android.intent.action.MAIN cat=[android.intent.category.LAUNCHER] flg=0x10200000 cmp=com.android.settings/.Settings bnds=[447,887][555,971] (has extras)} from uid 10026 on display 0
V/WindowManagerService(  477): Adding window Window{c23f682 u0 Starting com.android.settings} at 3 of 9 (after Window{3a3ab3aa u0 com.android.launcher3/com.android.launcher3.Launcher})
V/WindowManagerService(  477): Adding window Window{1fad61e7 u0 com.android.settings/com.android.settings.Settings} at 3 of 10 (before Window{c23f682 u0 Starting com.android.settings})
D/ActivityManagerService(  477): moveHomeStackTaskToTop: moving TaskRecord{1a0371e3 #512 A=com.android.launcher3 U=0 sz=1}
I/ActivityStackSupervisor(  477): START u0 {act=android.intent.action.MAIN cat=[android.intent.category.LAUNCHER] flg=0x10200000 cmp=com.example.facedoor/.LauncherActivity (has extras)} from uid 10026 on display 0
V/WindowManagerService(  477): Adding window Window{a57a6ad u0 Starting com.example.facedoor} at 3 of 9 (after Window{3a3ab3aa u0 com.android.launcher3/com.android.launcher3.Launcher})
V/WindowManagerService(  477): Adding window Window{d3af62e u0 com.example.facedoor/com.example.facedoor.LauncherActivity} at 3 of 10 (before Window{a57a6ad u0 Starting com.example.facedoor})
D/TaskPersister(  477): removeObsoleteFile: deleting file=539_task.xml
D/TaskPersister(  477): removeObsoleteFile: deleting file=539_task_thumbnail.png
D/ActivityManagerService(  477): moveHomeStackTaskToTop: moving TaskRecord{1a0371e3 #512 A=com.android.launcher3 U=0 sz=1}
I/ActivityStackSupervisor(  477): START u0 {act=com.android.systemui.recents.SHOW_RECENTS flg=0x10804000 cmp=com.android.systemui/.recents.RecentsActivity} from uid 10010 on display 0
W/ActivityManagerService(  477): 7551cleanUpRemovedTaskLocked  remove task: TaskRecord{2521bf51 #543 A=com.example.facedoor U=0 sz=0}
I/ActivityManagerService(  477): Killing 7551:com.example.facedoor/u0a55 (adj 16): remove task
W/ActivityManagerService(  477): Scheduling restart of crashed service com.example.facedoor/.DDSService in 1000ms
D/TaskPersister(  477): removeObsoleteFile: deleting file=543_task.xml
D/TaskPersister(  477): removeObsoleteFile: deleting file=543_task_thumbnail.png
I/ActivityStackSupervisor(  477): START u0 {act=android.intent.action.MAIN cat=[android.intent.category.HOME] flg=0x10200000 cmp=com.android.launcher3/.Launcher} from uid 10010 on display 0
I/ActivityManagerService(  477): Start proc 7627:com.example.facedoor/u0a55 for service com.example.facedoor/.DDSService
W/ActivityManagerService(  477): Unable to start service Intent { cmp=com.example.facedoor/com.iflytek.common.LaunchService } U=0: not found
I/ActivityStackSupervisor(  477): START u0 {act=android.intent.action.MAIN cat=[android.intent.category.LAUNCHER] flg=0x10200000 cmp=com.example.facedoor/.LauncherActivity (has extras)} from uid 10026 on display 0
V/WindowManagerService(  477): Adding window Window{35801ec1 u0 Starting com.example.facedoor} at 3 of 9 (after Window{3a3ab3aa u0 com.android.launcher3/com.android.launcher3.Launcher})
V/WindowManagerService(  477): Adding window Window{183932f2 u0 com.example.facedoor/com.example.facedoor.LauncherActivity} at 3 of 10 (before Window{35801ec1 u0 Starting com.example.facedoor})
I/UsageStatsService(  477): User[0] Flushing usage stats to disk
I/ActivityManagerService(  477): Force stopping com.example.facedoor appid=10055 user=0: from pid 7701
I/ActivityManagerService(  477): Killing 7627:com.example.facedoor/u0a55 (adj 0): stop com.example.facedoor
I/WindowState(  477): WIN DEATH: Window{183932f2 u0 com.example.facedoor/com.example.facedoor.LauncherActivity}
W/ActivityManagerService(  477): Scheduling restart of crashed service com.example.facedoor/.DDSService in 1000ms
W/ActivityManagerService(  477): Force removing ActivityRecord{10226290 u0 com.example.facedoor/.LauncherActivity t544}: app died, no saved state
D/ActivityManagerService(  477): moveHomeStackTaskToTop: moving TaskRecord{1a0371e3 #512 A=com.android.launcher3 U=0 sz=1}
I/ActivityManagerService(  477):   Force stopping service ServiceRecord{1e750a28 u0 com.example.facedoor/.DDSService}
W/ActivityManagerService(  477): Spurious death for ProcessRecord{18ad3a31 7627:com.example.facedoor/u0a55}, curProc for 7627: null
W/InputMethodManagerService(  477): Got RemoteException sending setActive(false) notification to pid 7627 uid 10055
D/PackageInstaller(  477): Linking /data/app/com.example.facedoor-2/split_lib_dependencies_apk.apk to /data/app/vmdl2046434637.tmp/split_lib_dependencies_apk.apk
D/PackageInstaller(  477): Linking /data/app/com.example.facedoor-2/split_lib_slice_0_apk.apk to /data/app/vmdl2046434637.tmp/split_lib_slice_0_apk.apk
D/PackageInstaller(  477): Linking /data/app/com.example.facedoor-2/split_lib_slice_1_apk.apk to /data/app/vmdl2046434637.tmp/split_lib_slice_1_apk.apk
D/PackageInstaller(  477): Linking /data/app/com.example.facedoor-2/split_lib_slice_2_apk.apk to /data/app/vmdl2046434637.tmp/split_lib_slice_2_apk.apk
D/PackageInstaller(  477): Linking /data/app/com.example.facedoor-2/split_lib_slice_3_apk.apk to /data/app/vmdl2046434637.tmp/split_lib_slice_3_apk.apk
D/PackageInstaller(  477): Linking /data/app/com.example.facedoor-2/split_lib_slice_4_apk.apk to /data/app/vmdl2046434637.tmp/split_lib_slice_4_apk.apk
D/PackageInstaller(  477): Linking /data/app/com.example.facedoor-2/split_lib_slice_5_apk.apk to /data/app/vmdl2046434637.tmp/split_lib_slice_5_apk.apk
D/PackageInstaller(  477): Linking /data/app/com.example.facedoor-2/split_lib_slice_7_apk.apk to /data/app/vmdl2046434637.tmp/split_lib_slice_7_apk.apk
D/PackageInstaller(  477): Linking /data/app/com.example.facedoor-2/split_lib_slice_8_apk.apk to /data/app/vmdl2046434637.tmp/split_lib_slice_8_apk.apk
D/PackageInstaller(  477): Linking /data/app/com.example.facedoor-2/split_lib_slice_9_apk.apk to /data/app/vmdl2046434637.tmp/split_lib_slice_9_apk.apk
D/PackageInstaller(  477): Linked 10 files into /data/app/vmdl2046434637.tmp
D/PackageManager(  477): /data/app/vmdl2046434637.tmp already staged; skipping copy
W/PackageParser(  477): Unknown element under <manifest>: meta-data at /data/app/vmdl2046434637.tmp/base.apk Binary XML file line #42
D/PackageManager(  477): Renaming /data/app/vmdl2046434637.tmp to /data/app/com.example.facedoor-1
I/ActivityManagerService(  477): Force stopping com.example.facedoor appid=10055 user=-1: uninstall pkg
I/PackageManager(  477): Package com.example.facedoor codePath changed from /data/app/com.example.facedoor-2 to /data/app/com.example.facedoor-1; Retaining data and using new
W/PackageManager(  477): Code path for pkg : com.example.facedoor changing from /data/app/com.example.facedoor-2 to /data/app/com.example.facedoor-1
W/PackageManager(  477): Resource path for pkg : com.example.facedoor changing from /data/app/com.example.facedoor-2 to /data/app/com.example.facedoor-1
I/ActivityManagerService(  477): Force stopping com.example.facedoor appid=10055 user=-1: update pkg
W/PackageManager(  477): Not granting permission android.permission.MOUNT_UNMOUNT_FILESYSTEMS to package com.example.facedoor (protectionLevel=18 flags=0x8be46)
I/ActivityManagerService(  477): Force stopping com.example.facedoor appid=10055 user=0: pkg removed
D/JobSchedulerService(  477): Receieved: android.intent.action.PACKAGE_REMOVED
D/BackupManagerService(  477): Received broadcast Intent { act=android.intent.action.PACKAGE_REMOVED dat=package:com.example.facedoor flg=0x4000010 (has extras) }
D/BackupManagerService(  477): Received broadcast Intent { act=android.intent.action.PACKAGE_ADDED dat=package:com.example.facedoor flg=0x4000010 (has extras) }
W/BackupManagerService(  477): Removing schedule queue dupe of com.example.facedoor
W/ContextImpl( 1124): Calling a method in the system process without a qualified user: android.app.ContextImpl.startService:1715 android.content.ContextWrapper.startService:516 android.content.ContextWrapper.startService:516 com.android.keychain.KeyChainBroadcastReceiver.onReceive:12 android.app.ActivityThread.handleReceiver:2629 
W/VoiceInteractionManagerService(  477): no available voice recognition services found for user 0
W/PackageManager(  477): Couldn't remove dex file for package:  at location /data/app/com.example.facedoor-2/split_lib_dependencies_apk.apk, retcode=-1
W/PackageManager(  477): Couldn't remove dex file for package:  at location /data/app/com.example.facedoor-2/split_lib_slice_0_apk.apk, retcode=-1
W/PackageManager(  477): Couldn't remove dex file for package:  at location /data/app/com.example.facedoor-2/split_lib_slice_1_apk.apk, retcode=-1
W/PackageManager(  477): Couldn't remove dex file for package:  at location /data/app/com.example.facedoor-2/split_lib_slice_2_apk.apk, retcode=-1
W/PackageManager(  477): Couldn't remove dex file for package:  at location /data/app/com.example.facedoor-2/split_lib_slice_3_apk.apk, retcode=-1
W/PackageManager(  477): Couldn't remove dex file for package:  at location /data/app/com.example.facedoor-2/split_lib_slice_4_apk.apk, retcode=-1
W/PackageManager(  477): Couldn't remove dex file for package:  at location /data/app/com.example.facedoor-2/split_lib_slice_5_apk.apk, retcode=-1
W/PackageManager(  477): Couldn't remove dex file for package:  at location /data/app/com.example.facedoor-2/split_lib_slice_6_apk.apk, retcode=-1
W/PackageManager(  477): Couldn't remove dex file for package:  at location /data/app/com.example.facedoor-2/split_lib_slice_7_apk.apk, retcode=-1
W/PackageManager(  477): Couldn't remove dex file for package:  at location /data/app/com.example.facedoor-2/split_lib_slice_8_apk.apk, retcode=-1
W/PackageManager(  477): Couldn't remove dex file for package:  at location /data/app/com.example.facedoor-2/split_lib_slice_9_apk.apk, retcode=-1
I/ActivityStackSupervisor(  477): START u0 {act=android.intent.action.MAIN cat=[android.intent.category.LAUNCHER] flg=0x10000000 cmp=com.example.facedoor/.LauncherActivity} from uid 2000 on display 0
I/ActivityManagerService(  477): Start proc 7843:com.example.facedoor/u0a55 for activity com.example.facedoor/.LauncherActivity
V/WindowManagerService(  477): Adding window Window{1f8cb1fc u0 Starting com.example.facedoor} at 3 of 9 (after Window{3a3ab3aa u0 com.android.launcher3/com.android.launcher3.Launcher})
W/ActivityManagerService(  477): Unable to start service Intent { cmp=com.example.facedoor/com.iflytek.common.LaunchService } U=0: not found
V/WindowManagerService(  477): Adding window Window{45e922c u0 com.example.facedoor/com.example.facedoor.LauncherActivity} at 3 of 10 (before Window{1f8cb1fc u0 Starting com.example.facedoor})
D/TaskPersister(  477): removeObsoleteFile: deleting file=544_task.xml
I/ActivityManagerService(  477): Force stopping com.example.facedoor appid=10055 user=0: from pid 7909
I/ActivityManagerService(  477): Killing 7843:com.example.facedoor/u0a55 (adj 0): stop com.example.facedoor
I/WindowState(  477): WIN DEATH: Window{45e922c u0 com.example.facedoor/com.example.facedoor.LauncherActivity}
W/ActivityManagerService(  477): Scheduling restart of crashed service com.example.facedoor/.DDSService in 1000ms
W/ActivityManagerService(  477): Force removing ActivityRecord{3cebbbf7 u0 com.example.facedoor/.LauncherActivity t545}: app died, no saved state
D/ActivityManagerService(  477): moveHomeStackTaskToTop: moving TaskRecord{1a0371e3 #512 A=com.android.launcher3 U=0 sz=1}
I/ActivityManagerService(  477):   Force stopping service ServiceRecord{1c057b3d u0 com.example.facedoor/.DDSService}
W/ActivityManagerService(  477): Spurious death for ProcessRecord{7983d56 7843:com.example.facedoor/u0a55}, curProc for 7843: null
W/InputMethodManagerService(  477): Got RemoteException sending setActive(false) notification to pid 7843 uid 10055
D/PackageInstaller(  477): Linking /data/app/com.example.facedoor-1/split_lib_dependencies_apk.apk to /data/app/vmdl2062576432.tmp/split_lib_dependencies_apk.apk
D/PackageInstaller(  477): Linking /data/app/com.example.facedoor-1/split_lib_slice_0_apk.apk to /data/app/vmdl2062576432.tmp/split_lib_slice_0_apk.apk
D/PackageInstaller(  477): Linking /data/app/com.example.facedoor-1/split_lib_slice_1_apk.apk to /data/app/vmdl2062576432.tmp/split_lib_slice_1_apk.apk
D/PackageInstaller(  477): Linking /data/app/com.example.facedoor-1/split_lib_slice_2_apk.apk to /data/app/vmdl2062576432.tmp/split_lib_slice_2_apk.apk
D/PackageInstaller(  477): Linking /data/app/com.example.facedoor-1/split_lib_slice_3_apk.apk to /data/app/vmdl2062576432.tmp/split_lib_slice_3_apk.apk
D/PackageInstaller(  477): Linking /data/app/com.example.facedoor-1/split_lib_slice_4_apk.apk to /data/app/vmdl2062576432.tmp/split_lib_slice_4_apk.apk
D/PackageInstaller(  477): Linking /data/app/com.example.facedoor-1/split_lib_slice_5_apk.apk to /data/app/vmdl2062576432.tmp/split_lib_slice_5_apk.apk
D/PackageInstaller(  477): Linking /data/app/com.example.facedoor-1/split_lib_slice_7_apk.apk to /data/app/vmdl2062576432.tmp/split_lib_slice_7_apk.apk
D/PackageInstaller(  477): Linking /data/app/com.example.facedoor-1/split_lib_slice_8_apk.apk to /data/app/vmdl2062576432.tmp/split_lib_slice_8_apk.apk
D/PackageInstaller(  477): Linking /data/app/com.example.facedoor-1/split_lib_slice_9_apk.apk to /data/app/vmdl2062576432.tmp/split_lib_slice_9_apk.apk
D/PackageInstaller(  477): Linked 10 files into /data/app/vmdl2062576432.tmp
D/PackageManager(  477): /data/app/vmdl2062576432.tmp already staged; skipping copy
W/PackageParser(  477): Unknown element under <manifest>: meta-data at /data/app/vmdl2062576432.tmp/base.apk Binary XML file line #42
D/PackageManager(  477): Renaming /data/app/vmdl2062576432.tmp to /data/app/com.example.facedoor-2
I/ActivityManagerService(  477): Force stopping com.example.facedoor appid=10055 user=-1: uninstall pkg
I/PackageManager(  477): Package com.example.facedoor codePath changed from /data/app/com.example.facedoor-1 to /data/app/com.example.facedoor-2; Retaining data and using new
W/PackageManager(  477): Code path for pkg : com.example.facedoor changing from /data/app/com.example.facedoor-1 to /data/app/com.example.facedoor-2
I/ActivityManagerService(  477): Force stopping com.example.facedoor appid=10055 user=-1: update pkg
W/PackageManager(  477): Resource path for pkg : com.example.facedoor changing from /data/app/com.example.facedoor-1 to /data/app/com.example.facedoor-2
W/PackageManager(  477): Not granting permission android.permission.MOUNT_UNMOUNT_FILESYSTEMS to package com.example.facedoor (protectionLevel=18 flags=0x8be46)
I/ActivityManagerService(  477): Force stopping com.example.facedoor appid=10055 user=0: pkg removed
D/JobSchedulerService(  477): Receieved: android.intent.action.PACKAGE_REMOVED
D/BackupManagerService(  477): Received broadcast Intent { act=android.intent.action.PACKAGE_REMOVED dat=package:com.example.facedoor flg=0x4000010 (has extras) }
W/ContextImpl( 1124): Calling a method in the system process without a qualified user: android.app.ContextImpl.startService:1715 android.content.ContextWrapper.startService:516 android.content.ContextWrapper.startService:516 com.android.keychain.KeyChainBroadcastReceiver.onReceive:12 android.app.ActivityThread.handleReceiver:2629 
D/BackupManagerService(  477): Received broadcast Intent { act=android.intent.action.PACKAGE_ADDED dat=package:com.example.facedoor flg=0x4000010 (has extras) }
W/BackupManagerService(  477): Removing schedule queue dupe of com.example.facedoor
W/VoiceInteractionManagerService(  477): no available voice recognition services found for user 0
W/PackageManager(  477): Couldn't remove dex file for package:  at location /data/app/com.example.facedoor-1/split_lib_dependencies_apk.apk, retcode=-1
W/PackageManager(  477): Couldn't remove dex file for package:  at location /data/app/com.example.facedoor-1/split_lib_slice_0_apk.apk, retcode=-1
W/PackageManager(  477): Couldn't remove dex file for package:  at location /data/app/com.example.facedoor-1/split_lib_slice_1_apk.apk, retcode=-1
W/PackageManager(  477): Couldn't remove dex file for package:  at location /data/app/com.example.facedoor-1/split_lib_slice_2_apk.apk, retcode=-1
W/PackageManager(  477): Couldn't remove dex file for package:  at location /data/app/com.example.facedoor-1/split_lib_slice_3_apk.apk, retcode=-1
W/PackageManager(  477): Couldn't remove dex file for package:  at location /data/app/com.example.facedoor-1/split_lib_slice_4_apk.apk, retcode=-1
W/PackageManager(  477): Couldn't remove dex file for package:  at location /data/app/com.example.facedoor-1/split_lib_slice_5_apk.apk, retcode=-1
W/PackageManager(  477): Couldn't remove dex file for package:  at location /data/app/com.example.facedoor-1/split_lib_slice_6_apk.apk, retcode=-1
W/PackageManager(  477): Couldn't remove dex file for package:  at location /data/app/com.example.facedoor-1/split_lib_slice_7_apk.apk, retcode=-1
W/PackageManager(  477): Couldn't remove dex file for package:  at location /data/app/com.example.facedoor-1/split_lib_slice_8_apk.apk, retcode=-1
W/PackageManager(  477): Couldn't remove dex file for package:  at location /data/app/com.example.facedoor-1/split_lib_slice_9_apk.apk, retcode=-1
I/ActivityStackSupervisor(  477): START u0 {act=android.intent.action.MAIN cat=[android.intent.category.LAUNCHER] flg=0x10000000 cmp=com.example.facedoor/.LauncherActivity} from uid 2000 on display 0
I/ActivityManagerService(  477): Start proc 8078:com.example.facedoor/u0a55 for activity com.example.facedoor/.LauncherActivity
V/WindowManagerService(  477): Adding window Window{3bfe66e6 u0 Starting com.example.facedoor} at 3 of 9 (after Window{3a3ab3aa u0 com.android.launcher3/com.android.launcher3.Launcher})
W/ActivityManagerService(  477): Unable to start service Intent { cmp=com.example.facedoor/com.iflytek.common.LaunchService } U=0: not found
V/WindowManagerService(  477): Adding window Window{b245596 u0 com.example.facedoor/com.example.facedoor.LauncherActivity} at 3 of 10 (before Window{3bfe66e6 u0 Starting com.example.facedoor})
D/TaskPersister(  477): removeObsoleteFile: deleting file=545_task.xml
I/ActivityManagerService(  477): Force stopping com.example.facedoor appid=10055 user=0: from pid 8140
I/ActivityManagerService(  477): Killing 8078:com.example.facedoor/u0a55 (adj 0): stop com.example.facedoor
I/WindowState(  477): WIN DEATH: Window{b245596 u0 com.example.facedoor/com.example.facedoor.LauncherActivity}
W/ActivityManagerService(  477): Scheduling restart of crashed service com.example.facedoor/.DDSService in 1000ms
W/ActivityManagerService(  477): Force removing ActivityRecord{25217a09 u0 com.example.facedoor/.LauncherActivity t546}: app died, no saved state
D/ActivityManagerService(  477): moveHomeStackTaskToTop: moving TaskRecord{1a0371e3 #512 A=com.android.launcher3 U=0 sz=1}
I/ActivityManagerService(  477):   Force stopping service ServiceRecord{19e9611f u0 com.example.facedoor/.DDSService}
W/ActivityManagerService(  477): Spurious death for ProcessRecord{20745570 8078:com.example.facedoor/u0a55}, curProc for 8078: null
W/InputMethodManagerService(  477): Got RemoteException sending setActive(false) notification to pid 8078 uid 10055
I/ActivityManagerService(  477): Force stopping com.example.facedoor appid=10055 user=0: from pid 8189
I/ActivityManagerService(  477): Force stopping com.example.facedoor appid=10055 user=-1: set debug app
I/ActivityStackSupervisor(  477): START u0 {act=android.intent.action.MAIN cat=[android.intent.category.LAUNCHER] flg=0x10000000 cmp=com.example.facedoor/.LauncherActivity} from uid 2000 on display 0
I/ActivityManagerService(  477): Start proc 8219:com.example.facedoor/u0a55 for activity com.example.facedoor/.LauncherActivity
V/WindowManagerService(  477): Adding window Window{13daa659 u0 Starting com.example.facedoor} at 3 of 9 (after Window{3a3ab3aa u0 com.android.launcher3/com.android.launcher3.Launcher})
W/ActivityThread( 8219): Application com.example.facedoor is waiting for the debugger on port 8100...
D/TaskPersister(  477): removeObsoleteFile: deleting file=546_task.xml
W/ActivityManagerService(  477): Unable to start service Intent { cmp=com.example.facedoor/com.iflytek.common.LaunchService } U=0: not found
V/WindowManagerService(  477): Adding window Window{de9077e u0 com.example.facedoor/com.example.facedoor.LauncherActivity} at 3 of 10 (before Window{13daa659 u0 Starting com.example.facedoor})
D/ConnectivityService(  477): registerNetworkAgent NetworkAgentInfo{ ni{[type: Ethernet[], state: CONNECTED/CONNECTED, reason: (unspecified), extra: 00:00:a4:77:4d:eb, roaming: false, failover: false, isAvailable: true, isConnectedToProvisioningNetwork: false]}  network{null}  lp{{InterfaceName: eth0 LinkAddresses: [192.168.1.115/24,]  Routes: [192.168.1.0/24 -> 0.0.0.0 eth0,0.0.0.0/0 -> 192.168.1.1 eth0,] DnsAddresses: [192.168.1.1,0.0.0.0,] Domains:  MTU: 0 TcpBufferSizes: 524288,1048576,3145728,524288,1048576,2097152}}  nc{[ Transports: ETHERNET Capabilities: INTERNET&NOT_RESTRICTED&TRUSTED&NOT_VPN LinkUpBandwidth>=100000Kbps LinkDnBandwidth>=100000Kbps]}  Score{110}  everValidated{false}  lastValidated{false}  created{false}  explicitlySelected{false} }
D/ConnectivityService(  477): NetworkAgentInfo [Ethernet () - 100] EVENT_NETWORK_INFO_CHANGED, going from null to CONNECTED
D/ConnectivityService(  477): Adding iface eth0 to network 100
E/ConnectivityService(  477): Unexpected mtu value: 0, eth0
D/ConnectivityService(  477): Adding Route [192.168.1.0/24 -> 0.0.0.0 eth0] to network 100
D/ConnectivityService(  477): Adding Route [0.0.0.0/0 -> 192.168.1.1 eth0] to network 100
D/ConnectivityService(  477): Setting Dns servers for network 100 to [/192.168.1.1, /0.0.0.0]
D/ConnectivityService(  477): notifyType IP_CHANGED for NetworkAgentInfo [Ethernet () - 100]
D/ConnectivityService(  477): notifyType PRECHECK for NetworkAgentInfo [Ethernet () - 100]
D/ConnectivityService(  477): rematching NetworkAgentInfo [Ethernet () - 100]
D/ConnectivityService(  477): currentScore = 0, newScore = 110
D/ConnectivityService(  477):    accepting network in place of null
D/ConnectivityService(  477): Switching to new default network: NetworkAgentInfo{ ni{[type: Ethernet[], state: CONNECTED/CONNECTED, reason: (unspecified), extra: 00:00:a4:77:4d:eb, roaming: false, failover: false, isAvailable: true, isConnectedToProvisioningNetwork: false]}  network{100}  lp{{InterfaceName: eth0 LinkAddresses: [192.168.1.115/24,]  Routes: [192.168.1.0/24 -> 0.0.0.0 eth0,0.0.0.0/0 -> 192.168.1.1 eth0,] DnsAddresses: [192.168.1.1,0.0.0.0,] Domains:  MTU: 0 TcpBufferSizes: 524288,1048576,3145728,524288,1048576,2097152}}  nc{[ Transports: ETHERNET Capabilities: INTERNET&NOT_RESTRICTED&TRUSTED&NOT_VPN LinkUpBandwidth>=100000Kbps LinkDnBandwidth>=100000Kbps]}  Score{110}  everValidated{false}  lastValidated{false}  created{true}  explicitlySelected{false} }
D/ConnectivityService(  477): Setting tx/rx TCP buffers to 524288,1048576,3145728,524288,1048576,2097152
D/ConnectivityService(  477): notifyType AVAILABLE for NetworkAgentInfo [Ethernet () - 100]
D/CSLegacyTypeTracker(  477): Sending connected broadcast for type 9 NetworkAgentInfo [Ethernet () - 100] isDefaultNetwork=true
D/ConnectivityService(  477): sendStickyBroadcast: action=android.net.conn.CONNECTIVITY_CHANGE_IMMEDIATE
D/ConnectivityService(  477): sendStickyBroadcast: action=android.net.conn.CONNECTIVITY_CHANGE
D/ConnectivityService(  477): setProvNotificationVisibleIntent: E visible=false networkType=0 extraInfo=null
D/ConnectivityService(  477): Validated NetworkAgentInfo [Ethernet () - 100]
D/ConnectivityService(  477): rematching NetworkAgentInfo [Ethernet () - 100]
D/ConnectivityService(  477): Network NetworkAgentInfo [Ethernet () - 100] was already satisfying request 1. No change.
D/ConnectivityService(  477): notifyType AVAILABLE for NetworkAgentInfo [Ethernet () - 100]
D/ConnectivityService(  477): sendStickyBroadcast: action=android.net.conn.INET_CONDITION_ACTION
D/ActivityManagerService(  477): moveHomeStackTaskToTop: moving TaskRecord{1a0371e3 #512 A=com.android.launcher3 U=0 sz=1}
I/ActivityStackSupervisor(  477): START u0 {act=android.intent.action.MAIN cat=[android.intent.category.LAUNCHER] flg=0x10200000 cmp=com.android.browser/.BrowserActivity (has extras)} from uid 10026 on display 0
I/ActivityManagerService(  477): Start proc 8311:com.android.browser/u0a14 for activity com.android.browser/.BrowserActivity
V/WindowManagerService(  477): Adding window Window{4dfccc1 u0 Starting com.android.browser} at 3 of 9 (after Window{3a3ab3aa u0 com.android.launcher3/com.android.launcher3.Launcher})
V/WindowManagerService(  477): Adding window Window{16e632a2 u0 com.android.browser/com.android.browser.BrowserActivity} at 3 of 10 (before Window{4dfccc1 u0 Starting com.android.browser})
D/TaskPersister(  477): removeObsoleteFile: deleting file=458_task.xml
D/TaskPersister(  477): removeObsoleteFile: deleting file=458_task_thumbnail.png
I/ActivityManagerService(  477): moveTaskToBack: TaskRecord{2a9ebfa1 #548 A=android.task.browser U=0 sz=1}
I/ActivityManagerService(  477): false================   TaskRecord{1b80d5c6 #188 A=com.xinhua.testapk U=0 sz=0} numTs: 35
I/ActivityManagerService(  477): false================   TaskRecord{14218987 #458 A=android.task.browser U=0 sz=0} numTs: 34
I/ActivityManagerService(  477): false================   TaskRecord{2f98e0b4 #403 A=com.android.gallery3d U=0 sz=0} numTs: 33
I/ActivityManagerService(  477): false================   TaskRecord{17c6b4dd #391 A=com.android.camera.CameraActivity U=0 sz=0} numTs: 32
I/ActivityManagerService(  477): false================   TaskRecord{2aa48852 #338 A=com.sigma_rt.totalcontrol U=0 sz=0} numTs: 31
I/ActivityManagerService(  477): false================   TaskRecord{b033723 #298 A=com.android.rk U=0 sz=0} numTs: 30
I/ActivityManagerService(  477): false================   TaskRecord{333d5420 #289 A=android.task.contacts U=0 sz=0} numTs: 29
I/ActivityManagerService(  477): false================   TaskRecord{317ec1d9 #288 A=com.example.touchpack U=0 sz=0} numTs: 28
I/ActivityManagerService(  477): false================   TaskRecord{38ded79e #189 A=com.android.soundrecorder U=0 sz=0} numTs: 27
I/ActivityManagerService(  477): false================   TaskRecord{3ec8227f #511 A=com.example.facedoor U=0 sz=0} numTs: 26
I/ActivityManagerService(  477): false================   TaskRecord{22f3924c #514 A=com.example.facedoor U=0 sz=0} numTs: 25
I/ActivityManagerService(  477): false================   TaskRecord{b10a295 #515 A=com.example.facedoor U=0 sz=0} numTs: 24
I/ActivityManagerService(  477): false================   TaskRecord{1bdccfaa #516 A=com.android.settings U=0 sz=0} numTs: 23
I/ActivityManagerService(  477): false================   TaskRecord{2bc6679b #518 A=com.example.facedoor U=0 sz=0} numTs: 22
I/ActivityManagerService(  477): false================   TaskRecord{13ed8738 #519 A=com.android.settings U=0 sz=0} numTs: 21
I/ActivityManagerService(  477): false================   TaskRecord{28a5d311 #524 A=com.example.facedoor U=0 sz=0} numTs: 20
I/ActivityManagerService(  477): false================   TaskRecord{303568c8 #525 A=com.example.facedoor U=0 sz=0} numTs: 19
I/ActivityManagerService(  477): false================   TaskRecord{83ea1ed #527 A=com.example.facedoor U=0 sz=0} numTs: 18
I/ActivityManagerService(  477): false================   TaskRecord{3aedee9b #528 A=com.example.facedoor U=0 sz=0} numTs: 17
I/ActivityManagerService(  477): false================   TaskRecord{25103c76 #529 A=com.example.facedoor U=0 sz=0} numTs: 16
I/ActivityManagerService(  477): false================   TaskRecord{3399e277 #530 A=com.android.settings U=0 sz=0} numTs: 15
I/ActivityManagerService(  477): false================   TaskRecord{3a8fdee4 #532 I=com.android.settings/.Settings$ScheduledSettingsActivity U=0 sz=0} numTs: 14
I/ActivityManagerService(  477): false================   TaskRecord{d838f4d #531 A=com.xinhua.testapk U=0 sz=0} numTs: 13
I/ActivityManagerService(  477): false================   TaskRecord{393baa02 #533 A=com.example.facedoor U=0 sz=0} numTs: 12
I/ActivityManagerService(  477): false================   TaskRecord{12ed2c7 #534 A=com.example.facedoor U=0 sz=0} numTs: 11
I/ActivityManagerService(  477): false================   TaskRecord{2da8ec9b #535 A=com.example.facedoor U=0 sz=0} numTs: 10
I/ActivityManagerService(  477): false================   TaskRecord{bc02f13 #536 A=com.example.facedoor U=0 sz=0} numTs: 9
I/ActivityManagerService(  477): false================   TaskRecord{ade0550 #537 A=com.android.soundrecorder U=0 sz=0} numTs: 8
I/ActivityManagerService(  477): false================   TaskRecord{3206d349 #538 A=com.example.facedoor U=0 sz=0} numTs: 7
I/ActivityManagerService(  477): false================   TaskRecord{14be644e #539 A=com.android.settings U=0 sz=0} numTs: 6
I/ActivityManagerService(  477): false================   TaskRecord{3236a4a5 #541 A=com.example.facedoor U=0 sz=0} numTs: 5
I/ActivityManagerService(  477): false================   TaskRecord{39f4a96f #542 A=com.android.settings U=0 sz=0} numTs: 4
I/ActivityManagerService(  477): false================   TaskRecord{2521bf51 #543 A=com.example.facedoor U=0 sz=0} numTs: 3
I/ActivityManagerService(  477): false================   TaskRecord{33a6267c #547 A=com.example.facedoor U=0 sz=0} numTs: 2
I/ActivityManagerService(  477): truemove task to back resumeHomeStackTask   TaskRecord{2a9ebfa1 #548 A=android.task.browser U=0 sz=1}
D/ActivityManagerService(  477): moveHomeStackTaskToTop: moving TaskRecord{1a0371e3 #512 A=com.android.launcher3 U=0 sz=1}
