I/art     (  938): Debugger is no longer active
I/art     ( 6700): Debugger is no longer active
D/UsbDeviceManager(  477): Usb state is false false true
D/Tethering(  477): UsbManager.ACTION_USB_STATE: false, false, false
D/xzj     (  579): false---------------------------ooooooooooo,stop mtp service---------------false
D/MountService(  477): sharedvolumeNum: 0 ;avail: false
D/RKUpdateReceiver(  646): action = android.hardware.usb.action.USB_STATE
W/AIN-LauncherActivity( 9093): 	waiting  init complete finish...
I/===DaemonService===( 1342): ############## Rotation : 0
I/===DaemonService===( 1342): ScreenOrientationThread:0 screentOrientation:0
I/===APKProtocolTransmit===( 1342): Ready send su-cmd:275
I/===APKProtocolTransmit===( 1342): Start send su-cmd:275 length[14]
I/===APKProtocolTransmit===( 1342): the C socket has not been connected,so dicard the send command:[275]
I/===APKProtocolTransmit===( 1342): End send sb-cmd:275
D/UsbDeviceManager(  477): Usb state is true false true
I/ValidateNoPeople(  477): skipping global notification
D/MountService(  477): sharedvolumeNum: 0 ;avail: true
D/Tethering(  477): UsbManager.ACTION_USB_STATE: true, false, false
D/xzj     (  579): false---------------------------ooooooooooo,stop mtp service---------------false
D/RKUpdateReceiver(  646): action = android.hardware.usb.action.USB_STATE
I/ValidateNoPeople(  477): skipping global notification
D/UsbDeviceManager(  477): Usb state is true true true
D/Tethering(  477): UsbManager.ACTION_USB_STATE: true, false, false
D/xzj     (  579): true---------------------------ooooooooooo,stop mtp service---------------false
D/MountService(  477): sharedvolumeNum: 0 ;avail: true
D/RKUpdateReceiver(  646): action = android.hardware.usb.action.USB_STATE
I/ValidateNoPeople(  477): skipping global notification
I/USBService( 1342): send udp to check mobileagent state.
I/===Mrcp===( 1342): sending cmd:276
I/USBService( 1342): command is : [277] 
I/USBService( 1342): res:-131070 res2:2 opt:-2
I/USBService( 1342): receive udp of checking mobileagent state:-2. 
I/USBService( 1342): get mobileagent state 1 and current mobileagent state 1
W/AIN-LauncherActivity( 9093): 	waiting  init complete finish...
W/AIN-LauncherActivity( 9093): 	waiting  init complete finish...
W/AIN-LauncherActivity( 9093): 	waiting  init complete finish...
W/AIN-LauncherActivity( 9093): 	waiting  init complete finish...
I/===DaemonService===( 1342): ############## Rotation : 0
I/===DaemonService===( 1342): ScreenOrientationThread:0 screentOrientation:0
I/===APKProtocolTransmit===( 1342): Ready send su-cmd:275
I/===APKProtocolTransmit===( 1342): Start send su-cmd:275 length[14]
I/===APKProtocolTransmit===( 1342): the C socket has not been connected,so dicard the send command:[275]
I/===APKProtocolTransmit===( 1342): End send sb-cmd:275
W/AIN-LauncherActivity( 9093): 	waiting  init complete finish...
W/linker  ( 9288): /data/local/tmp/perfd/perfd: unused DT entry: type 0x6ffffffe arg 0x2014
W/linker  ( 9288): /data/local/tmp/perfd/perfd: unused DT entry: type 0x6fffffff arg 0x2
W/AIN-LauncherActivity( 9093): 	waiting  init complete finish...
W/AIN-LauncherActivity( 9093): 	waiting  init complete finish...
I/USBService( 1342): send udp to check mobileagent state.
I/===Mrcp===( 1342): sending cmd:276
I/USBService( 1342): command is : [277] 
I/USBService( 1342): res:-131070 res2:2 opt:-2
I/USBService( 1342): receive udp of checking mobileagent state:-2. 
I/USBService( 1342): get mobileagent state 1 and current mobileagent state 1
W/AIN-LauncherActivity( 9093): 	waiting  init complete finish...
I/===DaemonService===( 1342): ############## Rotation : 0
I/===DaemonService===( 1342): ScreenOrientationThread:0 screentOrientation:0
I/===APKProtocolTransmit===( 1342): Ready send su-cmd:275
I/===APKProtocolTransmit===( 1342): Start send su-cmd:275 length[14]
I/===APKProtocolTransmit===( 1342): the C socket has not been connected,so dicard the send command:[275]
I/===APKProtocolTransmit===( 1342): End send sb-cmd:275
W/AIN-LauncherActivity( 9093): 	waiting  init complete finish...
D/AndroidRuntime( 9319): >>>>>> START com.android.internal.os.RuntimeInit uid 2000 <<<<<<
D/AndroidRuntime( 9319): CheckJNI is OFF
I/AndroidRuntime( 9319): JNI options: '-Xjniopts:warnonly'
E/memtrack( 9319): Couldn't load memtrack module (No such file or directory)
E/android.os.Debug( 9319): failed to load memtrack module: -2
D/AndroidRuntime( 9319): Calling main entry com.android.commands.pm.Pm
I/art     ( 9319): System.exit called, status: 0
I/AndroidRuntime( 9319): VM exiting with result code 0.
W/AIN-LauncherActivity( 9093): 	waiting  init complete finish...
D/AndroidRuntime( 9341): >>>>>> START com.android.internal.os.RuntimeInit uid 2000 <<<<<<
D/AndroidRuntime( 9341): CheckJNI is OFF
I/AndroidRuntime( 9341): JNI options: '-Xjniopts:warnonly'
E/memtrack( 9341): Couldn't load memtrack module (No such file or directory)
E/android.os.Debug( 9341): failed to load memtrack module: -2
D/AndroidRuntime( 9341): Calling main entry com.android.commands.pm.Pm
I/art     ( 9341): System.exit called, status: 0
I/AndroidRuntime( 9341): VM exiting with result code 0.
W/AIN-LauncherActivity( 9093): 	waiting  init complete finish...
I/===DaemonService===( 1342): ############## Rotation : 0
I/===DaemonService===( 1342): ScreenOrientationThread:0 screentOrientation:0
I/===APKProtocolTransmit===( 1342): Ready send su-cmd:275
I/===APKProtocolTransmit===( 1342): Start send su-cmd:275 length[14]
I/===APKProtocolTransmit===( 1342): the C socket has not been connected,so dicard the send command:[275]
I/===APKProtocolTransmit===( 1342): End send sb-cmd:275
W/AIN-LauncherActivity( 9093): 	waiting  init complete finish...
W/AIN-LauncherActivity( 9093): 	waiting  init complete finish...
I/USBService( 1342): send udp to check mobileagent state.
I/===Mrcp===( 1342): sending cmd:276
I/USBService( 1342): command is : [277] 
I/USBService( 1342): res:-131070 res2:2 opt:-2
I/USBService( 1342): receive udp of checking mobileagent state:-2. 
I/USBService( 1342): get mobileagent state 1 and current mobileagent state 1
W/AIN-LauncherActivity( 9093): 	waiting  init complete finish...
W/AIN-LauncherActivity( 9093): 	waiting  init complete finish...
I/===DaemonService===( 1342): ############## Rotation : 0
I/===DaemonService===( 1342): ScreenOrientationThread:0 screentOrientation:0
I/===APKProtocolTransmit===( 1342): Ready send su-cmd:275
I/===APKProtocolTransmit===( 1342): Start send su-cmd:275 length[14]
I/===APKProtocolTransmit===( 1342): the C socket has not been connected,so dicard the send command:[275]
I/===APKProtocolTransmit===( 1342): End send sb-cmd:275
W/AIN-LauncherActivity( 9093): 	waiting  init complete finish...
D/AndroidRuntime( 9386): >>>>>> START com.android.internal.os.RuntimeInit uid 2000 <<<<<<
D/AndroidRuntime( 9386): CheckJNI is OFF
I/AndroidRuntime( 9386): JNI options: '-Xjniopts:warnonly'
E/memtrack( 9386): Couldn't load memtrack module (No such file or directory)
E/android.os.Debug( 9386): failed to load memtrack module: -2
D/AndroidRuntime( 9386): Calling main entry com.android.commands.pm.Pm
I/art     ( 9386): System.exit called, status: 0
I/AndroidRuntime( 9386): VM exiting with result code 0.
D/AndroidRuntime( 9407): >>>>>> START com.android.internal.os.RuntimeInit uid 2000 <<<<<<
D/AndroidRuntime( 9407): CheckJNI is OFF
I/AndroidRuntime( 9407): JNI options: '-Xjniopts:warnonly'
E/memtrack( 9407): Couldn't load memtrack module (No such file or directory)
E/android.os.Debug( 9407): failed to load memtrack module: -2
D/AndroidRuntime( 9407): Calling main entry com.android.commands.pm.Pm
I/installd(  164): free_cache(256437) avail 1619091456
W/AIN-LauncherActivity( 9093): 	waiting  init complete finish...
I/art     ( 9407): System.exit called, status: 0
I/AndroidRuntime( 9407): VM exiting with result code 0.
D/AndroidRuntime( 9426): >>>>>> START com.android.internal.os.RuntimeInit uid 2000 <<<<<<
D/AndroidRuntime( 9426): CheckJNI is OFF
I/AndroidRuntime( 9426): JNI options: '-Xjniopts:warnonly'
E/memtrack( 9426): Couldn't load memtrack module (No such file or directory)
E/android.os.Debug( 9426): failed to load memtrack module: -2
D/AndroidRuntime( 9426): Calling main entry com.android.commands.pm.Pm
I/installd(  164): free_cache(21650) avail 1618837504
I/art     ( 9426): System.exit called, status: 0
I/AndroidRuntime( 9426): VM exiting with result code 0.
D/AndroidRuntime( 9444): >>>>>> START com.android.internal.os.RuntimeInit uid 2000 <<<<<<
D/AndroidRuntime( 9444): CheckJNI is OFF
I/AndroidRuntime( 9444): JNI options: '-Xjniopts:warnonly'
E/memtrack( 9444): Couldn't load memtrack module (No such file or directory)
E/android.os.Debug( 9444): failed to load memtrack module: -2
D/AndroidRuntime( 9444): Calling main entry com.android.commands.pm.Pm
I/installd(  164): free_cache(29370) avail 1618812928
I/art     ( 9444): System.exit called, status: 0
I/AndroidRuntime( 9444): VM exiting with result code 0.
W/AIN-LauncherActivity( 9093): 	waiting  init complete finish...
D/AndroidRuntime( 9461): >>>>>> START com.android.internal.os.RuntimeInit uid 2000 <<<<<<
D/AndroidRuntime( 9461): CheckJNI is OFF
I/AndroidRuntime( 9461): JNI options: '-Xjniopts:warnonly'
E/memtrack( 9461): Couldn't load memtrack module (No such file or directory)
E/android.os.Debug( 9461): failed to load memtrack module: -2
D/AndroidRuntime( 9461): Calling main entry com.android.commands.pm.Pm
I/installd(  164): free_cache(4234) avail 1618780160
I/art     ( 9461): System.exit called, status: 0
I/AndroidRuntime( 9461): VM exiting with result code 0.
D/AndroidRuntime( 9479): >>>>>> START com.android.internal.os.RuntimeInit uid 2000 <<<<<<
D/AndroidRuntime( 9479): CheckJNI is OFF
I/AndroidRuntime( 9479): JNI options: '-Xjniopts:warnonly'
E/memtrack( 9479): Couldn't load memtrack module (No such file or directory)
E/android.os.Debug( 9479): failed to load memtrack module: -2
D/AndroidRuntime( 9479): Calling main entry com.android.commands.pm.Pm
I/installd(  164): free_cache(2366586) avail 1618771968
W/AIN-LauncherActivity( 9093): 	waiting  init complete finish...
I/===DaemonService===( 1342): ############## Rotation : 0
I/===DaemonService===( 1342): ScreenOrientationThread:0 screentOrientation:0
I/===APKProtocolTransmit===( 1342): Ready send su-cmd:275
I/===APKProtocolTransmit===( 1342): Start send su-cmd:275 length[14]
I/===APKProtocolTransmit===( 1342): the C socket has not been connected,so dicard the send command:[275]
I/===APKProtocolTransmit===( 1342): End send sb-cmd:275
I/USBService( 1342): send udp to check mobileagent state.
I/===Mrcp===( 1342): sending cmd:276
I/USBService( 1342): command is : [277] 
I/USBService( 1342): res:-131070 res2:2 opt:-2
I/USBService( 1342): receive udp of checking mobileagent state:-2. 
I/USBService( 1342): get mobileagent state 1 and current mobileagent state 1
W/AIN-LauncherActivity( 9093): 	waiting  init complete finish...
I/art     ( 9479): System.exit called, status: 0
I/AndroidRuntime( 9479): VM exiting with result code 0.
D/AndroidRuntime( 9504): >>>>>> START com.android.internal.os.RuntimeInit uid 2000 <<<<<<
D/AndroidRuntime( 9504): CheckJNI is OFF
I/AndroidRuntime( 9504): JNI options: '-Xjniopts:warnonly'
E/memtrack( 9504): Couldn't load memtrack module (No such file or directory)
E/android.os.Debug( 9504): failed to load memtrack module: -2
D/AndroidRuntime( 9504): Calling main entry com.android.commands.pm.Pm
I/installd(  164): free_cache(44413) avail 1616404480
I/art     ( 9504): System.exit called, status: 0
I/AndroidRuntime( 9504): VM exiting with result code 0.
D/AndroidRuntime( 9521): >>>>>> START com.android.internal.os.RuntimeInit uid 2000 <<<<<<
D/AndroidRuntime( 9521): CheckJNI is OFF
I/AndroidRuntime( 9521): JNI options: '-Xjniopts:warnonly'
E/memtrack( 9521): Couldn't load memtrack module (No such file or directory)
E/android.os.Debug( 9521): failed to load memtrack module: -2
D/AndroidRuntime( 9521): Calling main entry com.android.commands.pm.Pm
I/installd(  164): free_cache(8804) avail 1616359424
I/art     ( 9521): System.exit called, status: 0
I/AndroidRuntime( 9521): VM exiting with result code 0.
D/AndroidRuntime( 9539): >>>>>> START com.android.internal.os.RuntimeInit uid 2000 <<<<<<
D/AndroidRuntime( 9539): CheckJNI is OFF
I/AndroidRuntime( 9539): JNI options: '-Xjniopts:warnonly'
W/AIN-LauncherActivity( 9093): 	waiting  init complete finish...
E/memtrack( 9539): Couldn't load memtrack module (No such file or directory)
E/android.os.Debug( 9539): failed to load memtrack module: -2
D/AndroidRuntime( 9539): Calling main entry com.android.commands.pm.Pm
I/installd(  164): free_cache(3064) avail 1616347136
I/art     ( 9539): System.exit called, status: 0
I/AndroidRuntime( 9539): VM exiting with result code 0.
W/AIN-LauncherActivity( 9093): 	waiting  init complete finish...
D/AndroidRuntime( 9559): >>>>>> START com.android.internal.os.RuntimeInit uid 2000 <<<<<<
D/AndroidRuntime( 9559): CheckJNI is OFF
I/AndroidRuntime( 9559): JNI options: '-Xjniopts:warnonly'
E/memtrack( 9559): Couldn't load memtrack module (No such file or directory)
E/android.os.Debug( 9559): failed to load memtrack module: -2
D/AndroidRuntime( 9559): Calling main entry com.android.commands.pm.Pm
I/installd(  164): free_cache(5680) avail 1616343040
I/art     ( 9559): System.exit called, status: 0
I/AndroidRuntime( 9559): VM exiting with result code 0.
D/AndroidRuntime( 9583): >>>>>> START com.android.internal.os.RuntimeInit uid 2000 <<<<<<
D/AndroidRuntime( 9583): CheckJNI is OFF
I/AndroidRuntime( 9583): JNI options: '-Xjniopts:warnonly'
E/memtrack( 9583): Couldn't load memtrack module (No such file or directory)
E/android.os.Debug( 9583): failed to load memtrack module: -2
D/AndroidRuntime( 9583): Calling main entry com.android.commands.pm.Pm
I/installd(  164): free_cache(4257) avail 1616334848
W/AIN-LauncherActivity( 9093): 	waiting  init complete finish...
I/art     ( 9583): System.exit called, status: 0
I/AndroidRuntime( 9583): VM exiting with result code 0.
I/===DaemonService===( 1342): ############## Rotation : 0
I/===DaemonService===( 1342): ScreenOrientationThread:0 screentOrientation:0
I/===APKProtocolTransmit===( 1342): Ready send su-cmd:275
I/===APKProtocolTransmit===( 1342): Start send su-cmd:275 length[14]
I/===APKProtocolTransmit===( 1342): the C socket has not been connected,so dicard the send command:[275]
D/AndroidRuntime( 9601): >>>>>> START com.android.internal.os.RuntimeInit uid 2000 <<<<<<
D/AndroidRuntime( 9601): CheckJNI is OFF
I/AndroidRuntime( 9601): JNI options: '-Xjniopts:warnonly'
E/memtrack( 9601): Couldn't load memtrack module (No such file or directory)
E/android.os.Debug( 9601): failed to load memtrack module: -2
I/===APKProtocolTransmit===( 1342): End send sb-cmd:275
D/AndroidRuntime( 9601): Calling main entry com.android.commands.pm.Pm
I/installd(  164): free_cache(7638) avail 1616326656
I/art     ( 9601): System.exit called, status: 0
I/AndroidRuntime( 9601): VM exiting with result code 0.
D/AndroidRuntime( 9619): >>>>>> START com.android.internal.os.RuntimeInit uid 2000 <<<<<<
D/AndroidRuntime( 9619): CheckJNI is OFF
I/AndroidRuntime( 9619): JNI options: '-Xjniopts:warnonly'
E/memtrack( 9619): Couldn't load memtrack module (No such file or directory)
E/android.os.Debug( 9619): failed to load memtrack module: -2
D/AndroidRuntime( 9619): Calling main entry com.android.commands.pm.Pm
I/installd(  164): free_cache(31754315) avail 1616318464
W/AIN-LauncherActivity( 9093): 	waiting  init complete finish...
W/AIN-LauncherActivity( 9093): 	waiting  init complete finish...
I/USBService( 1342): send udp to check mobileagent state.
I/===Mrcp===( 1342): sending cmd:276
I/USBService( 1342): command is : [277] 
I/USBService( 1342): res:-131070 res2:2 opt:-2
I/USBService( 1342): receive udp of checking mobileagent state:-2. 
I/USBService( 1342): get mobileagent state 1 and current mobileagent state 1
W/AIN-LauncherActivity( 9093): 	waiting  init complete finish...
W/AIN-LauncherActivity( 9093): 	waiting  init complete finish...
I/===DaemonService===( 1342): ############## Rotation : 0
I/===DaemonService===( 1342): ScreenOrientationThread:0 screentOrientation:0
I/===APKProtocolTransmit===( 1342): Ready send su-cmd:275
I/===APKProtocolTransmit===( 1342): Start send su-cmd:275 length[14]
I/===APKProtocolTransmit===( 1342): the C socket has not been connected,so dicard the send command:[275]
I/===APKProtocolTransmit===( 1342): End send sb-cmd:275
W/AIN-LauncherActivity( 9093): 	waiting  init complete finish...
W/AIN-LauncherActivity( 9093): 	waiting  init complete finish...
W/AIN-LauncherActivity( 9093): 	waiting  init complete finish...
W/AIN-LauncherActivity( 9093): 	waiting  init complete finish...
I/===DaemonService===( 1342): ############## Rotation : 0
I/===DaemonService===( 1342): ScreenOrientationThread:0 screentOrientation:0
I/===APKProtocolTransmit===( 1342): Ready send su-cmd:275
I/===APKProtocolTransmit===( 1342): Start send su-cmd:275 length[14]
I/===APKProtocolTransmit===( 1342): the C socket has not been connected,so dicard the send command:[275]
I/===APKProtocolTransmit===( 1342): End send sb-cmd:275
W/AIN-LauncherActivity( 9093): 	waiting  init complete finish...
I/USBService( 1342): send udp to check mobileagent state.
I/===Mrcp===( 1342): sending cmd:276
I/USBService( 1342): command is : [277] 
I/USBService( 1342): res:-131070 res2:2 opt:-2
I/USBService( 1342): receive udp of checking mobileagent state:-2. 
I/USBService( 1342): get mobileagent state 1 and current mobileagent state 1
W/AIN-LauncherActivity( 9093): 	waiting  init complete finish...
W/AIN-LauncherActivity( 9093): 	waiting  init complete finish...
I/===DaemonService===( 1342): ############## Rotation : 0
I/===DaemonService===( 1342): ScreenOrientationThread:0 screentOrientation:0
I/===APKProtocolTransmit===( 1342): Ready send su-cmd:275
I/===APKProtocolTransmit===( 1342): Start send su-cmd:275 length[14]
I/===APKProtocolTransmit===( 1342): the C socket has not been connected,so dicard the send command:[275]
I/===APKProtocolTransmit===( 1342): End send sb-cmd:275
W/AIN-LauncherActivity( 9093): 	waiting  init complete finish...
W/AIN-LauncherActivity( 9093): 	waiting  init complete finish...
W/AIN-LauncherActivity( 9093): 	waiting  init complete finish...
W/AIN-LauncherActivity( 9093): 	waiting  init complete finish...
I/USBService( 1342): send udp to check mobileagent state.
I/===Mrcp===( 1342): sending cmd:276
I/USBService( 1342): command is : [277] 
I/USBService( 1342): res:-131070 res2:2 opt:-2
I/USBService( 1342): receive udp of checking mobileagent state:-2. 
I/USBService( 1342): get mobileagent state 1 and current mobileagent state 1
I/===DaemonService===( 1342): ############## Rotation : 0
I/===DaemonService===( 1342): ScreenOrientationThread:0 screentOrientation:0
I/===APKProtocolTransmit===( 1342): Ready send su-cmd:275
I/===APKProtocolTransmit===( 1342): Start send su-cmd:275 length[14]
I/===APKProtocolTransmit===( 1342): the C socket has not been connected,so dicard the send command:[275]
I/===APKProtocolTransmit===( 1342): End send sb-cmd:275
W/AIN-LauncherActivity( 9093): 	waiting  init complete finish...
W/AIN-LauncherActivity( 9093): 	waiting  init complete finish...
W/AIN-LauncherActivity( 9093): 	waiting  init complete finish...
W/AIN-LauncherActivity( 9093): 	waiting  init complete finish...
I/===DaemonService===( 1342): ############## Rotation : 0
I/===DaemonService===( 1342): ScreenOrientationThread:0 screentOrientation:0
I/===APKProtocolTransmit===( 1342): Ready send su-cmd:275
I/===APKProtocolTransmit===( 1342): Start send su-cmd:275 length[14]
I/===APKProtocolTransmit===( 1342): the C socket has not been connected,so dicard the send command:[275]
I/===APKProtocolTransmit===( 1342): End send sb-cmd:275
W/AIN-LauncherActivity( 9093): 	waiting  init complete finish...
W/AIN-LauncherActivity( 9093): 	waiting  init complete finish...
I/USBService( 1342): send udp to check mobileagent state.
I/===Mrcp===( 1342): sending cmd:276
I/USBService( 1342): command is : [277] 
I/USBService( 1342): res:-131070 res2:2 opt:-2
I/USBService( 1342): receive udp of checking mobileagent state:-2. 
I/USBService( 1342): get mobileagent state 1 and current mobileagent state 1
W/AIN-LauncherActivity( 9093): 	waiting  init complete finish...
W/AIN-LauncherActivity( 9093): 	waiting  init complete finish...
I/===DaemonService===( 1342): ############## Rotation : 0
I/===DaemonService===( 1342): ScreenOrientationThread:0 screentOrientation:0
I/===APKProtocolTransmit===( 1342): Ready send su-cmd:275
I/===APKProtocolTransmit===( 1342): Start send su-cmd:275 length[14]
I/===APKProtocolTransmit===( 1342): the C socket has not been connected,so dicard the send command:[275]
I/===APKProtocolTransmit===( 1342): End send sb-cmd:275
I/art     ( 9619): System.exit called, status: 0
I/AndroidRuntime( 9619): VM exiting with result code 0.
D/AndroidRuntime( 9745): >>>>>> START com.android.internal.os.RuntimeInit uid 2000 <<<<<<
D/AndroidRuntime( 9745): CheckJNI is OFF
I/AndroidRuntime( 9745): JNI options: '-Xjniopts:warnonly'
E/memtrack( 9745): Couldn't load memtrack module (No such file or directory)
E/android.os.Debug( 9745): failed to load memtrack module: -2
D/AndroidRuntime( 9745): Calling main entry com.android.commands.pm.Pm
W/AIN-LauncherActivity( 9093): 	waiting  init complete finish...
W/AIN-LauncherActivity( 9093): 	waiting  init complete finish...
D/PackageManager(  477): /data/app/vmdl1044647501.tmp already staged; skipping copy
W/PackageParser(  477): Unknown element under <manifest>: meta-data at /data/app/vmdl1044647501.tmp/base.apk Binary XML file line #42
W/AIN-LauncherActivity( 9093): 	waiting  init complete finish...
W/AIN-LauncherActivity( 9093): 	waiting  init complete finish...
I/===DaemonService===( 1342): ############## Rotation : 0
I/===DaemonService===( 1342): ScreenOrientationThread:0 screentOrientation:0
I/===APKProtocolTransmit===( 1342): Ready send su-cmd:275
I/===APKProtocolTransmit===( 1342): Start send su-cmd:275 length[14]
I/===APKProtocolTransmit===( 1342): the C socket has not been connected,so dicard the send command:[275]
I/===APKProtocolTransmit===( 1342): End send sb-cmd:275
D/PackageManager(  477): Renaming /data/app/vmdl1044647501.tmp to /data/app/com.example.facedoor-2
I/ActivityManagerService(  477): Force stopping com.example.facedoor appid=10055 user=-1: uninstall pkg
I/ActivityManagerService(  477): Killing 9093:com.example.facedoor/u0a55 (adj 0): stop com.example.facedoor
I/WindowState(  477): WIN DEATH: Window{d0005d3 u0 com.example.facedoor/com.example.facedoor.LauncherActivity}
D/WindowManagerService(  477): null  ==========setInputFocusLw ==========  =======
W/ActivityManagerService(  477): Scheduling restart of crashed service com.example.facedoor/.DDSService in 1000ms
W/ActivityManagerService(  477): Force removing ActivityRecord{37b305ba u0 com.example.facedoor/.LauncherActivity t552}: app died, no saved state
D/ActivityManagerService(  477): moveHomeStackTaskToTop: moving TaskRecord{1a0371e3 #512 A=com.android.launcher3 U=0 sz=1}
I/ActivityManagerService(  477):   Force stopping service ServiceRecord{29833ef8 u0 com.example.facedoor/.DDSService}
I/USBService( 1342): send udp to check mobileagent state.
I/===Mrcp===( 1342): sending cmd:276
I/USBService( 1342): command is : [277] 
I/USBService( 1342): res:-131070 res2:2 opt:-2
I/USBService( 1342): receive udp of checking mobileagent state:-2. 
I/USBService( 1342): get mobileagent state 1 and current mobileagent state 1
W/art     (  477): Long monitor contention event with owner method=void com.android.server.pm.PackageManagerService.removePackageDataLI(com.android.server.pm.PackageSetting, int[], boolean[], com.android.server.pm.PackageManagerService$PackageRemovedInfo, int, boolean) from PackageManagerService.java:11364 waiters=0 for 437ms
W/art     (  477): Long monitor contention event with owner method=void com.android.server.pm.PackageManagerService.removePackageDataLI(com.android.server.pm.PackageSetting, int[], boolean[], com.android.server.pm.PackageManagerService$PackageRemovedInfo, int, boolean) from PackageManagerService.java:11364 waiters=1 for 421ms
W/art     (  477): Long monitor contention event with owner method=void com.android.server.pm.PackageManagerService.removePackageDataLI(com.android.server.pm.PackageSetting, int[], boolean[], com.android.server.pm.PackageManagerService$PackageRemovedInfo, int, boolean) from PackageManagerService.java:11364 waiters=2 for 275ms
I/PackageManager(  477): Package com.example.facedoor codePath changed from /data/app/com.example.facedoor-1 to /data/app/com.example.facedoor-2; Retaining data and using new
W/art     (  477): Long monitor contention event with owner method=void com.android.server.am.ActivityManagerService$MainHandler.handleMessage(android.os.Message) from ActivityManagerService.java:1575 waiters=0 for 529ms
W/ActivityManagerService(  477): Spurious death for ProcessRecord{14e6dca9 9093:com.example.facedoor/u0a55}, curProc for 9093: null
D/WindowManagerService(  477): Window{3a3ab3aa u0 com.android.launcher3/com.android.launcher3.Launcher}  ==========setInputFocusLw ==========  =======
W/InputMethodManagerService(  477): Got RemoteException sending setActive(false) notification to pid 9093 uid 10055
I/PackageManager(  477): Running dexopt on: /data/app/com.example.facedoor-2/base.apk pkg=com.example.facedoor isa=arm vmSafeMode=false
I/dex2oat ( 9782): Error opening the directory: /system/lib/plugins
I/dex2oat ( 9782): /system/bin/dex2oat --zip-fd=5 --zip-location=/data/app/com.example.facedoor-2/base.apk --oat-fd=6 --oat-location=/data/dalvik-cache/arm/data@app@com.example.facedoor-2@base.apk@classes.dex --instruction-set=arm --instruction-set-features=div --runtime-arg -Xms64m --runtime-arg -Xmx512m --swap-fd=7
I/dex2oat ( 9782): Decided to run without swap.
I/dex2oat ( 9782): dex2oat took 338.639ms (threads: 4) arena alloc=209KB java alloc=44KB native alloc=1239KB free=28KB
W/PackageManager(  477): Code path for pkg : com.example.facedoor changing from /data/app/com.example.facedoor-1 to /data/app/com.example.facedoor-2
I/ActivityManagerService(  477): Force stopping com.example.facedoor appid=10055 user=-1: update pkg
W/PackageManager(  477): Resource path for pkg : com.example.facedoor changing from /data/app/com.example.facedoor-1 to /data/app/com.example.facedoor-2
W/PackageManager(  477): Not granting permission android.permission.MOUNT_UNMOUNT_FILESYSTEMS to package com.example.facedoor (protectionLevel=18 flags=0x8be46)
I/ActivityManagerService(  477): Force stopping com.example.facedoor appid=10055 user=0: pkg removed
D/JobSchedulerService(  477): Receieved: android.intent.action.PACKAGE_REMOVED
D/BackupManagerService(  477): Received broadcast Intent { act=android.intent.action.PACKAGE_REMOVED dat=package:com.example.facedoor flg=0x4000010 (has extras) }
I/art     (  894): Explicit concurrent mark sweep GC freed 280(11KB) AllocSpace objects, 1(88KB) LOS objects, 40% free, 3MB/5MB, paused 719us total 17.586ms
I/InputReader(  477): Reconfiguring input devices.  changes=0x00000010
I/InputReader(  477): Reconfiguring input devices.  changes=0x00000010
D/BackupManagerService(  477): Received broadcast Intent { act=android.intent.action.PACKAGE_ADDED dat=package:com.example.facedoor flg=0x4000010 (has extras) }
W/BackupManagerService(  477): Removing schedule queue dupe of com.example.facedoor
W/Settings(  477): Setting install_non_market_apps has moved from android.provider.Settings.Global to android.provider.Settings.Secure, returning read-only value.
I/InputReader(  477): Reconfiguring input devices.  changes=0x00000010
I/art     ( 1342): Explicit concurrent mark sweep GC freed 28716(1474KB) AllocSpace objects, 0(0B) LOS objects, 39% free, 2MB/3MB, paused 609us total 25.891ms
I/===DaemonService===( 1342): remove:com.example.facedoor
I/===DaemonService===( 1342): add:com.example.facedoor
W/ResourceType( 1342): No package identifier when getting value for resource number 0x00000000
W/ContextImpl( 1124): Calling a method in the system process without a qualified user: android.app.ContextImpl.startService:1715 android.content.ContextWrapper.startService:516 android.content.ContextWrapper.startService:516 com.android.keychain.KeyChainBroadcastReceiver.onReceive:12 android.app.ActivityThread.handleReceiver:2629 
W/PackageManager( 1342): Failure retrieving resources for com.android.contacts: Resource ID #0x0
I/art     (  615): Explicit concurrent mark sweep GC freed 14346(636KB) AllocSpace objects, 4(2MB) LOS objects, 39% free, 12MB/20MB, paused 673us total 44.032ms
W/ResourceType( 1342): No package identifier when getting value for resource number 0x00000000
W/PackageManager( 1342): Failure retrieving resources for com.android.contacts: Resource ID #0x0
W/Launcher(  894): setApplicationContext called twice! old=com.android.launcher3.LauncherApplication@3a07a3b0 new=com.android.launcher3.LauncherApplication@3a07a3b0
W/ResourceType( 1342): No package identifier when getting value for resource number 0x00000000
W/PackageManager( 1342): Failure retrieving resources for com.android.settings: Resource ID #0x0
W/ResourceType( 1342): No package identifier when getting value for resource number 0x00000000
W/PackageManager( 1342): Failure retrieving resources for com.android.settings: Resource ID #0x0
W/ResourceType( 1342): No package identifier when getting value for resource number 0x00000000
W/PackageManager( 1342): Failure retrieving resources for com.android.browser: Resource ID #0x0
W/ResourceType( 1342): No package identifier when getting value for resource number 0x00000000
W/PackageManager( 1342): Failure retrieving resources for com.android.browser: Resource ID #0x0
W/ResourceType( 1342): No package identifier when getting value for resource number 0x00000000
W/PackageManager( 1342): Failure retrieving resources for com.android.camera2: Resource ID #0x0
W/ResourceType( 1342): No package identifier when getting value for resource number 0x00000000
W/PackageManager( 1342): Failure retrieving resources for com.android.camera2: Resource ID #0x0
W/Launcher(  894): setApplicationContext called twice! old=com.android.launcher3.LauncherApplication@3a07a3b0 new=com.android.launcher3.LauncherApplication@3a07a3b0
W/ResourceType( 1342): No package identifier when getting value for resource number 0x00000000
I/art     (  477): Explicit concurrent mark sweep GC freed 38765(2MB) AllocSpace objects, 11(863KB) LOS objects, 33% free, 8MB/13MB, paused 1.900ms total 83.824ms
W/Searchables(  477): No global search activity found
W/Searchables(  477): No global search activity found
W/VoiceInteractionManagerService(  477): no available voice recognition services found for user 0
W/PackageManager( 1342): Failure retrieving resources for com.android.gallery3d: Resource ID #0x0
W/ResourceType( 1342): No package identifier when getting value for resource number 0x00000000
W/PackageManager( 1342): Failure retrieving resources for com.android.gallery3d: Resource ID #0x0
W/PackageManager(  477): Couldn't remove dex file for package:  at location /data/app/com.example.facedoor-1/split_lib_dependencies_apk.apk, retcode=-1
W/PackageManager(  477): Couldn't remove dex file for package:  at location /data/app/com.example.facedoor-1/split_lib_slice_0_apk.apk, retcode=-1
W/PackageManager(  477): Couldn't remove dex file for package:  at location /data/app/com.example.facedoor-1/split_lib_slice_1_apk.apk, retcode=-1
W/PackageManager(  477): Couldn't remove dex file for package:  at location /data/app/com.example.facedoor-1/split_lib_slice_2_apk.apk, retcode=-1
W/PackageManager(  477): Couldn't remove dex file for package:  at location /data/app/com.example.facedoor-1/split_lib_slice_3_apk.apk, retcode=-1
W/PackageManager(  477): Couldn't remove dex file for package:  at location /data/app/com.example.facedoor-1/split_lib_slice_4_apk.apk, retcode=-1
W/PackageManager(  477): Couldn't remove dex file for package:  at location /data/app/com.example.facedoor-1/split_lib_slice_5_apk.apk, retcode=-1
W/PackageManager(  477): Couldn't remove dex file for package:  at location /data/app/com.example.facedoor-1/split_lib_slice_6_apk.apk, retcode=-1
W/PackageManager(  477): Couldn't remove dex file for package:  at location /data/app/com.example.facedoor-1/split_lib_slice_7_apk.apk, retcode=-1
W/PackageManager(  477): Couldn't remove dex file for package:  at location /data/app/com.example.facedoor-1/split_lib_slice_8_apk.apk, retcode=-1
W/PackageManager(  477): Couldn't remove dex file for package:  at location /data/app/com.example.facedoor-1/split_lib_slice_9_apk.apk, retcode=-1
W/ResourceType( 1342): No package identifier when getting value for resource number 0x00000000
W/PackageManager( 1342): Failure retrieving resources for com.android.music: Resource ID #0x0
W/ResourceType( 1342): No package identifier when getting value for resource number 0x00000000
W/PackageManager( 1342): Failure retrieving resources for com.android.music: Resource ID #0x0
I/art     ( 9745): System.exit called, status: 0
I/AndroidRuntime( 9745): VM exiting with result code 0.
W/ResourceType( 1342): No package identifier when getting value for resource number 0x00000000
W/ResourceType( 1342): No package identifier when getting value for resource number 0x00000000
W/PackageManager( 1342): Failure retrieving resources for com.android.soundrecorder: Resource ID #0x0
W/PackageManager( 1342): Failure retrieving resources for com.android.soundrecorder: Resource ID #0x0
W/ResourceType( 1342): No package identifier when getting value for resource number 0x00000000
W/PackageManager( 1342): Failure retrieving resources for com.demo.android.calibrate: Resource ID #0x0
W/ResourceType( 1342): No package identifier when getting value for resource number 0x00000000
W/PackageManager( 1342): Failure retrieving resources for com.demo.android.calibrate: Resource ID #0x0
W/ResourceType( 1342): No package identifier when getting value for resource number 0x00000000
W/PackageManager( 1342): Failure retrieving resources for com.android.providers.downloads.ui: Resource ID #0x0
W/ResourceType( 1342): No package identifier when getting value for resource number 0x00000000
W/PackageManager( 1342): Failure retrieving resources for com.android.providers.downloads.ui: Resource ID #0x0
W/ResourceType( 1342): No package identifier when getting value for resource number 0x00000000
W/PackageManager( 1342): Failure retrieving resources for com.android.rk: Resource ID #0x0
W/ResourceType( 1342): No package identifier when getting value for resource number 0x00000000
W/PackageManager( 1342): Failure retrieving resources for com.android.rk: Resource ID #0x0
W/ResourceType( 1342): No package identifier when getting value for resource number 0x00000000
W/PackageManager( 1342): Failure retrieving resources for com.example.touchpack: Resource ID #0x0
W/ResourceType( 1342): No package identifier when getting value for resource number 0x00000000
W/PackageManager( 1342): Failure retrieving resources for com.example.touchpack: Resource ID #0x0
W/ResourceType( 1342): No package identifier when getting value for resource number 0x00000000
W/PackageManager( 1342): Failure retrieving resources for com.xinhua.testapk: Resource ID #0x0
W/ResourceType( 1342): No package identifier when getting value for resource number 0x00000000
W/PackageManager( 1342): Failure retrieving resources for com.xinhua.testapk: Resource ID #0x0
W/ResourceType( 1342): No package identifier when getting value for resource number 0x00000000
W/PackageManager( 1342): Failure retrieving resources for com.sigma_rt.totalcontrol: Resource ID #0x0
W/ResourceType( 1342): No package identifier when getting value for resource number 0x00000000
W/PackageManager( 1342): Failure retrieving resources for com.sigma_rt.totalcontrol: Resource ID #0x0
W/ResourceType( 1342): No package identifier when getting value for resource number 0x00000000
W/PackageManager( 1342): Failure retrieving resources for com.aispeech.ddsdemo: Resource ID #0x0
W/ResourceType( 1342): No package identifier when getting value for resource number 0x00000000
W/PackageManager( 1342): Failure retrieving resources for com.aispeech.ddsdemo: Resource ID #0x0
W/ResourceType( 1342): No package identifier when getting value for resource number 0x00000000
W/PackageManager( 1342): Failure retrieving resources for com.example.facedoor: Resource ID #0x0
W/ResourceType( 1342): No package identifier when getting value for resource number 0x00000000
W/PackageManager( 1342): Failure retrieving resources for com.example.facedoor: Resource ID #0x0
D/AndroidRuntime( 9797): >>>>>> START com.android.internal.os.RuntimeInit uid 2000 <<<<<<
D/AndroidRuntime( 9797): CheckJNI is OFF
I/AndroidRuntime( 9797): JNI options: '-Xjniopts:warnonly'
E/memtrack( 9797): Couldn't load memtrack module (No such file or directory)
E/android.os.Debug( 9797): failed to load memtrack module: -2
D/AndroidRuntime( 9797): Calling main entry com.android.commands.am.Am
I/ActivityStackSupervisor(  477): START u0 {act=android.intent.action.MAIN cat=[android.intent.category.LAUNCHER] flg=0x10000000 cmp=com.example.facedoor/.LauncherActivity} from uid 2000 on display 0
I/System.out(  477): com.example.facedoor.LauncherActivityaddAppToken taskId:553
D/WindowManagerService(  477): null  ==========setInputFocusLw ==========  =======
D/AndroidRuntime( 9797): Shutting down VM
I/art     ( 9797): Debugger is no longer active
V/WindowManagerService(  477): Adding window Window{221e3bab u0 Starting com.example.facedoor} at 3 of 9 (after Window{3a3ab3aa u0 com.android.launcher3/com.android.launcher3.Launcher})
I/art     ( 9840): Late-enabling -Xcheck:jni
I/ActivityManagerService(  477): Start proc 9840:com.example.facedoor/u0a55 for activity com.example.facedoor/.LauncherActivity
I/OpenGLRenderer(  477): Initialized EGL, version 1.4
E/===MaApplication===( 1342): 'OutputStream' is null,serious issue and sendSocketCommand:updateapp_add=com.example.facedoor
I/===MaApplication===( 1342): 'OutputStream' is null,serious issue and sendSocketCommand:updateapp_add=com.example.facedoor
I/===DaemonService===( 1342): ############## Rotation : 0
I/===DaemonService===( 1342): ScreenOrientationThread:0 screentOrientation:0
I/===APKProtocolTransmit===( 1342): Ready send su-cmd:275
I/===APKProtocolTransmit===( 1342): Start send su-cmd:275 length[14]
I/===APKProtocolTransmit===( 1342): the C socket has not been connected,so dicard the send command:[275]
I/===APKProtocolTransmit===( 1342): End send sb-cmd:275
D/MscSpeechLog( 9840): process name:com.example.facedoor
D/MscSpeechLog( 9840): process name:com.example.facedooris own process
D/MSC_LOG ( 9840): JNI_OnLoad is called !
D/MscSpeechLog( 9840): loadLibrary msc success
D/MscSpeechLog( 9840): MSC ifly ver: true
D/MSC_LOG ( 9840): QMSPGetParam Begin
D/MSC_LOG ( 9840): QMSPGetParam End
D/MscSpeechLog( 9840): SpeechUtility start login
D/MSC_LOG ( 9840): QMSPGetVersion Begin
D/MSC_LOG ( 9840): QMSPGetVersion End
D/MscSpeechLog( 9840): get msc full version name: 5.0.26.1133
E/DatabaseUtils(  477): Writing exception to parcel
E/DatabaseUtils(  477): java.lang.SecurityException: Permission denial: writing to settings requires android.permission.WRITE_SETTINGS
E/DatabaseUtils(  477): 	at com.android.providers.settings.SettingsProvider.call(SettingsProvider.java:747)
E/DatabaseUtils(  477): 	at android.content.ContentProvider$Transport.call(ContentProvider.java:370)
E/DatabaseUtils(  477): 	at android.content.ContentProviderNative.onTransact(ContentProviderNative.java:283)
E/DatabaseUtils(  477): 	at android.os.Binder.execTransact(Binder.java:446)
W/System.err( 9840): java.lang.SecurityException: Permission denial: writing to settings requires android.permission.WRITE_SETTINGS
W/System.err( 9840): 	at android.os.Parcel.readException(Parcel.java:1546)
W/System.err( 9840): 	at android.database.DatabaseUtils.readExceptionFromParcel(DatabaseUtils.java:185)
W/System.err( 9840): 	at android.database.DatabaseUtils.readExceptionFromParcel(DatabaseUtils.java:137)
W/System.err( 9840): 	at android.content.ContentProviderProxy.call(ContentProviderNative.java:645)
W/System.err( 9840): 	at android.provider.Settings$NameValueCache.putStringForUser(Settings.java:1094)
W/System.err( 9840): 	at android.provider.Settings$System.putStringForUser(Settings.java:1362)
W/System.err( 9840): 	at android.provider.Settings$System.putString(Settings.java:1346)
W/System.err( 9840): 	at com.iflytek.thirdparty.S.c(Unknown Source)
W/System.err( 9840): 	at com.iflytek.thirdparty.S.a(Unknown Source)
W/System.err( 9840): 	at com.iflytek.thirdparty.S$1.run(Unknown Source)
W/System.err( 9840): 	at java.lang.Thread.run(Thread.java:818)
D/MSC_LOG ( 9840): QMSPLogin Begin
D/MSC_LOG ( 9840): QMSPLogin End
D/MscSpeechLog( 9840): [MSPLogin]ret:0
E/PushFactory( 9840): getPushInstance not found push instance.
W/ActivityManagerService(  477): Unable to start service Intent { cmp=com.example.facedoor/com.iflytek.common.LaunchService } U=0: not found
D/MSC_LOG ( 9840): QMSPGetParam Begin
D/MSC_LOG ( 9840): QMSPGetParam End
D/MscSpeechLog( 9840): DC init enable=null
D/MscSpeechLog( 9840): MSC ifly ver: true
D/MscSpeechLog( 9840): DC init enter.
D/MscSpeechLog( 9840): DC getEnable enter.
D/MscSpeechLog( 9840): DC getEnable static value=true
D/MscSpeechLog( 9840): getMscParameter enter key=idc
D/MSC_LOG ( 9840): QMSPGetParam Begin
D/MSC_LOG ( 9840): QMSPGetParam End
E/MscSpeechLog( 9840): getMscParameter MSC return -1
D/MscSpeechLog( 9840): getMscParameter value=null
D/MscSpeechLog( 9840): getMscParameter leave
D/MscSpeechLog( 9840): DC getEnable msc val=null
D/MscSpeechLog( 9840): DC getEnable value=false
D/MscSpeechLog( 9840): DC getEnable leave.
D/MscSpeechLog( 9840): DC init is not enable.
D/MscSpeechLog( 9840): DC init leave.
D/OpenGLRenderer( 9840): Use EGL_SWAP_BEHAVIOR_PRESERVED: true
W/AIN-LauncherActivity( 9840): 	waiting  init complete finish...
D/Atlas   ( 9840): Validating map...
W/Atlas   ( 9840): Pointer 0x0, not in getPreloadedDrawables?
W/Atlas   ( 9840): Pointer 0x0, not in getPreloadedDrawables?
V/WindowManagerService(  477): Adding window Window{2789659b u0 com.example.facedoor/com.example.facedoor.LauncherActivity} at 3 of 10 (before Window{221e3bab u0 Starting com.example.facedoor})
D/DDSService( 9840): Start DDS
I/DDSService( 9840): config->{
I/DDSService( 9840): AUTH_TYPE='profile';
I/DDSService( 9840): ALIAS_KEY='prod';
I/DDSService( 9840): USE_UPDATE_NOTIFICATION='true';
I/DDSService( 9840): USER_ID='user@group';
I/DDSService( 9840): PRODUCT_ID='100001991';
I/DDSService( 9840): DDS_PROTOCOL_VERSION_CODE='1';
I/DDSService( 9840): }
D/WindowManagerService(  477): Window{2789659b u0 com.example.facedoor/com.example.facedoor.LauncherActivity}  ==========setInputFocusLw ==========  =======
I/mali_so ( 9840): [File] : hardware/arm/maliT760/driver/product/base/src/mali_base_kbase.c; [Line] : 780; [Func] : base_context_deal_with_version_affairs_rk_ext;
I/mali_so ( 9840): arm_release_ver of this mali_so is 'r6p0-02rel0', rk_so_ver is '11@0', built at '16:20:19' for 3288w, on 'Aug  1 2016'.
I/mali_so ( 9840): [File] : hardware/arm/maliT760/driver/product/base/src/mali_base_kbase.c; [Line] : 807; [Func] : base_context_deal_with_version_affairs_rk_ext;
I/mali_so ( 9840): mali_ver_property has been set to 'r6p0-02rel0-13-11@0', to return.
I/OpenGLRenderer( 9840): Initialized EGL, version 1.4
D/OpenGLRenderer( 9840): Enabling debug mode 0
I/art     (  776): Explicit concurrent mark sweep GC freed 25749(1468KB) AllocSpace objects, 0(0B) LOS objects, 24% free, 4MB/6MB, paused 223us total 17.779ms
I/ActivityManagerService(  477): Displayed com.example.facedoor/.LauncherActivity: +648ms
E/Sandy   ( 9840): uncaughtException, thread: Thread[DDSWorker,5,main] name: DDSWorker id: 304exception: java.lang.IllegalArgumentException: DDS config is invalid, lost needed params
W/AIN-LauncherActivity( 9840): 	waiting  init complete finish...
D/TaskPersister(  477): removeObsoleteFile: deleting file=552_task.xml
W/AIN-LauncherActivity( 9840): 	waiting  init complete finish...
W/AIN-LauncherActivity( 9840): 	waiting  init complete finish...
I/USBService( 1342): send udp to check mobileagent state.
I/===Mrcp===( 1342): sending cmd:276
I/USBService( 1342): command is : [277] 
I/USBService( 1342): res:-131070 res2:2 opt:-2
I/USBService( 1342): receive udp of checking mobileagent state:-2. 
I/USBService( 1342): get mobileagent state 1 and current mobileagent state 1
I/===DaemonService===( 1342): ############## Rotation : 0
I/===DaemonService===( 1342): ScreenOrientationThread:0 screentOrientation:0
I/===APKProtocolTransmit===( 1342): Ready send su-cmd:275
I/===APKProtocolTransmit===( 1342): Start send su-cmd:275 length[14]
I/===APKProtocolTransmit===( 1342): the C socket has not been connected,so dicard the send command:[275]
I/===APKProtocolTransmit===( 1342): End send sb-cmd:275
W/AIN-LauncherActivity( 9840): 	waiting  init complete finish...
W/AIN-LauncherActivity( 9840): 	waiting  init complete finish...
W/AIN-LauncherActivity( 9840): 	waiting  init complete finish...
W/AIN-LauncherActivity( 9840): 	waiting  init complete finish...
I/===DaemonService===( 1342): ############## Rotation : 0
I/===DaemonService===( 1342): ScreenOrientationThread:0 screentOrientation:0
I/===APKProtocolTransmit===( 1342): Ready send su-cmd:275
I/===APKProtocolTransmit===( 1342): Start send su-cmd:275 length[14]
I/===APKProtocolTransmit===( 1342): the C socket has not been connected,so dicard the send command:[275]
I/===APKProtocolTransmit===( 1342): End send sb-cmd:275
W/AIN-LauncherActivity( 9840): 	waiting  init complete finish...
W/AIN-LauncherActivity( 9840): 	waiting  init complete finish...
I/USBService( 1342): send udp to check mobileagent state.
I/===Mrcp===( 1342): sending cmd:276
I/USBService( 1342): command is : [277] 
I/USBService( 1342): res:-131070 res2:2 opt:-2
I/USBService( 1342): receive udp of checking mobileagent state:-2. 
I/USBService( 1342): get mobileagent state 1 and current mobileagent state 1
W/AIN-LauncherActivity( 9840): 	waiting  init complete finish...
W/AIN-LauncherActivity( 9840): 	waiting  init complete finish...
I/===DaemonService===( 1342): ############## Rotation : 0
I/===DaemonService===( 1342): ScreenOrientationThread:0 screentOrientation:0
I/===APKProtocolTransmit===( 1342): Ready send su-cmd:275
I/===APKProtocolTransmit===( 1342): Start send su-cmd:275 length[14]
I/===APKProtocolTransmit===( 1342): the C socket has not been connected,so dicard the send command:[275]
I/===APKProtocolTransmit===( 1342): End send sb-cmd:275
W/AIN-LauncherActivity( 9840): 	waiting  init complete finish...
W/AIN-LauncherActivity( 9840): 	waiting  init complete finish...
W/AIN-LauncherActivity( 9840): 	waiting  init complete finish...
I/ActivityStackSupervisor(  477): START u0 {act=android.intent.action.MAIN cat=[android.intent.category.HOME] flg=0x10200000 cmp=com.android.launcher3/.Launcher} from uid 1000 on display 0
W/AudioTrack(  477): AUDIO_OUTPUT_FLAG_FAST denied by client
D/WindowManagerService(  477): null  ==========setInputFocusLw ==========  =======
D/WindowManagerService(  477): Window{3a3ab3aa u0 com.android.launcher3/com.android.launcher3.Launcher}  ==========setInputFocusLw ==========  =======
W/OpenGLRenderer(  894): Incorrectly called buildLayer on View: ShortcutAndWidgetContainer, destroying layer...
I/===DaemonService===( 1342): ############## Rotation : 0
I/===DaemonService===( 1342): ScreenOrientationThread:0 screentOrientation:0
I/===APKProtocolTransmit===( 1342): Ready send su-cmd:275
I/===APKProtocolTransmit===( 1342): Start send su-cmd:275 length[14]
I/===APKProtocolTransmit===( 1342): the C socket has not been connected,so dicard the send command:[275]
I/===APKProtocolTransmit===( 1342): End send sb-cmd:275
W/AIN-LauncherActivity( 9840): 	waiting  init complete finish...
W/ResourceType(  615): No package identifier when getting value for resource number 0x00000000
W/PackageManager(  615): Failure retrieving resources for com.example.facedoor: Resource ID #0x0
W/AudioTrack(  477): AUDIO_OUTPUT_FLAG_FAST denied by client
I/USBService( 1342): send udp to check mobileagent state.
I/===Mrcp===( 1342): sending cmd:276
I/USBService( 1342): command is : [277] 
I/USBService( 1342): res:-131070 res2:2 opt:-2
I/USBService( 1342): receive udp of checking mobileagent state:-2. 
I/USBService( 1342): get mobileagent state 1 and current mobileagent state 1
W/AIN-LauncherActivity( 9840): 	waiting  init complete finish...
W/AIN-LauncherActivity( 9840): 	waiting  init complete finish...
W/AIN-LauncherActivity( 9840): 	waiting  init complete finish...
I/===DaemonService===( 1342): ############## Rotation : 0
I/===DaemonService===( 1342): ScreenOrientationThread:0 screentOrientation:0
I/===APKProtocolTransmit===( 1342): Ready send su-cmd:275
I/===APKProtocolTransmit===( 1342): Start send su-cmd:275 length[14]
I/===APKProtocolTransmit===( 1342): the C socket has not been connected,so dicard the send command:[275]
I/===APKProtocolTransmit===( 1342): End send sb-cmd:275
W/AIN-LauncherActivity( 9840): 	waiting  init complete finish...
W/AIN-LauncherActivity( 9840): 	waiting  init complete finish...
