W/AudioTrack(  477): AUDIO_OUTPUT_FLAG_FAST denied by client
W/AIN-LauncherActivity( 9840): 	waiting  init complete finish...
W/AudioTrack(  477): AUDIO_OUTPUT_FLAG_FAST denied by client
I/USBService( 1342): send udp to check mobileagent state.
I/===Mrcp===( 1342): sending cmd:276
I/USBService( 1342): command is : [277] 
I/USBService( 1342): res:-131070 res2:2 opt:-2
I/USBService( 1342): receive udp of checking mobileagent state:-2. 
I/USBService( 1342): get mobileagent state 1 and current mobileagent state 1
W/AIN-LauncherActivity( 9840): 	waiting  init complete finish...
I/===DaemonService===( 1342): ############## Rotation : 0
I/===DaemonService===( 1342): ScreenOrientationThread:0 screentOrientation:0
I/===APKProtocolTransmit===( 1342): Ready send su-cmd:275
I/===APKProtocolTransmit===( 1342): Start send su-cmd:275 length[14]
I/===APKProtocolTransmit===( 1342): the C socket has not been connected,so dicard the send command:[275]
I/===APKProtocolTransmit===( 1342): End send sb-cmd:275
W/AIN-LauncherActivity( 9840): 	waiting  init complete finish...
W/AudioTrack(  477): AUDIO_OUTPUT_FLAG_FAST denied by client
I/ActivityStackSupervisor(  477): START u0 {act=com.android.systemui.recents.SHOW_RECENTS flg=0x10804000 cmp=com.android.systemui/.recents.RecentsActivity} from uid 10010 on display 0
D/WindowManagerService(  477): Window{2740c9ae u0 com.android.systemui/com.android.systemui.recents.RecentsActivity}  ==========setInputFocusLw ==========  =======
W/InputMethodManagerService(  477): Starting input on non-focused client com.android.internal.view.IInputMethodClient$Stub$Proxy@2f33c880 (uid=10026 pid=894)
W/AIN-LauncherActivity( 9840): 	waiting  init complete finish...
W/AIN-LauncherActivity( 9840): 	waiting  init complete finish...
I/===DaemonService===( 1342): ############## Rotation : 0
I/===DaemonService===( 1342): ScreenOrientationThread:0 screentOrientation:0
I/===APKProtocolTransmit===( 1342): Ready send su-cmd:275
I/===APKProtocolTransmit===( 1342): Start send su-cmd:275 length[14]
I/===APKProtocolTransmit===( 1342): the C socket has not been connected,so dicard the send command:[275]
I/===APKProtocolTransmit===( 1342): End send sb-cmd:275
W/AIN-LauncherActivity( 9840): 	waiting  init complete finish...
W/AIN-LauncherActivity( 9840): 	waiting  init complete finish...
I/USBService( 1342): send udp to check mobileagent state.
I/===Mrcp===( 1342): sending cmd:276
I/USBService( 1342): command is : [277] 
I/USBService( 1342): res:-131070 res2:2 opt:-2
I/USBService( 1342): receive udp of checking mobileagent state:-2. 
I/USBService( 1342): get mobileagent state 1 and current mobileagent state 1
W/AIN-LauncherActivity( 9840): 	waiting  init complete finish...
W/ResourceType(  615): No package identifier when getting value for resource number 0x00000000
W/PackageManager(  615): Failure retrieving resources for com.android.camera2: Resource ID #0x0
W/ResourceType(  615): No package identifier when getting value for resource number 0x00000000
W/PackageManager(  615): Failure retrieving resources for com.android.gallery3d: Resource ID #0x0
W/AIN-LauncherActivity( 9840): 	waiting  init complete finish...
I/===DaemonService===( 1342): ############## Rotation : 0
I/===DaemonService===( 1342): ScreenOrientationThread:0 screentOrientation:0
I/===APKProtocolTransmit===( 1342): Ready send su-cmd:275
I/===APKProtocolTransmit===( 1342): Start send su-cmd:275 length[14]
I/===APKProtocolTransmit===( 1342): the C socket has not been connected,so dicard the send command:[275]
I/===APKProtocolTransmit===( 1342): End send sb-cmd:275
W/AIN-LauncherActivity( 9840): 	waiting  init complete finish...
W/AIN-LauncherActivity( 9840): 	waiting  init complete finish...
W/AIN-LauncherActivity( 9840): 	waiting  init complete finish...
W/AIN-LauncherActivity( 9840): 	waiting  init complete finish...
I/===DaemonService===( 1342): ############## Rotation : 0
I/===DaemonService===( 1342): ScreenOrientationThread:0 screentOrientation:0
I/===APKProtocolTransmit===( 1342): Ready send su-cmd:275
I/===APKProtocolTransmit===( 1342): Start send su-cmd:275 length[14]
I/===APKProtocolTransmit===( 1342): the C socket has not been connected,so dicard the send command:[275]
I/===APKProtocolTransmit===( 1342): End send sb-cmd:275
I/ActivityManagerService(  477): Killing 3260:com.android.gallery3d/u0a21 (adj 11): remove task
W/AudioTrack(  477): AUDIO_OUTPUT_FLAG_FAST denied by client
W/ActivityManagerService(  477): 3260cleanUpRemovedTaskLocked  of task: TaskRecord{2f98e0b4 #403 A=com.android.gallery3d U=0 sz=0}
D/TaskPersister(  477): removeObsoleteFile: deleting file=403_task.xml
D/TaskPersister(  477): removeObsoleteFile: deleting file=403_task_thumbnail.png
W/ActivityManagerService(  477): 1342cleanUpRemovedTaskLocked  remove task: TaskRecord{2aa48852 #338 A=com.sigma_rt.totalcontrol U=0 sz=0}
D/TaskPersister(  477): removeObsoleteFile: deleting file=391_task.xml
D/TaskPersister(  477): removeObsoleteFile: deleting file=298_task.xml
D/TaskPersister(  477): removeObsoleteFile: deleting file=338_task.xml
D/TaskPersister(  477): removeObsoleteFile: deleting file=391_task_thumbnail.png
D/TaskPersister(  477): removeObsoleteFile: deleting file=298_task_thumbnail.png
D/TaskPersister(  477): removeObsoleteFile: deleting file=338_task_thumbnail.png
I/ActivityManagerService(  477): Killing 1145:com.android.settings/1000 (adj 13): remove task
I/USBService( 1342): send udp to check mobileagent state.
I/===Mrcp===( 1342): sending cmd:276
I/USBService( 1342): command is : [277] 
I/USBService( 1342): res:-131070 res2:2 opt:-2
I/USBService( 1342): receive udp of checking mobileagent state:-2. 
I/USBService( 1342): get mobileagent state 1 and current mobileagent state 1
W/ActivityManagerService(  477): 1145cleanUpRemovedTaskLocked  of task: TaskRecord{3a8fdee4 #532 I=com.android.settings/.Settings$ScheduledSettingsActivity U=0 sz=0}
I/ActivityManagerService(  477): Killing 6454:com.xinhua.testapk/u0a47 (adj 15): remove task
W/ActivityManagerService(  477): 6454cleanUpRemovedTaskLocked  of task: TaskRecord{d838f4d #531 A=com.xinhua.testapk U=0 sz=0}
D/TaskPersister(  477): removeObsoleteFile: deleting file=532_task.xml
W/AIN-LauncherActivity( 9840): 	waiting  init complete finish...
D/TaskPersister(  477): removeObsoleteFile: deleting file=289_task.xml
D/TaskPersister(  477): removeObsoleteFile: deleting file=531_task.xml
D/TaskPersister(  477): removeObsoleteFile: deleting file=288_task.xml
D/TaskPersister(  477): removeObsoleteFile: deleting file=289_task_thumbnail.png
D/TaskPersister(  477): removeObsoleteFile: deleting file=531_task_thumbnail.png
D/TaskPersister(  477): removeObsoleteFile: deleting file=532_task_thumbnail.png
D/TaskPersister(  477): removeObsoleteFile: deleting file=288_task_thumbnail.png
I/ActivityManagerService(  477): Killing 6700:com.android.soundrecorder/u0a42 (adj 15): remove task
W/MediaFocusControl(  477):   AudioFocus   audio focus client died
I/MediaFocusControl(  477): AudioFocus  removeFocusStackEntry(): removing entry for android.os.BinderProxy@33238eb9
W/ActivityManagerService(  477): 6700cleanUpRemovedTaskLocked  of task: TaskRecord{ade0550 #537 A=com.android.soundrecorder U=0 sz=0}
D/TaskPersister(  477): removeObsoleteFile: deleting file=537_task.xml
D/TaskPersister(  477): removeObsoleteFile: deleting file=537_task_thumbnail.png
W/ActivityManagerService(  477): 9840cleanUpRemovedTaskLocked  remove task: TaskRecord{37b652fe #553 A=com.example.facedoor U=0 sz=1}
D/TaskPersister(  477): removeObsoleteFile: deleting file=542_task.xml
D/TaskPersister(  477): removeObsoleteFile: deleting file=553_task.xml
D/TaskPersister(  477): removeObsoleteFile: deleting file=542_task_thumbnail.png
D/TaskPersister(  477): removeObsoleteFile: deleting file=553_task_thumbnail.png
I/ActivityManagerService(  477): Killing 9840:com.example.facedoor/u0a55 (adj 16): remove task
W/ActivityManagerService(  477): Scheduling restart of crashed service com.example.facedoor/.DDSService in 1000ms
I/ActivityStackSupervisor(  477): START u0 {act=android.intent.action.MAIN cat=[android.intent.category.HOME] flg=0x10200000 cmp=com.android.launcher3/.Launcher} from uid 10010 on display 0
D/WindowManagerService(  477): Window{3a3ab3aa u0 com.android.launcher3/com.android.launcher3.Launcher}  ==========setInputFocusLw ==========  =======
W/InputMethodManagerService(  477): Starting input on non-focused client com.android.internal.view.IInputMethodClient$Stub$Proxy@317d0198 (uid=10010 pid=615)
W/OpenGLRenderer(  894): Incorrectly called buildLayer on View: ShortcutAndWidgetContainer, destroying layer...
I/art     (10069): Late-enabling -Xcheck:jni
I/ActivityManagerService(  477): Start proc 10069:com.example.facedoor/u0a55 for service com.example.facedoor/.DDSService
I/art     (10069): Debugger is no longer active
W/AudioTrack(  477): AUDIO_OUTPUT_FLAG_FAST denied by client
I/ActivityStackSupervisor(  477): START u0 {act=com.android.systemui.recents.SHOW_RECENTS flg=0x10804000 cmp=com.android.systemui/.recents.RecentsActivity} from uid 10010 on display 0
D/WindowManagerService(  477): Window{2740c9ae u0 com.android.systemui/com.android.systemui.recents.RecentsActivity}  ==========setInputFocusLw ==========  =======
W/InputMethodManagerService(  477): Starting input on non-focused client com.android.internal.view.IInputMethodClient$Stub$Proxy@2f33c880 (uid=10026 pid=894)
D/MscSpeechLog(10069): process name:com.example.facedoor
D/MscSpeechLog(10069): process name:com.example.facedooris own process
D/MSC_LOG (10069): JNI_OnLoad is called !
D/MscSpeechLog(10069): loadLibrary msc success
D/MscSpeechLog(10069): MSC ifly ver: true
D/MSC_LOG (10069): QMSPGetParam Begin
D/MSC_LOG (10069): QMSPGetParam End
D/MscSpeechLog(10069): SpeechUtility start login
D/MSC_LOG (10069): QMSPGetVersion Begin
D/MSC_LOG (10069): QMSPGetVersion End
D/MscSpeechLog(10069): get msc full version name: 5.0.26.1133
E/DatabaseUtils(  477): Writing exception to parcel
E/DatabaseUtils(  477): java.lang.SecurityException: Permission denial: writing to settings requires android.permission.WRITE_SETTINGS
E/DatabaseUtils(  477): 	at com.android.providers.settings.SettingsProvider.call(SettingsProvider.java:747)
E/DatabaseUtils(  477): 	at android.content.ContentProvider$Transport.call(ContentProvider.java:370)
E/DatabaseUtils(  477): 	at android.content.ContentProviderNative.onTransact(ContentProviderNative.java:283)
E/DatabaseUtils(  477): 	at android.os.Binder.execTransact(Binder.java:446)
W/System.err(10069): java.lang.SecurityException: Permission denial: writing to settings requires android.permission.WRITE_SETTINGS
W/System.err(10069): 	at android.os.Parcel.readException(Parcel.java:1546)
W/System.err(10069): 	at android.database.DatabaseUtils.readExceptionFromParcel(DatabaseUtils.java:185)
W/System.err(10069): 	at android.database.DatabaseUtils.readExceptionFromParcel(DatabaseUtils.java:137)
W/System.err(10069): 	at android.content.ContentProviderProxy.call(ContentProviderNative.java:645)
W/System.err(10069): 	at android.provider.Settings$NameValueCache.putStringForUser(Settings.java:1094)
W/System.err(10069): 	at android.provider.Settings$System.putStringForUser(Settings.java:1362)
W/System.err(10069): 	at android.provider.Settings$System.putString(Settings.java:1346)
W/System.err(10069): 	at com.iflytek.thirdparty.S.c(Unknown Source)
W/System.err(10069): 	at com.iflytek.thirdparty.S.a(Unknown Source)
W/System.err(10069): 	at com.iflytek.thirdparty.S$1.run(Unknown Source)
W/System.err(10069): 	at java.lang.Thread.run(Thread.java:818)
D/MSC_LOG (10069): QMSPLogin Begin
D/MSC_LOG (10069): QMSPLogin End
D/MscSpeechLog(10069): [MSPLogin]ret:0
E/PushFactory(10069): getPushInstance not found push instance.
W/ActivityManagerService(  477): Unable to start service Intent { cmp=com.example.facedoor/com.iflytek.common.LaunchService } U=0: not found
D/MSC_LOG (10069): QMSPGetParam Begin
D/MSC_LOG (10069): QMSPGetParam End
D/MscSpeechLog(10069): DC init enable=null
D/MscSpeechLog(10069): MSC ifly ver: true
D/MscSpeechLog(10069): DC init enter.
D/MscSpeechLog(10069): DC getEnable enter.
D/MscSpeechLog(10069): DC getEnable static value=true
D/MscSpeechLog(10069): getMscParameter enter key=idc
D/MSC_LOG (10069): QMSPGetParam Begin
D/MSC_LOG (10069): QMSPGetParam End
E/MscSpeechLog(10069): getMscParameter MSC return -1
D/MscSpeechLog(10069): getMscParameter value=null
D/MscSpeechLog(10069): getMscParameter leave
D/MscSpeechLog(10069): DC getEnable msc val=null
D/MscSpeechLog(10069): DC getEnable value=false
D/MscSpeechLog(10069): DC getEnable leave.
D/MscSpeechLog(10069): DC init is not enable.
D/MscSpeechLog(10069): DC init leave.
D/DDSService(10069): Start DDS
I/DDSService(10069): config->{
I/DDSService(10069): AUTH_TYPE='profile';
I/DDSService(10069): ALIAS_KEY='prod';
I/DDSService(10069): USE_UPDATE_NOTIFICATION='true';
I/DDSService(10069): USER_ID='user@group';
I/DDSService(10069): PRODUCT_ID='100001991';
I/DDSService(10069): DDS_PROTOCOL_VERSION_CODE='1';
I/DDSService(10069): }
E/Sandy   (10069): uncaughtException, thread: Thread[DDSWorker,5,main] name: DDSWorker id: 307exception: java.lang.IllegalArgumentException: DDS config is invalid, lost needed params
I/===DaemonService===( 1342): ############## Rotation : 0
I/===DaemonService===( 1342): ScreenOrientationThread:0 screentOrientation:0
I/===APKProtocolTransmit===( 1342): Ready send su-cmd:275
I/===APKProtocolTransmit===( 1342): Start send su-cmd:275 length[14]
I/===APKProtocolTransmit===( 1342): the C socket has not been connected,so dicard the send command:[275]
I/===APKProtocolTransmit===( 1342): End send sb-cmd:275
W/AudioTrack(  477): AUDIO_OUTPUT_FLAG_FAST denied by client
I/ActivityStackSupervisor(  477): START u0 {act=android.intent.action.MAIN cat=[android.intent.category.HOME] flg=0x10200000 cmp=com.android.launcher3/.Launcher} from uid 10010 on display 0
D/WindowManagerService(  477): null  ==========setInputFocusLw ==========  =======
D/WindowManagerService(  477): Window{3a3ab3aa u0 com.android.launcher3/com.android.launcher3.Launcher}  ==========setInputFocusLw ==========  =======
W/OpenGLRenderer(  894): Incorrectly called buildLayer on View: ShortcutAndWidgetContainer, destroying layer...
W/AudioTrack(  477): AUDIO_OUTPUT_FLAG_FAST denied by client
I/USBService( 1342): send udp to check mobileagent state.
I/===Mrcp===( 1342): sending cmd:276
I/USBService( 1342): command is : [277] 
I/USBService( 1342): res:-131070 res2:2 opt:-2
I/USBService( 1342): receive udp of checking mobileagent state:-2. 
I/USBService( 1342): get mobileagent state 1 and current mobileagent state 1
I/ActivityStackSupervisor(  477): START u0 {act=android.intent.action.MAIN cat=[android.intent.category.LAUNCHER] flg=0x10200000 cmp=com.example.facedoor/.LauncherActivity (has extras)} from uid 10026 on display 0
W/AudioTrack(  477): AUDIO_OUTPUT_FLAG_FAST denied by client
I/System.out(  477): com.example.facedoor.LauncherActivityaddAppToken taskId:554
D/WindowManagerService(  477): null  ==========setInputFocusLw ==========  =======
V/WindowManagerService(  477): Adding window Window{2461043f u0 Starting com.example.facedoor} at 3 of 9 (after Window{3a3ab3aa u0 com.android.launcher3/com.android.launcher3.Launcher})
I/OpenGLRenderer(  477): Initialized EGL, version 1.4
W/AIN-LauncherActivity(10069): 	waiting  init complete finish...
D/OpenGLRenderer(10069): Use EGL_SWAP_BEHAVIOR_PRESERVED: true
D/Atlas   (10069): Validating map...
W/Atlas   (10069): Pointer 0x0, not in getPreloadedDrawables?
W/Atlas   (10069): Pointer 0x0, not in getPreloadedDrawables?
V/WindowManagerService(  477): Adding window Window{1bb53c37 u0 com.example.facedoor/com.example.facedoor.LauncherActivity} at 3 of 10 (before Window{2461043f u0 Starting com.example.facedoor})
D/DDSService(10069): Start DDS
I/DDSService(10069): config->{
I/DDSService(10069): AUTH_TYPE='profile';
I/DDSService(10069): ALIAS_KEY='prod';
I/DDSService(10069): USE_UPDATE_NOTIFICATION='true';
I/DDSService(10069): USER_ID='user@group';
I/DDSService(10069): PRODUCT_ID='100001991';
I/DDSService(10069): DDS_PROTOCOL_VERSION_CODE='1';
I/DDSService(10069): }
E/AIN-DDS (10069): 	already running, ignore.
D/WindowManagerService(  477): Window{1bb53c37 u0 com.example.facedoor/com.example.facedoor.LauncherActivity}  ==========setInputFocusLw ==========  =======
I/mali_so (10069): [File] : hardware/arm/maliT760/driver/product/base/src/mali_base_kbase.c; [Line] : 780; [Func] : base_context_deal_with_version_affairs_rk_ext;
I/mali_so (10069): arm_release_ver of this mali_so is 'r6p0-02rel0', rk_so_ver is '11@0', built at '16:20:19' for 3288w, on 'Aug  1 2016'.
I/mali_so (10069): [File] : hardware/arm/maliT760/driver/product/base/src/mali_base_kbase.c; [Line] : 807; [Func] : base_context_deal_with_version_affairs_rk_ext;
I/mali_so (10069): mali_ver_property has been set to 'r6p0-02rel0-13-11@0', to return.
I/OpenGLRenderer(10069): Initialized EGL, version 1.4
D/OpenGLRenderer(10069): Enabling debug mode 0
I/===DaemonService===( 1342): ############## Rotation : 0
I/===DaemonService===( 1342): ScreenOrientationThread:0 screentOrientation:0
I/===APKProtocolTransmit===( 1342): Ready send su-cmd:275
I/===APKProtocolTransmit===( 1342): Start send su-cmd:275 length[14]
I/===APKProtocolTransmit===( 1342): the C socket has not been connected,so dicard the send command:[275]
I/===APKProtocolTransmit===( 1342): End send sb-cmd:275
I/ActivityManagerService(  477): Displayed com.example.facedoor/.LauncherActivity: +245ms
W/AIN-LauncherActivity(10069): 	waiting  init complete finish...
W/AIN-LauncherActivity(10069): 	waiting  init complete finish...
W/AIN-LauncherActivity(10069): 	waiting  init complete finish...
I/===DaemonService===( 1342): ############## Rotation : 0
I/===DaemonService===( 1342): ScreenOrientationThread:0 screentOrientation:0
I/===APKProtocolTransmit===( 1342): Ready send su-cmd:275
I/===APKProtocolTransmit===( 1342): Start send su-cmd:275 length[14]
I/===APKProtocolTransmit===( 1342): the C socket has not been connected,so dicard the send command:[275]
I/===APKProtocolTransmit===( 1342): End send sb-cmd:275
W/AIN-LauncherActivity(10069): 	waiting  init complete finish...
W/AIN-LauncherActivity(10069): 	waiting  init complete finish...
I/USBService( 1342): send udp to check mobileagent state.
I/===Mrcp===( 1342): sending cmd:276
I/USBService( 1342): command is : [277] 
I/USBService( 1342): res:-131070 res2:2 opt:-2
I/USBService( 1342): receive udp of checking mobileagent state:-2. 
I/USBService( 1342): get mobileagent state 1 and current mobileagent state 1
W/AIN-LauncherActivity(10069): 	waiting  init complete finish...
W/AIN-LauncherActivity(10069): 	waiting  init complete finish...
I/===DaemonService===( 1342): ############## Rotation : 0
I/===DaemonService===( 1342): ScreenOrientationThread:0 screentOrientation:0
I/===APKProtocolTransmit===( 1342): Ready send su-cmd:275
I/===APKProtocolTransmit===( 1342): Start send su-cmd:275 length[14]
I/===APKProtocolTransmit===( 1342): the C socket has not been connected,so dicard the send command:[275]
I/===APKProtocolTransmit===( 1342): End send sb-cmd:275
W/AIN-LauncherActivity(10069): 	waiting  init complete finish...
W/AIN-LauncherActivity(10069): 	waiting  init complete finish...
W/AIN-LauncherActivity(10069): 	waiting  init complete finish...
W/AIN-LauncherActivity(10069): 	waiting  init complete finish...
I/===DaemonService===( 1342): ############## Rotation : 0
I/===DaemonService===( 1342): ScreenOrientationThread:0 screentOrientation:0
I/===APKProtocolTransmit===( 1342): Ready send su-cmd:275
I/===APKProtocolTransmit===( 1342): Start send su-cmd:275 length[14]
I/===APKProtocolTransmit===( 1342): the C socket has not been connected,so dicard the send command:[275]
I/===APKProtocolTransmit===( 1342): End send sb-cmd:275
W/AIN-LauncherActivity(10069): 	waiting  init complete finish...
I/USBService( 1342): send udp to check mobileagent state.
I/===Mrcp===( 1342): sending cmd:276
I/USBService( 1342): command is : [277] 
I/USBService( 1342): res:-131070 res2:2 opt:-2
I/USBService( 1342): receive udp of checking mobileagent state:-2. 
I/USBService( 1342): get mobileagent state 1 and current mobileagent state 1
W/AIN-LauncherActivity(10069): 	waiting  init complete finish...
W/AIN-LauncherActivity(10069): 	waiting  init complete finish...
W/AIN-LauncherActivity(10069): 	waiting  init complete finish...
I/===DaemonService===( 1342): ############## Rotation : 0
I/===DaemonService===( 1342): ScreenOrientationThread:0 screentOrientation:0
I/===APKProtocolTransmit===( 1342): Ready send su-cmd:275
I/===APKProtocolTransmit===( 1342): Start send su-cmd:275 length[14]
I/===APKProtocolTransmit===( 1342): the C socket has not been connected,so dicard the send command:[275]
I/===APKProtocolTransmit===( 1342): End send sb-cmd:275
W/AIN-LauncherActivity(10069): 	waiting  init complete finish...
W/AIN-LauncherActivity(10069): 	waiting  init complete finish...
W/AIN-LauncherActivity(10069): 	waiting  init complete finish...
I/USBService( 1342): send udp to check mobileagent state.
I/===Mrcp===( 1342): sending cmd:276
I/USBService( 1342): command is : [277] 
I/USBService( 1342): res:-131070 res2:2 opt:-2
I/USBService( 1342): receive udp of checking mobileagent state:-2. 
I/USBService( 1342): get mobileagent state 1 and current mobileagent state 1
W/AIN-LauncherActivity(10069): 	waiting  init complete finish...
I/===DaemonService===( 1342): ############## Rotation : 0
I/===DaemonService===( 1342): ScreenOrientationThread:0 screentOrientation:0
I/===APKProtocolTransmit===( 1342): Ready send su-cmd:275
I/===APKProtocolTransmit===( 1342): Start send su-cmd:275 length[14]
I/===APKProtocolTransmit===( 1342): the C socket has not been connected,so dicard the send command:[275]
I/===APKProtocolTransmit===( 1342): End send sb-cmd:275
W/AIN-LauncherActivity(10069): 	waiting  init complete finish...
W/AIN-LauncherActivity(10069): 	waiting  init complete finish...
W/AIN-LauncherActivity(10069): 	waiting  init complete finish...
I/===DaemonService===( 1342): ############## Rotation : 0
I/===DaemonService===( 1342): ScreenOrientationThread:0 screentOrientation:0
I/===APKProtocolTransmit===( 1342): Ready send su-cmd:275
I/===APKProtocolTransmit===( 1342): Start send su-cmd:275 length[14]
I/===APKProtocolTransmit===( 1342): the C socket has not been connected,so dicard the send command:[275]
I/===APKProtocolTransmit===( 1342): End send sb-cmd:275
W/AIN-LauncherActivity(10069): 	waiting  init complete finish...
W/AIN-LauncherActivity(10069): 	waiting  init complete finish...
I/USBService( 1342): send udp to check mobileagent state.
I/===Mrcp===( 1342): sending cmd:276
I/USBService( 1342): command is : [277] 
I/USBService( 1342): res:-131070 res2:2 opt:-2
I/USBService( 1342): receive udp of checking mobileagent state:-2. 
I/USBService( 1342): get mobileagent state 1 and current mobileagent state 1
W/AIN-LauncherActivity(10069): 	waiting  init complete finish...
W/AIN-LauncherActivity(10069): 	waiting  init complete finish...
I/===DaemonService===( 1342): ############## Rotation : 0
I/===DaemonService===( 1342): ScreenOrientationThread:0 screentOrientation:0
I/===APKProtocolTransmit===( 1342): Ready send su-cmd:275
I/===APKProtocolTransmit===( 1342): Start send su-cmd:275 length[14]
I/===APKProtocolTransmit===( 1342): the C socket has not been connected,so dicard the send command:[275]
I/===APKProtocolTransmit===( 1342): End send sb-cmd:275
W/AIN-LauncherActivity(10069): 	waiting  init complete finish...
W/AIN-LauncherActivity(10069): 	waiting  init complete finish...
W/AIN-LauncherActivity(10069): 	waiting  init complete finish...
W/AIN-LauncherActivity(10069): 	waiting  init complete finish...
I/===DaemonService===( 1342): ############## Rotation : 0
I/===DaemonService===( 1342): ScreenOrientationThread:0 screentOrientation:0
I/===APKProtocolTransmit===( 1342): Ready send su-cmd:275
I/===APKProtocolTransmit===( 1342): Start send su-cmd:275 length[14]
I/===APKProtocolTransmit===( 1342): the C socket has not been connected,so dicard the send command:[275]
I/===APKProtocolTransmit===( 1342): End send sb-cmd:275
I/USBService( 1342): send udp to check mobileagent state.
I/===Mrcp===( 1342): sending cmd:276
I/USBService( 1342): command is : [277] 
I/USBService( 1342): res:-131070 res2:2 opt:-2
I/USBService( 1342): receive udp of checking mobileagent state:-2. 
I/USBService( 1342): get mobileagent state 1 and current mobileagent state 1
W/AIN-LauncherActivity(10069): 	waiting  init complete finish...
W/AIN-LauncherActivity(10069): 	waiting  init complete finish...
W/AIN-LauncherActivity(10069): 	waiting  init complete finish...
W/AIN-LauncherActivity(10069): 	waiting  init complete finish...
I/===DaemonService===( 1342): ############## Rotation : 0
I/===DaemonService===( 1342): ScreenOrientationThread:0 screentOrientation:0
I/===APKProtocolTransmit===( 1342): Ready send su-cmd:275
I/===APKProtocolTransmit===( 1342): Start send su-cmd:275 length[14]
I/===APKProtocolTransmit===( 1342): the C socket has not been connected,so dicard the send command:[275]
I/===APKProtocolTransmit===( 1342): End send sb-cmd:275
W/AIN-LauncherActivity(10069): 	waiting  init complete finish...
W/AIN-LauncherActivity(10069): 	waiting  init complete finish...
W/AIN-LauncherActivity(10069): 	waiting  init complete finish...
I/USBService( 1342): send udp to check mobileagent state.
I/===Mrcp===( 1342): sending cmd:276
I/USBService( 1342): command is : [277] 
I/USBService( 1342): res:-131070 res2:2 opt:-2
I/USBService( 1342): receive udp of checking mobileagent state:-2. 
I/USBService( 1342): get mobileagent state 1 and current mobileagent state 1
W/AIN-LauncherActivity(10069): 	waiting  init complete finish...
I/===DaemonService===( 1342): ############## Rotation : 0
I/===DaemonService===( 1342): ScreenOrientationThread:0 screentOrientation:0
I/===APKProtocolTransmit===( 1342): Ready send su-cmd:275
I/===APKProtocolTransmit===( 1342): Start send su-cmd:275 length[14]
I/===APKProtocolTransmit===( 1342): the C socket has not been connected,so dicard the send command:[275]
I/===APKProtocolTransmit===( 1342): End send sb-cmd:275
W/AIN-LauncherActivity(10069): 	waiting  init complete finish...
W/AIN-LauncherActivity(10069): 	waiting  init complete finish...
W/AIN-LauncherActivity(10069): 	waiting  init complete finish...
I/===DaemonService===( 1342): ############## Rotation : 0
I/===DaemonService===( 1342): ScreenOrientationThread:0 screentOrientation:0
I/===APKProtocolTransmit===( 1342): Ready send su-cmd:275
I/===APKProtocolTransmit===( 1342): Start send su-cmd:275 length[14]
I/===APKProtocolTransmit===( 1342): the C socket has not been connected,so dicard the send command:[275]
I/===APKProtocolTransmit===( 1342): End send sb-cmd:275
W/AIN-LauncherActivity(10069): 	waiting  init complete finish...
W/AIN-LauncherActivity(10069): 	waiting  init complete finish...
I/USBService( 1342): send udp to check mobileagent state.
I/===Mrcp===( 1342): sending cmd:276
I/USBService( 1342): command is : [277] 
I/USBService( 1342): res:-131070 res2:2 opt:-2
I/USBService( 1342): receive udp of checking mobileagent state:-2. 
I/USBService( 1342): get mobileagent state 1 and current mobileagent state 1
W/AIN-LauncherActivity(10069): 	waiting  init complete finish...
W/AIN-LauncherActivity(10069): 	waiting  init complete finish...
I/===DaemonService===( 1342): ############## Rotation : 0
I/===DaemonService===( 1342): ScreenOrientationThread:0 screentOrientation:0
I/===APKProtocolTransmit===( 1342): Ready send su-cmd:275
I/===APKProtocolTransmit===( 1342): Start send su-cmd:275 length[14]
I/===APKProtocolTransmit===( 1342): the C socket has not been connected,so dicard the send command:[275]
I/===APKProtocolTransmit===( 1342): End send sb-cmd:275
W/AIN-LauncherActivity(10069): 	waiting  init complete finish...
W/AIN-LauncherActivity(10069): 	waiting  init complete finish...
W/AIN-LauncherActivity(10069): 	waiting  init complete finish...
W/AIN-LauncherActivity(10069): 	waiting  init complete finish...
I/===DaemonService===( 1342): ############## Rotation : 0
I/===DaemonService===( 1342): ScreenOrientationThread:0 screentOrientation:0
I/===APKProtocolTransmit===( 1342): Ready send su-cmd:275
I/===APKProtocolTransmit===( 1342): Start send su-cmd:275 length[14]
I/===APKProtocolTransmit===( 1342): the C socket has not been connected,so dicard the send command:[275]
I/===APKProtocolTransmit===( 1342): End send sb-cmd:275
I/USBService( 1342): send udp to check mobileagent state.
I/===Mrcp===( 1342): sending cmd:276
I/USBService( 1342): command is : [277] 
I/USBService( 1342): res:-131070 res2:2 opt:-2
I/USBService( 1342): receive udp of checking mobileagent state:-2. 
I/USBService( 1342): get mobileagent state 1 and current mobileagent state 1
W/AIN-LauncherActivity(10069): 	waiting  init complete finish...
W/AIN-LauncherActivity(10069): 	waiting  init complete finish...
W/AIN-LauncherActivity(10069): 	waiting  init complete finish...
W/AIN-LauncherActivity(10069): 	waiting  init complete finish...
I/===DaemonService===( 1342): ############## Rotation : 0
I/===DaemonService===( 1342): ScreenOrientationThread:0 screentOrientation:0
I/===APKProtocolTransmit===( 1342): Ready send su-cmd:275
I/===APKProtocolTransmit===( 1342): Start send su-cmd:275 length[14]
I/===APKProtocolTransmit===( 1342): the C socket has not been connected,so dicard the send command:[275]
I/===APKProtocolTransmit===( 1342): End send sb-cmd:275
W/AIN-LauncherActivity(10069): 	waiting  init complete finish...
W/AIN-LauncherActivity(10069): 	waiting  init complete finish...
W/AIN-LauncherActivity(10069): 	waiting  init complete finish...
I/USBService( 1342): send udp to check mobileagent state.
I/===Mrcp===( 1342): sending cmd:276
I/USBService( 1342): command is : [277] 
I/USBService( 1342): res:-131070 res2:2 opt:-2
I/USBService( 1342): receive udp of checking mobileagent state:-2. 
I/USBService( 1342): get mobileagent state 1 and current mobileagent state 1
W/AIN-LauncherActivity(10069): 	waiting  init complete finish...
I/===DaemonService===( 1342): ############## Rotation : 0
I/===DaemonService===( 1342): ScreenOrientationThread:0 screentOrientation:0
I/===APKProtocolTransmit===( 1342): Ready send su-cmd:275
I/===APKProtocolTransmit===( 1342): Start send su-cmd:275 length[14]
I/===APKProtocolTransmit===( 1342): the C socket has not been connected,so dicard the send command:[275]
I/===APKProtocolTransmit===( 1342): End send sb-cmd:275
W/AIN-LauncherActivity(10069): 	waiting  init complete finish...
W/AIN-LauncherActivity(10069): 	waiting  init complete finish...
W/AIN-LauncherActivity(10069): 	waiting  init complete finish...
I/===DaemonService===( 1342): ############## Rotation : 0
I/===DaemonService===( 1342): ScreenOrientationThread:0 screentOrientation:0
I/===APKProtocolTransmit===( 1342): Ready send su-cmd:275
I/===APKProtocolTransmit===( 1342): Start send su-cmd:275 length[14]
I/===APKProtocolTransmit===( 1342): the C socket has not been connected,so dicard the send command:[275]
I/===APKProtocolTransmit===( 1342): End send sb-cmd:275
W/AIN-LauncherActivity(10069): 	waiting  init complete finish...
W/AIN-LauncherActivity(10069): 	waiting  init complete finish...
I/USBService( 1342): send udp to check mobileagent state.
I/===Mrcp===( 1342): sending cmd:276
I/USBService( 1342): command is : [277] 
I/USBService( 1342): res:-131070 res2:2 opt:-2
I/USBService( 1342): receive udp of checking mobileagent state:-2. 
I/USBService( 1342): get mobileagent state 1 and current mobileagent state 1
W/AIN-LauncherActivity(10069): 	waiting  init complete finish...
W/AIN-LauncherActivity(10069): 	waiting  init complete finish...
I/===DaemonService===( 1342): ############## Rotation : 0
I/===DaemonService===( 1342): ScreenOrientationThread:0 screentOrientation:0
I/===APKProtocolTransmit===( 1342): Ready send su-cmd:275
I/===APKProtocolTransmit===( 1342): Start send su-cmd:275 length[14]
I/===APKProtocolTransmit===( 1342): the C socket has not been connected,so dicard the send command:[275]
I/===APKProtocolTransmit===( 1342): End send sb-cmd:275
W/AIN-LauncherActivity(10069): 	waiting  init complete finish...
W/AIN-LauncherActivity(10069): 	waiting  init complete finish...
W/AIN-LauncherActivity(10069): 	waiting  init complete finish...
W/AIN-LauncherActivity(10069): 	waiting  init complete finish...
I/===DaemonService===( 1342): ############## Rotation : 0
I/===DaemonService===( 1342): ScreenOrientationThread:0 screentOrientation:0
I/===APKProtocolTransmit===( 1342): Ready send su-cmd:275
I/===APKProtocolTransmit===( 1342): Start send su-cmd:275 length[14]
I/===APKProtocolTransmit===( 1342): the C socket has not been connected,so dicard the send command:[275]
I/===APKProtocolTransmit===( 1342): End send sb-cmd:275
I/USBService( 1342): send udp to check mobileagent state.
I/===Mrcp===( 1342): sending cmd:276
I/USBService( 1342): command is : [277] 
I/USBService( 1342): res:-131070 res2:2 opt:-2
I/USBService( 1342): receive udp of checking mobileagent state:-2. 
I/USBService( 1342): get mobileagent state 1 and current mobileagent state 1
W/AIN-LauncherActivity(10069): 	waiting  init complete finish...
W/AIN-LauncherActivity(10069): 	waiting  init complete finish...
W/AIN-LauncherActivity(10069): 	waiting  init complete finish...
W/AIN-LauncherActivity(10069): 	waiting  init complete finish...
I/===DaemonService===( 1342): ############## Rotation : 0
I/===DaemonService===( 1342): ScreenOrientationThread:0 screentOrientation:0
I/===APKProtocolTransmit===( 1342): Ready send su-cmd:275
I/===APKProtocolTransmit===( 1342): Start send su-cmd:275 length[14]
I/===APKProtocolTransmit===( 1342): the C socket has not been connected,so dicard the send command:[275]
I/===APKProtocolTransmit===( 1342): End send sb-cmd:275
W/AIN-LauncherActivity(10069): 	waiting  init complete finish...
W/AIN-LauncherActivity(10069): 	waiting  init complete finish...
I/USBService( 1342): send udp to check mobileagent state.
I/===Mrcp===( 1342): sending cmd:276
I/USBService( 1342): command is : [277] 
I/USBService( 1342): res:-131070 res2:2 opt:-2
I/USBService( 1342): receive udp of checking mobileagent state:-2. 
I/USBService( 1342): get mobileagent state 1 and current mobileagent state 1
W/AIN-LauncherActivity(10069): 	waiting  init complete finish...
W/AIN-LauncherActivity(10069): 	waiting  init complete finish...
I/===DaemonService===( 1342): ############## Rotation : 0
I/===DaemonService===( 1342): ScreenOrientationThread:0 screentOrientation:0
I/===APKProtocolTransmit===( 1342): Ready send su-cmd:275
I/===APKProtocolTransmit===( 1342): Start send su-cmd:275 length[14]
I/===APKProtocolTransmit===( 1342): the C socket has not been connected,so dicard the send command:[275]
I/===APKProtocolTransmit===( 1342): End send sb-cmd:275
W/AIN-LauncherActivity(10069): 	waiting  init complete finish...
W/AIN-LauncherActivity(10069): 	waiting  init complete finish...
W/AIN-LauncherActivity(10069): 	waiting  init complete finish...
I/===DaemonService===( 1342): ############## Rotation : 0
I/===DaemonService===( 1342): ScreenOrientationThread:0 screentOrientation:0
I/===APKProtocolTransmit===( 1342): Ready send su-cmd:275
I/===APKProtocolTransmit===( 1342): Start send su-cmd:275 length[14]
I/===APKProtocolTransmit===( 1342): the C socket has not been connected,so dicard the send command:[275]
I/===APKProtocolTransmit===( 1342): End send sb-cmd:275
W/AIN-LauncherActivity(10069): 	waiting  init complete finish...
W/AIN-LauncherActivity(10069): 	waiting  init complete finish...
I/USBService( 1342): send udp to check mobileagent state.
I/===Mrcp===( 1342): sending cmd:276
I/USBService( 1342): command is : [277] 
I/USBService( 1342): res:-131070 res2:2 opt:-2
I/USBService( 1342): receive udp of checking mobileagent state:-2. 
I/USBService( 1342): get mobileagent state 1 and current mobileagent state 1
W/AIN-LauncherActivity(10069): 	waiting  init complete finish...
W/AIN-LauncherActivity(10069): 	waiting  init complete finish...
I/===DaemonService===( 1342): ############## Rotation : 0
I/===DaemonService===( 1342): ScreenOrientationThread:0 screentOrientation:0
I/===APKProtocolTransmit===( 1342): Ready send su-cmd:275
I/===APKProtocolTransmit===( 1342): Start send su-cmd:275 length[14]
I/===APKProtocolTransmit===( 1342): the C socket has not been connected,so dicard the send command:[275]
I/===APKProtocolTransmit===( 1342): End send sb-cmd:275
W/AIN-LauncherActivity(10069): 	waiting  init complete finish...
W/AIN-LauncherActivity(10069): 	waiting  init complete finish...
W/AIN-LauncherActivity(10069): 	waiting  init complete finish...
W/AIN-LauncherActivity(10069): 	waiting  init complete finish...
I/===DaemonService===( 1342): ############## Rotation : 0
I/===DaemonService===( 1342): ScreenOrientationThread:0 screentOrientation:0
I/===APKProtocolTransmit===( 1342): Ready send su-cmd:275
I/===APKProtocolTransmit===( 1342): Start send su-cmd:275 length[14]
I/===APKProtocolTransmit===( 1342): the C socket has not been connected,so dicard the send command:[275]
I/===APKProtocolTransmit===( 1342): End send sb-cmd:275
I/USBService( 1342): send udp to check mobileagent state.
I/===Mrcp===( 1342): sending cmd:276
I/USBService( 1342): command is : [277] 
I/USBService( 1342): res:-131070 res2:2 opt:-2
I/USBService( 1342): receive udp of checking mobileagent state:-2. 
I/USBService( 1342): get mobileagent state 1 and current mobileagent state 1
W/AIN-LauncherActivity(10069): 	waiting  init complete finish...
W/AIN-LauncherActivity(10069): 	waiting  init complete finish...
W/AIN-LauncherActivity(10069): 	waiting  init complete finish...
W/AIN-LauncherActivity(10069): 	waiting  init complete finish...
I/===DaemonService===( 1342): ############## Rotation : 0
I/===DaemonService===( 1342): ScreenOrientationThread:0 screentOrientation:0
I/===APKProtocolTransmit===( 1342): Ready send su-cmd:275
I/===APKProtocolTransmit===( 1342): Start send su-cmd:275 length[14]
I/===APKProtocolTransmit===( 1342): the C socket has not been connected,so dicard the send command:[275]
I/===APKProtocolTransmit===( 1342): End send sb-cmd:275
W/AIN-LauncherActivity(10069): 	waiting  init complete finish...
W/AIN-LauncherActivity(10069): 	waiting  init complete finish...
I/USBService( 1342): send udp to check mobileagent state.
I/===Mrcp===( 1342): sending cmd:276
I/USBService( 1342): command is : [277] 
I/USBService( 1342): res:-131070 res2:2 opt:-2
I/USBService( 1342): receive udp of checking mobileagent state:-2. 
I/USBService( 1342): get mobileagent state 1 and current mobileagent state 1
W/AIN-LauncherActivity(10069): 	waiting  init complete finish...
W/AIN-LauncherActivity(10069): 	waiting  init complete finish...
I/===DaemonService===( 1342): ############## Rotation : 0
I/===DaemonService===( 1342): ScreenOrientationThread:0 screentOrientation:0
I/===APKProtocolTransmit===( 1342): Ready send su-cmd:275
I/===APKProtocolTransmit===( 1342): Start send su-cmd:275 length[14]
I/===APKProtocolTransmit===( 1342): the C socket has not been connected,so dicard the send command:[275]
I/===APKProtocolTransmit===( 1342): End send sb-cmd:275
W/AIN-LauncherActivity(10069): 	waiting  init complete finish...
W/AIN-LauncherActivity(10069): 	waiting  init complete finish...
W/AIN-LauncherActivity(10069): 	waiting  init complete finish...
I/===DaemonService===( 1342): ############## Rotation : 0
I/===DaemonService===( 1342): ScreenOrientationThread:0 screentOrientation:0
I/===APKProtocolTransmit===( 1342): Ready send su-cmd:275
I/===APKProtocolTransmit===( 1342): Start send su-cmd:275 length[14]
I/===APKProtocolTransmit===( 1342): the C socket has not been connected,so dicard the send command:[275]
I/===APKProtocolTransmit===( 1342): End send sb-cmd:275
W/AIN-LauncherActivity(10069): 	waiting  init complete finish...
W/AIN-LauncherActivity(10069): 	waiting  init complete finish...
I/USBService( 1342): send udp to check mobileagent state.
I/===Mrcp===( 1342): sending cmd:276
I/USBService( 1342): command is : [277] 
I/USBService( 1342): res:-131070 res2:2 opt:-2
I/USBService( 1342): receive udp of checking mobileagent state:-2. 
I/USBService( 1342): get mobileagent state 1 and current mobileagent state 1
W/AIN-LauncherActivity(10069): 	waiting  init complete finish...
W/AIN-LauncherActivity(10069): 	waiting  init complete finish...
I/===DaemonService===( 1342): ############## Rotation : 0
I/===DaemonService===( 1342): ScreenOrientationThread:0 screentOrientation:0
I/===APKProtocolTransmit===( 1342): Ready send su-cmd:275
I/===APKProtocolTransmit===( 1342): Start send su-cmd:275 length[14]
I/===APKProtocolTransmit===( 1342): the C socket has not been connected,so dicard the send command:[275]
I/===APKProtocolTransmit===( 1342): End send sb-cmd:275
W/AIN-LauncherActivity(10069): 	waiting  init complete finish...
W/AIN-LauncherActivity(10069): 	waiting  init complete finish...
W/AIN-LauncherActivity(10069): 	waiting  init complete finish...
W/AIN-LauncherActivity(10069): 	waiting  init complete finish...
I/USBService( 1342): send udp to check mobileagent state.
I/===Mrcp===( 1342): sending cmd:276
I/USBService( 1342): command is : [277] 
I/USBService( 1342): res:-131070 res2:2 opt:-2
I/USBService( 1342): receive udp of checking mobileagent state:-2. 
I/USBService( 1342): get mobileagent state 1 and current mobileagent state 1
I/===DaemonService===( 1342): ############## Rotation : 0
I/===DaemonService===( 1342): ScreenOrientationThread:0 screentOrientation:0
I/===APKProtocolTransmit===( 1342): Ready send su-cmd:275
I/===APKProtocolTransmit===( 1342): Start send su-cmd:275 length[14]
I/===APKProtocolTransmit===( 1342): the C socket has not been connected,so dicard the send command:[275]
I/===APKProtocolTransmit===( 1342): End send sb-cmd:275
W/AIN-LauncherActivity(10069): 	waiting  init complete finish...
W/AIN-LauncherActivity(10069): 	waiting  init complete finish...
W/AIN-LauncherActivity(10069): 	waiting  init complete finish...
W/AIN-LauncherActivity(10069): 	waiting  init complete finish...
I/===DaemonService===( 1342): ############## Rotation : 0
I/===DaemonService===( 1342): ScreenOrientationThread:0 screentOrientation:0
I/===APKProtocolTransmit===( 1342): Ready send su-cmd:275
I/===APKProtocolTransmit===( 1342): Start send su-cmd:275 length[14]
I/===APKProtocolTransmit===( 1342): the C socket has not been connected,so dicard the send command:[275]
I/===APKProtocolTransmit===( 1342): End send sb-cmd:275
W/AIN-LauncherActivity(10069): 	waiting  init complete finish...
W/AIN-LauncherActivity(10069): 	waiting  init complete finish...
I/USBService( 1342): send udp to check mobileagent state.
I/===Mrcp===( 1342): sending cmd:276
I/USBService( 1342): command is : [277] 
I/USBService( 1342): res:-131070 res2:2 opt:-2
I/USBService( 1342): receive udp of checking mobileagent state:-2. 
I/USBService( 1342): get mobileagent state 1 and current mobileagent state 1
W/AIN-LauncherActivity(10069): 	waiting  init complete finish...
W/AIN-LauncherActivity(10069): 	waiting  init complete finish...
I/===DaemonService===( 1342): ############## Rotation : 0
I/===DaemonService===( 1342): ScreenOrientationThread:0 screentOrientation:0
I/===APKProtocolTransmit===( 1342): Ready send su-cmd:275
I/===APKProtocolTransmit===( 1342): Start send su-cmd:275 length[14]
I/===APKProtocolTransmit===( 1342): the C socket has not been connected,so dicard the send command:[275]
I/===APKProtocolTransmit===( 1342): End send sb-cmd:275
W/AIN-LauncherActivity(10069): 	waiting  init complete finish...
W/AIN-LauncherActivity(10069): 	waiting  init complete finish...
W/AIN-LauncherActivity(10069): 	waiting  init complete finish...
I/===DaemonService===( 1342): ############## Rotation : 0
I/===DaemonService===( 1342): ScreenOrientationThread:0 screentOrientation:0
I/===APKProtocolTransmit===( 1342): Ready send su-cmd:275
I/===APKProtocolTransmit===( 1342): Start send su-cmd:275 length[14]
I/===APKProtocolTransmit===( 1342): the C socket has not been connected,so dicard the send command:[275]
I/===APKProtocolTransmit===( 1342): End send sb-cmd:275
W/AIN-LauncherActivity(10069): 	waiting  init complete finish...
W/AIN-LauncherActivity(10069): 	waiting  init complete finish...
I/USBService( 1342): send udp to check mobileagent state.
I/===Mrcp===( 1342): sending cmd:276
I/USBService( 1342): command is : [277] 
I/USBService( 1342): res:-131070 res2:2 opt:-2
I/USBService( 1342): receive udp of checking mobileagent state:-2. 
I/USBService( 1342): get mobileagent state 1 and current mobileagent state 1
W/AIN-LauncherActivity(10069): 	waiting  init complete fin