I/===APKProtocolTransmit===( 1344): the C socket has not been connected,so dicard the send command:[275]
I/===APKProtocolTransmit===( 1344): End send sb-cmd:275
D/AndroidRuntime(27406): >>>>>> START com.android.internal.os.RuntimeInit uid 2000 <<<<<<
D/AndroidRuntime(27406): CheckJNI is OFF
I/AndroidRuntime(27406): JNI options: '-Xjniopts:warnonly'
E/memtrack(27406): Couldn't load memtrack module (No such file or directory)
E/android.os.Debug(27406): failed to load memtrack module: -2
D/AndroidRuntime(27406): Calling main entry com.android.commands.pm.Pm
I/installd(  165): free_cache(2366588) avail 1733373952
I/art     (27406): System.exit called, status: 0
I/AndroidRuntime(27406): VM exiting with result code 0.
D/AndroidRuntime(27422): >>>>>> START com.android.internal.os.RuntimeInit uid 2000 <<<<<<
D/AndroidRuntime(27422): CheckJNI is OFF
I/AndroidRuntime(27422): JNI options: '-Xjniopts:warnonly'
E/memtrack(27422): Couldn't load memtrack module (No such file or directory)
E/android.os.Debug(27422): failed to load memtrack module: -2
D/AndroidRuntime(27422): Calling main entry com.android.commands.pm.Pm
I/installd(  165): free_cache(44417) avail 1731006464
I/art     (27422): System.exit called, status: 0
I/AndroidRuntime(27422): VM exiting with result code 0.
D/AndroidRuntime(27438): >>>>>> START com.android.internal.os.RuntimeInit uid 2000 <<<<<<
D/AndroidRuntime(27438): CheckJNI is OFF
I/AndroidRuntime(27438): JNI options: '-Xjniopts:warnonly'
E/memtrack(27438): Couldn't load memtrack module (No such file or directory)
E/android.os.Debug(27438): failed to load memtrack module: -2
D/AndroidRuntime(27438): Calling main entry com.android.commands.pm.Pm
I/installd(  165): free_cache(8804) avail 1730961408
I/art     (27438): System.exit called, status: 0
I/AndroidRuntime(27438): VM exiting with result code 0.
D/AndroidRuntime(27454): >>>>>> START com.android.internal.os.RuntimeInit uid 2000 <<<<<<
D/AndroidRuntime(27454): CheckJNI is OFF
I/AndroidRuntime(27454): JNI options: '-Xjniopts:warnonly'
E/memtrack(27454): Couldn't load memtrack module (No such file or directory)
E/android.os.Debug(27454): failed to load memtrack module: -2
D/AndroidRuntime(27454): Calling main entry com.android.commands.pm.Pm
I/installd(  165): free_cache(3064) avail 1730949120
I/art     (27454): System.exit called, status: 0
I/AndroidRuntime(27454): VM exiting with result code 0.
D/AndroidRuntime(27470): >>>>>> START com.android.internal.os.RuntimeInit uid 2000 <<<<<<
D/AndroidRuntime(27470): CheckJNI is OFF
I/AndroidRuntime(27470): JNI options: '-Xjniopts:warnonly'
E/memtrack(27470): Couldn't load memtrack module (No such file or directory)
E/android.os.Debug(27470): failed to load memtrack module: -2
D/AndroidRuntime(27470): Calling main entry com.android.commands.pm.Pm
I/installd(  165): free_cache(5680) avail 1730945024
I/art     (27470): System.exit called, status: 0
I/AndroidRuntime(27470): VM exiting with result code 0.
I/===DaemonService===( 1344): ############## Rotation : 0
I/===DaemonService===( 1344): ScreenOrientationThread:0 screentOrientation:0
I/===APKProtocolTransmit===( 1344): Ready send su-cmd:275
I/===APKProtocolTransmit===( 1344): Start send su-cmd:275 length[14]
I/===APKProtocolTransmit===( 1344): the C socket has not been connected,so dicard the send command:[275]
I/===APKProtocolTransmit===( 1344): End send sb-cmd:275
D/AndroidRuntime(27486): >>>>>> START com.android.internal.os.RuntimeInit uid 2000 <<<<<<
D/AndroidRuntime(27486): CheckJNI is OFF
I/AndroidRuntime(27486): JNI options: '-Xjniopts:warnonly'
E/memtrack(27486): Couldn't load memtrack module (No such file or directory)
E/android.os.Debug(27486): failed to load memtrack module: -2
D/AndroidRuntime(27486): Calling main entry com.android.commands.pm.Pm
I/installd(  165): free_cache(4257) avail 1730936832
I/art     (27486): System.exit called, status: 0
I/AndroidRuntime(27486): VM exiting with result code 0.
D/AndroidRuntime(27502): >>>>>> START com.android.internal.os.RuntimeInit uid 2000 <<<<<<
D/AndroidRuntime(27502): CheckJNI is OFF
I/AndroidRuntime(27502): JNI options: '-Xjniopts:warnonly'
E/memtrack(27502): Couldn't load memtrack module (No such file or directory)
E/android.os.Debug(27502): failed to load memtrack module: -2
D/AndroidRuntime(27502): Calling main entry com.android.commands.pm.Pm
I/installd(  165): free_cache(7638) avail 1730928640
I/art     (27502): System.exit called, status: 0
I/AndroidRuntime(27502): VM exiting with result code 0.
D/AndroidRuntime(27518): >>>>>> START com.android.internal.os.RuntimeInit uid 2000 <<<<<<
D/AndroidRuntime(27518): CheckJNI is OFF
I/AndroidRuntime(27518): JNI options: '-Xjniopts:warnonly'
E/memtrack(27518): Couldn't load memtrack module (No such file or directory)
E/android.os.Debug(27518): failed to load memtrack module: -2
D/AndroidRuntime(27518): Calling main entry com.android.commands.pm.Pm
I/USBService( 1344): send udp to check mobileagent state.
I/===Mrcp===( 1344): sending cmd:276
I/USBService( 1344): command is : [277] 
I/USBService( 1344): res:-131070 res2:2 opt:-2
I/USBService( 1344): receive udp of checking mobileagent state:-2. 
I/USBService( 1344): get mobileagent state 1 and current mobileagent state 1
D/PackageManager(  473): /data/app/vmdl1319233570.tmp already staged; skipping copy
W/PackageParser(  473): Unknown element under <manifest>: meta-data at /data/app/vmdl1319233570.tmp/base.apk Binary XML file line #41
I/===DaemonService===( 1344): ############## Rotation : 0
I/===DaemonService===( 1344): ScreenOrientationThread:0 screentOrientation:0
I/===APKProtocolTransmit===( 1344): Ready send su-cmd:275
I/===APKProtocolTransmit===( 1344): Start send su-cmd:275 length[14]
I/===APKProtocolTransmit===( 1344): the C socket has not been connected,so dicard the send command:[275]
I/===APKProtocolTransmit===( 1344): End send sb-cmd:275
D/PackageManager(  473): Renaming /data/app/vmdl1319233570.tmp to /data/app/com.example.facedoor-1
I/PackageManager(  473): Running dexopt on: /data/app/com.example.facedoor-1/base.apk pkg=com.example.facedoor isa=arm vmSafeMode=false
I/dex2oat (27533): Error opening the directory: /system/lib/plugins
I/dex2oat (27533): /system/bin/dex2oat --zip-fd=5 --zip-location=/data/app/com.example.facedoor-1/base.apk --oat-fd=6 --oat-location=/data/dalvik-cache/arm/data@app@com.example.facedoor-1@base.apk@classes.dex --instruction-set=arm --instruction-set-features=div --runtime-arg -Xms64m --runtime-arg -Xmx512m --swap-fd=7
I/dex2oat (27533): Decided to run without swap.
I/dex2oat (27533): dex2oat took 54.769ms (threads: 4) arena alloc=332KB java alloc=44KB native alloc=1371KB free=28KB
W/PackageManager(  473): Not granting permission android.permission.MOUNT_UNMOUNT_FILESYSTEMS to package com.example.facedoor (protectionLevel=18 flags=0x8be46)
V/BackupManagerService(  473): restoreAtInstall pkg=com.example.facedoor token=10 restoreSet=0
V/BackupManagerService(  473): Finishing install immediately
W/Settings(  473): Setting install_non_market_apps has moved from android.provider.Settings.Global to android.provider.Settings.Secure, returning read-only value.
D/BackupManagerService(  473): Received broadcast Intent { act=android.intent.action.PACKAGE_ADDED dat=package:com.example.facedoor flg=0x4000010 (has extras) }
W/BackupManagerService(  473): Removing schedule queue dupe of com.example.facedoor
I/InputReader(  473): Reconfiguring input devices.  changes=0x00000010
I/===DaemonService===( 1344): add:com.example.facedoor
D/Documents( 3335): Update found 6 roots in 4ms
W/ResourceType( 1344): No package identifier when getting value for resource number 0x00000000
W/PackageManager( 1344): Failure retrieving resources for com.android.contacts: Resource ID #0x0
W/ResourceType( 1344): No package identifier when getting value for resource number 0x00000000
W/PackageManager( 1344): Failure retrieving resources for com.android.settings: Resource ID #0x0
W/Searchables(  473): No global search activity found
W/VoiceInteractionManagerService(  473): no available voice recognition services found for user 0
W/ResourceType( 1344): No package identifier when getting value for resource number 0x00000000
W/PackageManager( 1344): Failure retrieving resources for com.android.browser: Resource ID #0x0
D/Launcher.Workspace(  924): 11683562 - removeExtraEmptyScreen()
D/Launcher.Workspace(  924): 11683562 - convertFinalScreenToEmptyScreenIfNecessary()
W/ResourceType( 1344): No package identifier when getting value for resource number 0x00000000
W/PackageManager( 1344): Failure retrieving resources for com.android.camera2: Resource ID #0x0
W/ResourceType( 1344): No package identifier when getting value for resource number 0x00000000
W/PackageManager( 1344): Failure retrieving resources for com.android.gallery3d: Resource ID #0x0
I/art     (  473): Explicit concurrent mark sweep GC freed 67769(3MB) AllocSpace objects, 31(1368KB) LOS objects, 33% free, 10MB/15MB, paused 996us total 68.699ms
W/ResourceType( 1344): No package identifier when getting value for resource number 0x00000000
W/PackageManager( 1344): Failure retrieving resources for com.android.music: Resource ID #0x0
I/art     (27518): System.exit called, status: 0
I/AndroidRuntime(27518): VM exiting with result code 0.
W/ResourceType( 1344): No package identifier when getting value for resource number 0x00000000
W/PackageManager( 1344): Failure retrieving resources for com.android.soundrecorder: Resource ID #0x0
W/ResourceType( 1344): No package identifier when getting value for resource number 0x00000000
W/PackageManager( 1344): Failure retrieving resources for com.demo.android.calibrate: Resource ID #0x0
W/ResourceType( 1344): No package identifier when getting value for resource number 0x00000000
W/PackageManager( 1344): Failure retrieving resources for com.android.providers.downloads.ui: Resource ID #0x0
W/ResourceType( 1344): No package identifier when getting value for resource number 0x00000000
W/PackageManager( 1344): Failure retrieving resources for com.android.rk: Resource ID #0x0
W/ResourceType( 1344): No package identifier when getting value for resource number 0x00000000
W/PackageManager( 1344): Failure retrieving resources for com.example.touchpack: Resource ID #0x0
W/ResourceType( 1344): No package identifier when getting value for resource number 0x00000000
W/PackageManager( 1344): Failure retrieving resources for com.xinhua.testapk: Resource ID #0x0
W/ResourceType( 1344): No package identifier when getting value for resource number 0x00000000
W/PackageManager( 1344): Failure retrieving resources for com.sigma_rt.totalcontrol: Resource ID #0x0
W/ResourceType( 1344): No package identifier when getting value for resource number 0x00000000
W/PackageManager( 1344): Failure retrieving resources for com.aispeech.ddsdemo: Resource ID #0x0
W/ResourceType( 1344): No package identifier when getting value for resource number 0x00000000
W/PackageManager( 1344): Failure retrieving resources for com.example.facedoor: Resource ID #0x0
D/AndroidRuntime(27547): >>>>>> START com.android.internal.os.RuntimeInit uid 2000 <<<<<<
D/AndroidRuntime(27547): CheckJNI is OFF
I/AndroidRuntime(27547): JNI options: '-Xjniopts:warnonly'
E/memtrack(27547): Couldn't load memtrack module (No such file or directory)
E/android.os.Debug(27547): failed to load memtrack module: -2
E/===MaApplication===( 1344): 'OutputStream' is null,serious issue and sendSocketCommand:updateapp_add=com.example.facedoor
I/===MaApplication===( 1344): 'OutputStream' is null,serious issue and sendSocketCommand:updateapp_add=com.example.facedoor
D/AndroidRuntime(27547): Calling main entry com.android.commands.am.Am
I/ActivityStackSupervisor(  473): START u0 {act=android.intent.action.MAIN cat=[android.intent.category.LAUNCHER] flg=0x10000000 cmp=com.example.facedoor/.LauncherActivity2} from uid 2000 on display 0
I/System.out(  473): com.example.facedoor.LauncherActivity2addAppToken taskId:717
D/WindowManagerService(  473): null  ==========setInputFocusLw ==========  =======
D/AndroidRuntime(27547): Shutting down VM
I/art     (27547): Debugger is no longer active
I/art     (27580): Late-enabling -Xcheck:jni
I/ActivityManagerService(  473): Start proc 27580:com.example.facedoor/u0a59 for activity com.example.facedoor/.LauncherActivity2
V/WindowManagerService(  473): Adding window Window{3a5fd491 u0 Starting com.example.facedoor} at 2 of 10 (after Window{12f6a053 u0 com.android.browser/com.android.browser.BrowserActivity})
I/OpenGLRenderer(  473): Initialized EGL, version 1.4
I/art     (27580): Debugger is no longer active
D/MscSpeechLog(27580): process name:com.example.facedoor
D/MscSpeechLog(27580): process name:com.example.facedooris own process
D/MSC_LOG (27580): JNI_OnLoad is called !
D/MscSpeechLog(27580): loadLibrary msc success
D/MscSpeechLog(27580): MSC ifly ver: true
D/MSC_LOG (27580): QMSPGetParam Begin
D/MSC_LOG (27580): QMSPGetParam End
D/MscSpeechLog(27580): SpeechUtility start login
D/MSC_LOG (27580): QMSPGetVersion Begin
D/MSC_LOG (27580): QMSPGetVersion End
D/MscSpeechLog(27580): get msc full version name: 5.0.26.1133
E/DatabaseUtils(  473): Writing exception to parcel
E/DatabaseUtils(  473): java.lang.SecurityException: Permission denial: writing to settings requires android.permission.WRITE_SETTINGS
E/DatabaseUtils(  473): 	at com.android.providers.settings.SettingsProvider.call(SettingsProvider.java:747)
E/DatabaseUtils(  473): 	at android.content.ContentProvider$Transport.call(ContentProvider.java:370)
E/DatabaseUtils(  473): 	at android.content.ContentProviderNative.onTransact(ContentProviderNative.java:283)
E/DatabaseUtils(  473): 	at android.os.Binder.execTransact(Binder.java:446)
W/System.err(27580): java.lang.SecurityException: Permission denial: writing to settings requires android.permission.WRITE_SETTINGS
W/System.err(27580): 	at android.os.Parcel.readException(Parcel.java:1546)
W/System.err(27580): 	at android.database.DatabaseUtils.readExceptionFromParcel(DatabaseUtils.java:185)
W/System.err(27580): 	at android.database.DatabaseUtils.readExceptionFromParcel(DatabaseUtils.java:137)
W/System.err(27580): 	at android.content.ContentProviderProxy.call(ContentProviderNative.java:645)
W/System.err(27580): 	at android.provider.Settings$NameValueCache.putStringForUser(Settings.java:1094)
W/System.err(27580): 	at android.provider.Settings$System.putStringForUser(Settings.java:1362)
W/System.err(27580): 	at android.provider.Settings$System.putString(Settings.java:1346)
W/System.err(27580): 	at com.iflytek.thirdparty.S.c(Unknown Source)
W/System.err(27580): 	at com.iflytek.thirdparty.S.a(Unknown Source)
W/System.err(27580): 	at com.iflytek.thirdparty.S$1.run(Unknown Source)
W/System.err(27580): 	at java.lang.Thread.run(Thread.java:818)
D/MSC_LOG (27580): QMSPLogin Begin
D/MSC_LOG (27580): QMSPLogin End
D/MscSpeechLog(27580): [MSPLogin]ret:0
E/PushFactory(27580): getPushInstance not found push instance.
W/ActivityManagerService(  473): Unable to start service Intent { cmp=com.example.facedoor/com.iflytek.common.LaunchService } U=0: not found
D/MSC_LOG (27580): QMSPGetParam Begin
D/MSC_LOG (27580): QMSPGetParam End
D/MscSpeechLog(27580): DC init enable=null
D/MscSpeechLog(27580): MSC ifly ver: true
D/MscSpeechLog(27580): DC init enter.
D/MscSpeechLog(27580): DC getEnable enter.
D/MscSpeechLog(27580): DC getEnable static value=true
D/MscSpeechLog(27580): getMscParameter enter key=idc
D/MSC_LOG (27580): QMSPGetParam Begin
D/MSC_LOG (27580): QMSPGetParam End
E/MscSpeechLog(27580): getMscParameter MSC return -1
D/MscSpeechLog(27580): getMscParameter value=null
D/MscSpeechLog(27580): getMscParameter leave
D/MscSpeechLog(27580): DC getEnable msc val=null
D/MscSpeechLog(27580): DC getEnable value=false
D/MscSpeechLog(27580): DC getEnable leave.
D/MscSpeechLog(27580): DC init is not enable.
D/MscSpeechLog(27580): DC init leave.
D/MscSpeechLog(27580): MscHttpRequest start Post
W/ActivityManagerService(  473): Unable to start service Intent { cmp=com.example.facedoor/com.iflytek.common.LaunchService } U=0: not found
D/OpenGLRenderer(27580): Use EGL_SWAP_BEHAVIOR_PRESERVED: true
W/AIN-LauncherActivity(27580): 	waiting  init complete finish...
D/Atlas   (27580): Validating map...
W/Atlas   (27580): Pointer 0x0, not in getPreloadedDrawables?
W/Atlas   (27580): Pointer 0x0, not in getPreloadedDrawables?
V/WindowManagerService(  473): Adding window Window{20e0401 u0 com.example.facedoor/com.example.facedoor.LauncherActivity2} at 4 of 11 (before Window{3a5fd491 u0 Starting com.example.facedoor})
D/DDSService(27580): Start DDS
I/DDSService(27580): config->{
I/DDSService(27580): API_KEY='a9dd69d8261da9dd69d8261d5a976840';
I/DDSService(27580): AUTH_TYPE='profile';
I/DDSService(27580): ALIAS_KEY='prod';
I/DDSService(27580): USE_UPDATE_NOTIFICATION='true';
I/DDSService(27580): USER_ID='user@group';
I/DDSService(27580): PRODUCT_ID='100001991';
I/DDSService(27580): DDS_PROTOCOL_VERSION_CODE='1';
I/DDSService(27580): }
W/AIN-AILog(27580): 	log.level 4->2
W/System.err(27580): java.lang.ClassNotFoundException: com.aispeech.aios.client.BusClient
W/System.err(27580): 	at java.lang.Class.classForName(Native Method)
W/System.err(27580): 	at java.lang.Class.forName(Class.java:309)
W/System.err(27580): 	at java.lang.Class.forName(Class.java:273)
W/System.err(27580): 	at com.aispeech.ailog.AILog.setLogLevel(AILog.java:635)
W/System.err(27580): 	at com.aispeech.dui.dds.DDS.setDebugMode(DDS.java:244)
W/System.err(27580): 	at com.example.facedoor.DDSService.init(DDSService.java:97)
W/System.err(27580): 	at com.example.facedoor.DDSService.onStartCommand(DDSService.java:40)
W/System.err(27580): 	at android.app.ActivityThread.handleServiceArgs(ActivityThread.java:2914)
W/System.err(27580): 	at android.app.ActivityThread.access$2100(ActivityThread.java:151)
W/System.err(27580): 	at android.app.ActivityThread$H.handleMessage(ActivityThread.java:1417)
W/System.err(27580): 	at android.os.Handler.dispatchMessage(Handler.java:102)
W/System.err(27580): 	at android.os.Looper.loop(Looper.java:135)
W/System.err(27580): 	at android.app.ActivityThread.main(ActivityThread.java:5280)
W/System.err(27580): 	at java.lang.reflect.Method.invoke(Native Method)
W/System.err(27580): 	at java.lang.reflect.Method.invoke(Method.java:372)
W/System.err(27580): 	at com.android.internal.os.ZygoteInit$MethodAndArgsCaller.run(ZygoteInit.java:963)
W/System.err(27580): 	at com.android.internal.os.ZygoteInit.main(ZygoteInit.java:758)
W/System.err(27580): Caused by: java.lang.ClassNotFoundException: Didn't find class "com.aispeech.aios.client.BusClient" on path: DexPathList[[zip file "/data/app/com.example.facedoor-1/base.apk", zip file "/data/app/com.example.facedoor-1/split_lib_dependencies_apk.apk", zip file "/data/app/com.example.facedoor-1/split_lib_slice_0_apk.apk", zip file "/data/app/com.example.facedoor-1/split_lib_slice_1_apk.apk", zip file "/data/app/com.example.facedoor-1/split_lib_slice_2_apk.apk", zip file "/data/app/com.example.facedoor-1/split_lib_slice_3_apk.apk", zip file "/data/app/com.example.facedoor-1/split_lib_slice_4_apk.apk", zip file "/data/app/com.example.facedoor-1/split_lib_slice_5_apk.apk", zip file "/data/app/com.example.facedoor-1/split_lib_slice_6_apk.apk", zip file "/data/app/com.example.facedoor-1/split_lib_slice_7_apk.apk", zip file "/data/app/com.example.facedoor-1/split_lib_slice_8_apk.apk", zip file "/data/app/com.example.facedoor-1/split_lib_slice_9_apk.apk"],nativeLibraryDirectories=[/data/app/com.example.facedoor-1/lib/arm, /vendor/lib, /system/lib]]
W/System.err(27580): 	at dalvik.system.BaseDexClassLoader.findClass(BaseDexClassLoader.java:56)
W/System.err(27580): 	at java.lang.ClassLoader.loadClass(ClassLoader.java:511)
W/System.err(27580): 	at java.lang.ClassLoader.loadClass(ClassLoader.java:469)
W/System.err(27580): 	... 17 more
W/System.err(27580): 	Suppressed: java.lang.ClassNotFoundException: com.aispeech.aios.client.BusClient
W/System.err(27580): 		at java.lang.Class.classForName(Native Method)
W/System.err(27580): 		at java.lang.BootClassLoader.findClass(ClassLoader.java:781)
W/System.err(27580): 		at java.lang.BootClassLoader.loadClass(ClassLoader.java:841)
W/System.err(27580): 		at java.lang.ClassLoader.loadClass(ClassLoader.java:504)
W/System.err(27580): 		... 18 more
W/System.err(27580): 	Caused by: java.lang.NoClassDefFoundError: Class not found using the boot class loader; no stack available
D/AIN-Agent(27580): 	onFirstObserverAttached: sys.dialog.start
D/AIN-Agent(27580): 	onFirstObserverAttached: command://open_window
D/AIN-Agent(27580): 	onFirstObserverAttached: native://query_battery
D/WindowManagerService(  473): Window{20e0401 u0 com.example.facedoor/com.example.facedoor.LauncherActivity2}  ==========setInputFocusLw ==========  =======
I/mali_so (27580): [File] : hardware/arm/maliT760/driver/product/base/src/mali_base_kbase.c; [Line] : 780; [Func] : base_context_deal_with_version_affairs_rk_ext;
I/mali_so (27580): arm_release_ver of this mali_so is 'r6p0-02rel0', rk_so_ver is '11@0', built at '16:20:19' for 3288w, on 'Aug  1 2016'.
I/mali_so (27580): [File] : hardware/arm/maliT760/driver/product/base/src/mali_base_kbase.c; [Line] : 807; [Func] : base_context_deal_with_version_affairs_rk_ext;
I/mali_so (27580): mali_ver_property has been set to 'r6p0-02rel0-13-11@0', to return.
I/OpenGLRenderer(27580): Initialized EGL, version 1.4
D/OpenGLRenderer(27580): Enabling debug mode 0
D/AIN-AIBootloader(27580): 	prepare isVersionFirst:true
I/AIN-AIBootloader(27580): 	cleaning data files due to DDS SDK upgrade.
D/AIN-PrefUtil(27580): 	IS_FIRST_1->false
I/ActivityManagerService(  473): Displayed com.example.facedoor/.LauncherActivity2: +685ms
I/AIN-AIBootloader(27580): 	available space->1710866432
D/AIN-AIOS-AssetsUtil(27580): 	MD5 of origin Bin: 6d06ee0a8ffb60ce65e8bdce7c50a94d
D/AIN-AIOS-AssetsUtil(27580): 	delay before unzip: 0
D/AIN-AIOS-AssetsUtil(27580): 	unzip() =====>
D/AIN-AIOS-AssetsUtil(27580): 	internalMemorySize()=1710866432,  reuqiredSize=0
D/AIN-AIOS-AssetsUtil(27580): 	BufferSize:4096
D/AIN-AIOS-AssetsUtil(27580): 	/data/data/com.example.facedoor/files/dds/core.lub
D/AIN-AIOS-AssetsUtil(27580): 	/data/data/com.example.facedoor/files/dds/init/003-local_update-node.lua
D/AIN-AIOS-AssetsUtil(27580): 	/data/data/com.example.facedoor/files/dds/init/005-local_push-node.lua
D/AIN-AIOS-AssetsUtil(27580): 	/data/data/com.example.facedoor/files/dds/init/006-local_auth-node.lua
D/AIN-AIOS-AssetsUtil(27580): 	/data/data/com.example.facedoor/files/dds/init/bootloader.lua
D/AIN-AIOS-AssetsUtil(27580): 	/data/data/com.example.facedoor/files/dds/init/bus-server.lua
D/AIN-AIOS-AssetsUtil(27580): 	/data/data/com.example.facedoor/files/dds/luaclib/android-armeabi/luabin.so
D/AIN-AIOS-AssetsUtil(27580): 	/data/data/com.example.facedoor/files/dds/luaclib/android-armeabi/lfs.so
D/AIN-AIOS-AssetsUtil(27580): 	/data/data/com.example.facedoor/files/dds/luaclib/android-armeabi/minizip.so
D/AIN-AIOS-AssetsUtil(27580): 	/data/data/com.example.facedoor/files/dds/luaclib/android-armeabi/patch.so
D/AIN-AIOS-AssetsUtil(27580): 	/data/data/com.example.facedoor/files/dds/luaclib/android-armeabi/ca.so
D/AIN-AIOS-AssetsUtil(27580): 	/data/data/com.example.facedoor/files/dds/luaclib/android-arm64/lfs.so
D/AIN-AIOS-AssetsUtil(27580): 	/data/data/com.example.facedoor/files/dds/luaclib/android-arm64/luabin.so
D/AIN-AIOS-AssetsUtil(27580): 	/data/data/com.example.facedoor/files/dds/luaclib/android-arm64/minizip.so
D/AIN-AIOS-AssetsUtil(27580): 	/data/data/com.example.facedoor/files/dds/luaclib/android-arm64/patch.so
D/AIN-AIOS-AssetsUtil(27580): 	/data/data/com.example.facedoor/files/dds/luaclib/android-arm64/ca.so
D/AIN-AIOS-AssetsUtil(27580): 	/data/data/com.example.facedoor/files/dds/luaclib/android-x86/lfs.so
D/AIN-AIOS-AssetsUtil(27580): 	/data/data/com.example.facedoor/files/dds/luaclib/android-x86/luabin.so
D/AIN-AIOS-AssetsUtil(27580): 	/data/data/com.example.facedoor/files/dds/luaclib/android-x86/minizip.so
D/AIN-AIOS-AssetsUtil(27580): 	/data/data/com.example.facedoor/files/dds/luaclib/android-x86/patch.so
D/AIN-AIOS-AssetsUtil(27580): 	/data/data/com.example.facedoor/files/dds/luaclib/android-x86/ca.so
D/AIN-AIOS-AssetsUtil(27580): 	<=====unzip()85
D/AIN-AIOS-AssetsUtil(27580): 	extract done
I/AIN-AIBootloader(27580): 	DataHome: /data/data/com.example.facedoor/files/dds
I/AIN-AIBootloader(27580): 	keysJsonContent : null
I/AIN-AIBootloader(27580): 	available space->1709486080
I/AIN-AIBootloader(27580): 	android version is < 6.0
I/AIN-AIBootloader(27580): 	cpuAbi:armeabi-v7a
D/AIN-AIBootloader(27580): 	{
D/AIN-AIBootloader(27580): USER_ID='user@group';
D/AIN-AIBootloader(27580): DDS_PROTOCOL_VERSION_CODE='1';
D/AIN-AIBootloader(27580): DATA_HOME='/data/data/com.example.facedoor/files/dds';
D/AIN-AIBootloader(27580): DEVICE_INFO='{"displayMatrix":"768*976","deviceId":"b9e82e95-5541-3119-8c2d-776e29181699","platform":"android","buildVariant":"debug","packageName":"com.example.facedoor","buildModel":"ZK-R321","buildManufacture":"rockchip","buildDevice":"rk3288","applicationLabel":"","applicationVersion":"1.0","buildSdkInt":"22"}';
D/AIN-AIBootloader(27580): CACHE_PATH='/mnt/internal_sd/Android/data/com.example.facedoor/cache';
D/AIN-AIBootloader(27580): AUTH_TYPE='profile';
D/AIN-AIBootloader(27580): LOG_LEVEL='4';
D/AIN-AIBootloader(27580): S_CODE='com.example.facedoor:90:0D:8D:60:32:14:15:A0:9B:88:BA:96:31:9E:D7:44:EE:F5:F4:B8:68:91:86:D7:13:63:04:64:98:AE:1F:A2';
D/AIN-AIBootloader(27580): API_KEY='a9dd69d8261da9dd69d8261d5a976840';
D/AIN-AIBootloader(27580): LOCATION_CACHE_LIMIT='1048576';
D/AIN-AIBootloader(27580): ALIAS_KEY='prod';
D/AIN-AIBootloader(27580): USE_UPDATE_NOTIFICATION='true';
D/AIN-AIBootloader(27580): PRODUCT_ID='100001991';
D/AIN-AIBootloader(27580): CACHE_SIZE='52428800';
D/AIN-AIBootloader(27580): }
D/AIN-lasa(27580): 	before load lasa library
D/AIN-lasa(27580): 	library path = /vendor/lib:/system/lib
W/linker  (27580): liblasa.so: unused DT entry: type 0x6ffffffe arg 0x31120
W/linker  (27580): liblasa.so: unused DT entry: type 0x6fffffff arg 0x3
I/lasa-jni(27580): set global cls ok
D/AIN-lasa(27580): 	after load lasa library
D/lasa-jni(27580): luaname: bootloader
D/lasa-jni(27580): lasa 2.2.19
I/aios.local_player(27580): try to start "local_player" node, state: idle
I/aios.local_recorder(27580): try to start "local_recorder" node, state: idle
I/aios.local_player(27580): onCreate
D/AIN-Agent(27580): 	onFirstObserverAttached: sys.hybrid.missing
D/AIN-Agent(27580): 	onFirstObserverAttached: sys.kernel.ready
D/AIN-Agent(27580): 	onFirstObserverAttached: local_auth.finish
I/aios.Agent(27580): try to start "Agent" node, state: idle
I/aios.local_recorder(27580): onCreate
I/aios.Agent(27580): onCreate
W/linker  (27580): lfs.so: unused DT entry: type 0x6ffffffe arg 0xa20
W/linker  (27580): lfs.so: unused DT entry: type 0x6fffffff arg 0x1
I/art     (27580): Note: end time exceeds epoch: 
I/art     (27580): Note: end time exceeds epoch: 
I/art     (27580): Note: end time exceeds epoch: 
V/lasa    (27580): 	4379.76134042	AI-checker	open file failed for .bootcount
D/lasa-jni(27580): luaname: bus-server.lua
D/lasa-jni(27580): lasa 2.2.19
V/lasa    (27580): 	4379.765026795	AI-busclient	police	create failed: Connection refused
V/lasa    (27580): 	4379.765072587	AI-bootloader	new police failed. retry
W/AIN-BusClient (27580): Agent	create failed: failed to connect to /127.0.0.1 (port 50001): isConnected failed: ECONNREFUSED (Connection refused)
I/aios.Agent(27580): I will be back in 3s, on error: unavailable
I/aios.Agent(27580): com.aispeech.dui.BusClient$BusClientRuntimeException: unavailable
I/aios.Agent(27580): 	at com.aispeech.dui.BusClient.<init>(BusClient.java:132)
I/aios.Agent(27580): 	at com.aispeech.dui.BusClient.<init>(BusClient.java:89)
I/aios.Agent(27580): 	at com.aispeech.dui.BaseNode.run(BaseNode.java:158)
I/aios.Agent(27580): 	at java.lang.Thread.run(Thread.java:818)
W/AIN-BusClient (27580): local_player	create failed: failed to connect to /127.0.0.1 (port 50001): isConnected failed: ECONNREFUSED (Connection refused)
I/aios.local_player(27580): I will be back in 3s, on error: unavailable
I/aios.local_player(27580): com.aispeech.dui.BusClient$BusClientRuntimeException: unavailable
I/aios.local_player(27580): 	at com.aispeech.dui.BusClient.<init>(BusClient.java:132)
I/aios.local_player(27580): 	at com.aispeech.dui.BusClient.<init>(BusClient.java:89)
I/aios.local_player(27580): 	at com.aispeech.dui.BaseNode.run(BaseNode.java:158)
I/aios.local_player(27580): 	at java.lang.Thread.run(Thread.java:818)
W/AIN-BusClient (27580): local_recorder	create failed: failed to connect to /127.0.0.1 (port 50001): isConnected failed: ECONNREFUSED (Connection refused)
I/aios.local_recorder(27580): I will be back in 3s, on error: unavailable
I/aios.local_recorder(27580): com.aispeech.dui.BusClient$BusClientRuntimeException: unavailable
I/aios.local_recorder(27580): 	at com.aispeech.dui.BusClient.<init>(BusClient.java:132)
I/aios.local_recorder(27580): 	at com.aispeech.dui.BusClient.<init>(BusClient.java:89)
I/aios.local_recorder(27580): 	at com.aispeech.dui.BaseNode.run(BaseNode.java:158)
I/aios.local_recorder(27580): 	at java.lang.Thread.run(Thread.java:818)
I/AIN-BusClient (27580): Agent	created
I/AIN-BusClient (27580): local_player	created
I/AIN-PlayerNode(27580): 	state is already idle
I/AIN-BusClient (27580): local_recorder	created
I/aios.local_recorder(27580): onJoin
I/aios.local_player(27580): onJoin
I/AIN-DeviceUtil(27580): 	mac address: 84:20:96:cf:3a:57
I/aios.Agent(27580): onJoin
V/lasa    (27580): 	4379.867420754	AI-busserver	on receive multipart error:
I/aios.local_recorder(27580): onMessage
I/aios.Agent(27580): onMessage
V/lasa    (27580): 	4379.867971712	police	receive length line error: 	closed
V/lasa    (27580): 	4379.868015462	AI-busclient	police	call - receive_multipart error: 	closed
I/aios.local_recorder(27580): onMessage
I/aios.Agent(27580): onMessage
I/aios.local_recorder(27580): onMessage
I/aios.Agent(27580): onMessage
D/lasa-jni(27580): luaname: 003-local_updat
D/lasa-jni(27580): lasa 2.2.19
D/lasa-jni(27580): luaname: 005-local_push-
D/lasa-jni(27580): lasa 2.2.19
D/lasa-jni(27580): luaname: 006-local_auth-
D/lasa-jni(27580): lasa 2.2.19
W/linker  (27580): minizip.so: unused DT entry: type 0x6ffffffe arg 0x1870
W/linker  (27580): minizip.so: unused DT entry: type 0x6fffffff arg 0x1
I/aios.local_recorder(27580): onMessage
I/aios.Agent(27580): onMessage
W/linker  (27580): ca.so: unused DT entry: type 0x6ffffffe arg 0x54c
W/linker  (27580): ca.so: unused DT entry: type 0x6fffffff arg 0x1
W/linker  (27580): patch.so: unused DT entry: type 0x6ffffffe arg 0x14f4
W/linker  (27580): patch.so: unused DT entry: type 0x6fffffff arg 0x1
I/aios.local_recorder(27580): onMessage
I/aios.Agent(27580): onMessage
I/aios.local_recorder(27580): onMessage
V/lasa    (27580): 	4379.889209129	AI-profile	profile not exist.
I/aios.Agent(27580): onMessage
I/aios.Agent(27580): onMessage
D/AIN-DDS (27580): 	agent: sys.hybrid.missing
D/DDSService(27580): onInitComplete
W/AIN-DDS (27580): 	dds running
V/lasa    (27580): 	4380.132486254	AI-local_push
V/lasa    (27580): 	4380.272291712	AI-profile	profile not exist.
W/art     (27580): Before Android 4.1, method android.graphics.PorterDuffColorFilter android.support.graphics.drawable.VectorDrawableCompat.updateTintFilter(android.graphics.PorterDuffColorFilter, android.content.res.ColorStateList, android.graphics.PorterDuff$Mode) would have incorrectly overridden the package-private method in android.graphics.drawable.Drawable
V/WindowManagerService(  473): not Base app: Adding window Window{8f95883 u0 com.example.facedoor/com.example.facedoor.LauncherActivity2} at 5 of 11
D/WindowManagerService(  473): Window{8f95883 u0 com.example.facedoor/com.example.facedoor.LauncherActivity2}  ==========setInputFocusLw ==========  =======
I/===DaemonService===( 1344): ############## Rotation : 0
I/===DaemonService===( 1344): ScreenOrientationThread:0 screentOrientation:0
I/===APKProtocolTransmit===( 1344): Ready send su-cmd:275
I/===APKProtocolTransmit===( 1344): Start send su-cmd:275 length[14]
I/===APKProtocolTransmit===( 1344): the C socket has not been connected,so dicard the send command:[275]
I/===APKProtocolTransmit===( 1344): End send sb-cmd:275
I/USBService( 1344): send udp to check mobileagent state.
I/===Mrcp===( 1344): sending cmd:276
I/USBService( 1344): command is : [277] 
I/USBService( 1344): res:-131070 res2:2 opt:-2
I/USBService( 1344): receive udp of checking mobileagent state:-2. 
I/USBService( 1344): get mobileagent state 1 and current mobileagent state 1
I/===DaemonService===( 1344): ############## Rotation : 0
I/===DaemonService===( 1344): ScreenOrientationThread:0 screentOrientation:0
I/===APKProtocolTransmit===( 1344): Ready send su-cmd:275
I/===APKProtocolTransmit===( 1344): Start send su-cmd:275 length[14]
I/===APKProtocolTransmit===( 1344): the C socket has not been connected,so dicard the send command:[275]
I/===APKProtocolTransmit===( 1344): End send sb-cmd:275
V/lasa    (27580): 	4383.936387756	AI-profile	profile not exist.
W/AudioTrack(  473): AUDIO_OUTPUT_FLAG_FAST denied by client
D/WindowManagerService(  473): Window{20e0401 u0 com.example.facedoor/com.example.facedoor.LauncherActivity2}  ==========setInputFocusLw ==========  =======
W/InputMethodManagerService(  473): Window already focused, ignoring focus gain of: com.android.internal.view.IInputMethodClient$Stub$Proxy@3d5c862c attribute=null, token = android.os.BinderProxy@3c6525e8
I/aios.Agent(27580): onMessage
D/AIN-DDS (27580): 	agent: local_auth.finish
D/DDSService(27580): onAuthSuccess
I/ActivityStackSupervisor(  473): START u0 {cmp=com.example.facedoor/.FaceIndexActivity} from uid 10059 on display 0
I/System.out(  473): com.example.facedoor.FaceIndexActivityaddAppToken taskId:717
D/WindowManagerService(  473): null  ==========setInputFocusLw ==========  =======
I/aios.local_recorder(27580): onMessage
I/aios.local_recorder(27580): onMessage
I/aios.local_recorder(27580): onMessage
I/aios.local_recorder(27580): onMessage
I/aios.Agent(27580): onMessage
I/aios.Agent(27580): onMessage
I/aios.Agent(27580): onMessage
I/aios.Agent(27580): onMessage
I/aios.Agent(27580): onMessage
I/aios.Agent(27580): onMessage
I/aios.Agent(27580): onMessage
I/aios.Agent(27580): onMessage
I/aios.local_recorder(27580): onMessage
I/aios.local_recorder(27580): onMessage
I/aios.local_recorder(27580): onMessage
I/aios.local_recorder(27580): onMessage
D/AIN-Agent(27580): 	onFirstObserverAttached: sys.resource.updated
W/System.err(27580): com.aispeech.dui.dds.exceptions.DDSNotInitCompleteException: You must init DDS first.
W/System.err(27580): 	at com.aispeech.dui.dds.agent.Agent.b(Agent.java:1104)
W/System.err(27580): 	at com.aispeech.dui.dds.agent.Agent.getWakeupWords(Agent.java:307)
W/System.err(27580): 	at com.example.facedoor.FaceIndexActivity.sendHiMessage(FaceIndexActivity.java:215)
W/System.err(27580): 	at com.example.facedoor.FaceIndexActivity.onResume(FaceIndexActivity.java:438)
W/System.err(27580): 	at android.app.Instrumentation.callActivityOnResume(Instrumentation.java:1257)
W/System.err(27580): 	at android.app.Activity.performResume(Activity.java:6309)
W/System.err(27580): 	at android.app.ActivityThread.performResumeActivity(ActivityThread.java:2997)
W/System.err(27580): 	at android.app.ActivityThread.handleResumeActivity(ActivityThread.java:3039)
W/System.err(27580): 	at android.app.ActivityThread.handleLaunchActivity(ActivityThread.java:2412)
W/System.err(27580): 	at android.app.ActivityThread.access$800(ActivityThread.java:151)
W/System.err(27580): 	at android.app.ActivityThread$H.handleMessage(ActivityThread.java:1319)
W/System.err(27580): 	at android.os.Handler.dispatchMessage(Handler.java:102)
W/System.err(27580): 	at android.os.Looper.loop(Looper.java:135)
W/System.err(27580): 	at android.app.ActivityThread.main(ActivityThread.java:5280)
W/System.err(27580): 	at java.lang.reflect.Method.invoke(Native Method)
W/System.err(27580): 	at java.lang.reflect.Method.invoke(Method.java:372)
W/System.err(27580): 	at com.android.internal.os.ZygoteInit$MethodAndArgsCaller.run(ZygoteInit.java:963)
W/System.err(27580): 	at com.android.internal.os.ZygoteInit.main(ZygoteInit.java:758)
D/AndroidRuntime(27580): Shutting down VM
E/Sandy   (27580): uncaughtException, thread: Thread[main,5,main] name: main id: 1exception: java.lang.RuntimeException: Unable to resume activity {com.example.facedoor/com.example.facedoor.FaceIndexActivity}: java.lang.ArrayIndexOutOfBoundsException: length=0; index=0
I/art     (27580): WaitForGcToComplete blocked for 13.039ms for cause Background
I/art     (27580): Debugger is no longer active
I/aios.Agent(27580): onMessage
D/AIN-DDSUpdater(27580): 	onMessage->local_update.found
D/AIN-DDSUpdater(27580): 	use notification bar
W/System.err(27580): com.aispeech.dui.dds.exceptions.DDSNotInitCompleteException: You must init DDS first.
W/System.err(27580): 	at com.aispeech.dui.dds.agent.Agent.b(Agent.java:1104)
W/System.err(27580): 	at com.aispeech.dui.dds.agent.Agent.speak(Agent.java:582)
W/System.err(27580): 	at com.example.facedoor.FaceIndexActivity$4.onUpdateFound(FaceIndexActivity.java:262)
W/System.err(27580): 	at com.aispeech.dui.dds.update.DDSUpdater$1.onMessage(DDSUpdater.java:89)
W/System.err(27580): 	at com.aispeech.dui.dds.agent.Agent.onMessage(Agent.java:135)
W/System.err(27580): 	at com.aispeech.dui.BusClient.spin(BusClient.java:444)
W/System.err(27580): 	at com.aispeech.dui.BaseNode.run(BaseNode.java:162)
W/System.err(27580): 	at java.lang.Thread.run(Thread.java:818)
I/aios.Agent(27580): onMessage
D/AIN-DDSUpdater(27580): 	onMessage->local_update.percentage
D/fyc     (27580): onDownloadProgress :1.0
I/aios.Agent(27580): onMessage
D/AIN-DDSUpdater(27580): 	onMessage->local_update.percentage
D/fyc     (27580): onDownloadProgress :2.03
I/aios.Agent(27580): onMessage
D/AIN-DDSUpdater(27580): 	onMessage->local_update.percentage
D/fyc     (27580): onDownloadProgress :3.07
I/aios.Agent(27580): onMessage
D/AIN-DDSUpdater(27580): 	onMessage->local_update.percentage
D/fyc     (27580): onDownloadProgress :4.09
I/aios.Agent(27580): onMessage
D/AIN-DDSUpdater(27580): 	onMessage->local_update.percentage
D/fyc     (27580): onDownloadProgress :5.11
I/aios.Agent(27580): onMessage
D/AIN-DDSUpdater(27580): 	onMessage->local_update.percentage
D/fyc     (27580): onDownloadProgress :6.13
I/aios.Agent(27580): onMessage
D/AIN-DDSUpdater(27580): 	onMessage->local_update.percentage
D/fyc     (27580): onDownloadProgress :7.14
I/aios.Agent(27580): onMessage
D/AIN-DDSUpdater(27580): 	onMessage->local_update.percentage
D/fyc     (27580): onDownloadProgress :8.16
I/aios.Agent(27580): onMessage
D/AIN-DDSUpdater(27580): 	onMessage->local_update.percentage
D/fyc     (27580): onDownloadProgress :9.18
I/aios.Agent(27580): onMessage
D/AIN-DDSUpdater(27580): 	onMessage->local_update.percentage
D/fyc     (27580): onDownloadProgress :10.2
I/aios.Agent(27580): onMessage
D/AIN-DDSUpdater(27580): 	onMessage->local_update.percentage
D/fyc     (27580): onDownloadProgress :11.22
I/USBService( 1344): send udp to check mobileagent state.
I/===Mrcp===( 1344): sending cmd:276
I/USBService( 1344): command is : [277] 
I/USBService( 1344): res:-131070 res2:2 opt:-2
I/USBService( 1344): receive udp of checking mobileagent state:-2. 
I/USBService( 1344): get mobileagent state 1 and current mobileagent state 1
I/aios.Agent(27580): onMessage
D/AIN-DDSUpdater(27580): 	onMessage->local_update.percentage
D/fyc     (27580): onDownloadProgress :12.24
I/aios.Agent(27580): onMessage
D/AIN-DDSUpdater(27580): 	onMessage->local_update.percentage
D/fyc     (27580): onDownloadProgress :13.26
I/aios.Agent(27580): onMessage
D/AIN-DDSUpdater(27580): 	onMessage->local_update.percentage
D/fyc     (27580): onDownloadProgress :14.28
I/aios.Agent(27580): onMessage
D/AIN-DDSUpdater(27580): 	onMessage->local_update.percentage
D/fyc     (27580): onDownloadProgress :15.3
I/aios.Agent(27580): onMessage
D/AIN-DDSUpdater(27580): 	onMessage->local_update.percentage
D/fyc     (27580): onDownloadProgress :16.31
I/aios.Agent(27580): onMessage
D/AIN-DDSUpdater(27580): 	onMessage->local_update.percentage
D/fyc     (27580): onDownloadProgress :17.33
I/aios.Agent(27580): onMessage
D/AIN-DDSUpdater(27580): 	onMessage->local_update.percentage
D/fyc     (27580): onDownloadProgress :18.35
I/aios.Agent(27580): onMessage
D/AIN-DDSUpdater(27580): 	onMessage->local_update.percentage
D/fyc     (27580): onDownloadProgress :19.37
I/===DaemonService===( 1344): ############## Rotation : 0
I/===DaemonService===( 1344): ScreenOrientationThread:0 screentOrientation:0
I/===APKProtocolTransmit===( 1344): Ready send su-cmd:275
I/===APKProtocolTransmit===( 1344): Start send su-cmd:275 length[14]
I/===APKProtocolTransmit===( 1344): the C socket has not been connected,so dicard the send command:[275]
I/===APKProtocolTransmit===( 1344): End send sb-cmd:275
I/aios.Agent(27580): onMessage
D/AIN-DDSUpdater(27580): 	onMessage->local_update.percentage
D/fyc     (27580): onDownloadProgress :20.39
I/aios.Agent(27580): onMessage
D/AIN-DDSUpdater(27580): 	onMessage->local_update.percentage
D/fyc     (27580): onDownloadProgress :21.41
I/aios.Agent(27580): onMessage
D/AIN-DDSUpdater(27580): 	onMessage->local_update.percentage
D/fyc     (27580): onDownloadProgress :22.43
I/aios.Agent(27580): onMessage
D/AIN-DDSUpdater(27580): 	onMessage->local_update.percentage
D/fyc     (27580): onDownloadProgress :23.45
I/aios.Agent(27580): onMessage
D/AIN-DDSUpdater(27580): 	onMessage->local_update.percentage
D/fyc     (27580): onDownloadProgress :24.46
I/aios.Agent(27580): onMessage
D/AIN-DDSUpdater(27580): 	onMessage->local_update.percentage
D/fyc     (27580): onDownloadProgress :25.48
I/aios.Agent(27580): onMessage
D/AIN-DDSUpdater(27580): 	onMessage->local_update.percentage
D/fyc     (27580): onDownloadProgress :26.5
I/aios.Agent(27580): onMessage
D/AIN-DDSUpdater(27580): 	onMessage->local_update.percentage
D/fyc     (27580): onDownloadProgress :27.52
I/aios.Agent(27580): onMessage
D/AIN-DDSUpdater(27580): 	onMessage->local_update.percentage
D/fyc     (27580): onDownloadProgress :28.54
I/aios.Agent(27580): onMessage
D/AIN-DDSUpdater(27580): 	onMessage->local_update.percentage
D/fyc     (27580): onDownloadProgress :29.56
I/aios.Agent(27580): onMessage
D/AIN-DDSUpdater(27580): 	onMessage->local_update.percentage
D/fyc     (27580): onDownloadProgress :30.58
I/aios.Agent(27580): onMessage
D/AIN-DDSUpdater(27580): 	onMessage->local_update.percentage
D/fyc     (27580): onDownloadProgress :31.6
I/aios.Agent(27580): onMessage
D/AIN-DDSUpdater(27580): 	onMessage->local_update.percentage
D/fyc     (27580): onDownloadProgress :32.62
I/aios.Agent(27580): onMessage
D/AIN-DDSUpdater(27580): 	onMessage->local_update.percentage
D/fyc     (27580): onDownloadProgress :33.63
I/aios.Agent(27580): onMessage
D/AIN-DDSUpdater(27580): 	onMessage->local_update.percentage
D/fyc     (27580): onDownloadProgress :34.65
I/aios.Agent(27580): onMessage
D/AIN-DDSUpdater(27580): 	onMessage->local_update.percentage
D/fyc     (27580): onDownloadProgress :35.67
I/aios.Agent(27580): onMessage
D/AIN-DDSUpdater(27580): 	onMessage->local_update.percentage
D/fyc     (27580): onDownloadProgress :36.69
I/aios.Agent(27580): onMessage
D/AIN-DDSUpdater(27580): 	onMessage->local_update.percentage
D/fyc     (27580): onDownloadProgress :37.71
I/aios.Agent(27580): onMessage
D/AIN-DDSUpdater(27580): 	onMessage->local_update.percentage
D/fyc     (27580): onDownloadProgress :38.73
I/aios.Agent(27580): onMessage
D/AIN-DDSUpdater(27580): 	onMessage->local_update.percentage
D/fyc     (27580): onDownloadProgress :39.75
I/aios.Agent(27580): onMessage
D/AIN-DDSUpdater(27580): 	onMessage->local_update.percentage
D/fyc     (27580): onDownloadProgress :40.77
I/art     (  473): Background sticky concurrent mark sweep GC freed 44779(4MB) AllocSpace objects, 28(448KB) LOS objects, 32% free, 10MB/15MB, paused 2.384ms total 126.652ms
I/aios.Agent(27580): onMessage
D/AIN-DDSUpdater(27580): 	onMessage->local_update.percentage
D/fyc     (27580): onDownloadProgress :41.79
I/===DaemonService===( 1344): ############## Rotation : 0
I/===DaemonService===( 1344): ScreenOrientationThread:0 screentOrientation:0
I/===APKProtocolTransmit===( 1344): Ready send su-cmd:275
I/===APKProtocolTransmit===( 1344): Start send su-cmd:275 length[14]
I/===APKProtocolTransmit===( 1344): the C socket has not been connected,so dicard the send command:[275]
I/===APKProtocolTransmit===( 1344): End send sb-cmd:275
I/aios.Agent(27580): onMessage
D/AIN-DDSUpdater(27580): 	onMessage->local_update.percentage
D/fyc     (27580): onDownloadProgress :42.8
I/aios.Agent(27580): onMessage
D/AIN-DDSUpdater(27580): 	onMessage->local_update.percentage
D/fyc     (27580): onDownloadProgress :43.82
I/aios.Agent(27580): onMessage
D/AIN-DDSUpdater(27580): 	onMessage->local_update.percentage
D/fyc     (27580): onDownloadProgress :44.84
I/aios.Agent(27580): onMessage
D/AIN-DDSUpdater(27580): 	onMessage->local_update.percentage
D/fyc     (27580): onDownloadProgress :45.86
I/aios.Agent(27580): onMessage
D/AIN-DDSUpdater(27580): 	onMessage->local_update.percentage
D/fyc     (27580): onDownloadProgress :46.88
I/aios.Agent(27580): onMessage
D/AIN-DDSUpdater(27580): 	onMessage->local_update.percentage
D/fyc     (27580): onDownloadProgress :47.9
I/aios.Agent(27580): onMessage
D/AIN-DDSUpdater(27580): 	onMessage->local_update.percentage
D/fyc     (27580): onDownloadProgress :48.92
I/aios.Agent(27580): onMessage
D/AIN-DDSUpdater(27580): 	onMessage->local_update.percentage
D/fyc     (27580): onDownloadProgress :49.94
I/USBService( 1344): send udp to check mobileagent state.
I/===Mrcp===( 1344): sending cmd:276
I/USBService( 1344): command is : [277] 
I/USBService( 1344): res:-131070 res2:2 opt:-2
I/USBService( 1344): receive udp of checking mobileagent state:-2. 
I/USBService( 1344): get mobileagent state 1 and current mobileagent state 1
I/aios.Agent(27580): onMessage
D/AIN-DDSUpdater(27580): 	onMessage->local_update.percentage
D/fyc     (27580): onDownloadProgress :50.95
I/aios.Agent(27580): onMessage
D/AIN-DDSUpdater(27580): 	onMessage->local_update.percentage
D/fyc     (27580): onDownloadProgress :51.97
I/aios.Agent(27580): onMessage
D/AIN-DDSUpdater(27580): 	onMessage->local_update.percentage
D/fyc     (27580): onDownloadProgress :52.99
I/aios.Agent(27580): onMessage
D/AIN-DDSUpdater(27580): 	onMessage->local_update.percentage
D/fyc     (27580): onDownloadProgress :54.01
I/aios.Agent(27580): onMessage
D/AIN-DDSUpdater(27580): 	onMessage->local_update.percentage
D/fyc     (27580): onDownloadProgress :55.03
I/aios.Agent(27580): onMessage
D/AIN-DDSUpdater(27580): 	onMessage->local_update.percentage
D/fyc     (27580): onDownloadProgress :56.03
I/aios.Agent(27580): onMessage
D/AIN-DDSUpdater(27580): 	onMessage->local_update.percentage
D/fyc     (27580): onDownloadProgress :57.09
I/aios.Agent(27580): onMessage
D/AIN-DDSUpdater(27580): 	onMessage->local_update.percentage
D/fyc     (27580): onDownloadProgress :58.1
I/aios.Agent(27580): onMessage
D/AIN-DDSUpdater(27580): 	onMessage->local_update.percentage
D/fyc     (27580): onDownloadProgress :59.12
I/aios.Agent(27580): onMessage
D/AIN-DDSUpdater(27580): 	onMessage->local_update.percentage
D/fyc     (27580): onDownloadProgress :60.14
I/aios.Agent(27580): onMessage
D/AIN-DDSUpdater(27580): 	onMessage->local_update.percentage
D/fyc     (27580): onDownloadProgress :61.16
I/aios.Agent(27580): onMessage
D/AIN-DDSUpdater(27580): 	onMessage->local_update.percentage
D/fyc     (27580): onDownloadProgress :62.18
I/aios.Agent(27580): onMessage
D/AIN-DDSUpdater(27580): 	onMessage->local_update.percentage
D/fyc     (27580): onDownloadProgress :63.2
I/aios.Agent(27580): onMessage
D/AIN-DDSUpdater(27580): 	onMessage->local_update.percentage
D/fyc     (27580): onDownloadProgress :64.22
I/aios.Agent(27580): onMessage
D/AIN-DDSUpdater(27580): 	onMessage->local_update.percentage
D/fyc     (27580): onDownloadProgress :65.24
I/aios.Agent(27580): onMessage
D/AIN-DDSUpdater(27580): 	onMessage->local_update.percentage
D/fyc     (27580): onDownloadProgress :66.25
I/aios.Agent(27580): onMessage
D/AIN-DDSUpdater(27580): 	onMessage->local_update.percentage
D/fyc     (27580): onDownloadProgress :67.27
I/aios.Agent(27580): onMessage
D/AIN-DDSUpdater(27580): 	onMessage->local_update.percentage
D/fyc     (27580): onDownloadProgress :68.29
I/aios.Agent(27580): onMessage
D/AIN-DDSUpdater(27580): 	onMessage->local_update.percentage
D/fyc     (27580): onDownloadProgress :69.31
I/aios.Agent(27580): onMessage
D/AIN-DDSUpdater(27580): 	onMessage->local_update.percentage
D/fyc     (27580): onDownloadProgress :70.33
I/aios.Agent(27580): onMessage
D/AIN-DDSUpdater(27580): 	onMessage->local_update.percentage
D/fyc     (27580): onDownloadProgress :71.35
I/===DaemonService===( 1344): ############## Rotation : 0
I/===DaemonService===( 1344): ScreenOrientationThread:0 screentOrientation:0
I/===APKProtocolTransmit===( 1344): Ready send su-cmd:275
I/===APKProtocolTransmit===( 1344): Start send su-cmd:275 length[14]
I/===APKProtocolTransmit===( 1344): the C socket has not been connected,so dicard the send command:[275]
