D/WindowManagerService(  473): null  ==========setInputFocusLw ==========  =======
D/WindowManagerService(  473): Window{2596d532 u0 com.android.launcher3/com.android.launcher3.Launcher}  ==========setInputFocusLw ==========  =======
W/InputMethodManagerService(  473): Got RemoteException sending setActive(false) notification to pid 27580 uid 10059
I/===DaemonService===( 1344): ############## Rotation : 0
I/===DaemonService===( 1344): ScreenOrientationThread:0 screentOrientation:0
I/===APKProtocolTransmit===( 1344): Ready send su-cmd:275
I/===APKProtocolTransmit===( 1344): Start send su-cmd:275 length[14]
I/===APKProtocolTransmit===( 1344): the C socket has not been connected,so dicard the send command:[275]
I/===APKProtocolTransmit===( 1344): End send sb-cmd:275
W/OpenGLRenderer(  924): Incorrectly called buildLayer on View: ShortcutAndWidgetContainer, destroying layer...
I/art     (27722): Late-enabling -Xcheck:jni
I/ActivityManagerService(  473): Start proc 27722:com.example.facedoor/u0a59 for service com.example.facedoor/.DDSService
I/art     (27722): Debugger is no longer active
D/MscSpeechLog(27722): process name:com.example.facedoor
D/MscSpeechLog(27722): process name:com.example.facedooris own process
D/MSC_LOG (27722): JNI_OnLoad is called !
D/MscSpeechLog(27722): loadLibrary msc success
D/MscSpeechLog(27722): MSC ifly ver: true
D/MSC_LOG (27722): QMSPGetParam Begin
D/MSC_LOG (27722): QMSPGetParam End
D/MscSpeechLog(27722): SpeechUtility start login
D/MSC_LOG (27722): QMSPGetVersion Begin
D/MSC_LOG (27722): QMSPGetVersion End
D/MscSpeechLog(27722): get msc full version name: 5.0.26.1133
E/DatabaseUtils(  473): Writing exception to parcel
E/DatabaseUtils(  473): java.lang.SecurityException: Permission denial: writing to settings requires android.permission.WRITE_SETTINGS
E/DatabaseUtils(  473): 	at com.android.providers.settings.SettingsProvider.call(SettingsProvider.java:747)
E/DatabaseUtils(  473): 	at android.content.ContentProvider$Transport.call(ContentProvider.java:370)
E/DatabaseUtils(  473): 	at android.content.ContentProviderNative.onTransact(ContentProviderNative.java:283)
E/DatabaseUtils(  473): 	at android.os.Binder.execTransact(Binder.java:446)
W/System.err(27722): java.lang.SecurityException: Permission denial: writing to settings requires android.permission.WRITE_SETTINGS
W/System.err(27722): 	at android.os.Parcel.readException(Parcel.java:1546)
W/System.err(27722): 	at android.database.DatabaseUtils.readExceptionFromParcel(DatabaseUtils.java:185)
W/System.err(27722): 	at android.database.DatabaseUtils.readExceptionFromParcel(DatabaseUtils.java:137)
W/System.err(27722): 	at android.content.ContentProviderProxy.call(ContentProviderNative.java:645)
W/System.err(27722): 	at android.provider.Settings$NameValueCache.putStringForUser(Settings.java:1094)
W/System.err(27722): 	at android.provider.Settings$System.putStringForUser(Settings.java:1362)
W/System.err(27722): 	at android.provider.Settings$System.putString(Settings.java:1346)
W/System.err(27722): 	at com.iflytek.thirdparty.S.c(Unknown Source)
W/System.err(27722): 	at com.iflytek.thirdparty.S.a(Unknown Source)
W/System.err(27722): 	at com.iflytek.thirdparty.S$1.run(Unknown Source)
W/System.err(27722): 	at java.lang.Thread.run(Thread.java:818)
D/MSC_LOG (27722): QMSPLogin Begin
D/MSC_LOG (27722): QMSPLogin End
D/MscSpeechLog(27722): [MSPLogin]ret:0
E/PushFactory(27722): getPushInstance not found push instance.
W/ActivityManagerService(  473): Unable to start service Intent { cmp=com.example.facedoor/com.iflytek.common.LaunchService } U=0: not found
D/MSC_LOG (27722): QMSPGetParam Begin
D/MSC_LOG (27722): QMSPGetParam End
D/MscSpeechLog(27722): DC init enable=null
D/MscSpeechLog(27722): MSC ifly ver: true
D/MscSpeechLog(27722): DC init enter.
D/MscSpeechLog(27722): DC getEnable enter.
D/MscSpeechLog(27722): DC getEnable static value=true
D/MscSpeechLog(27722): getMscParameter enter key=idc
D/MSC_LOG (27722): QMSPGetParam Begin
D/MSC_LOG (27722): QMSPGetParam End
E/MscSpeechLog(27722): getMscParameter MSC return -1
D/MscSpeechLog(27722): getMscParameter value=null
D/MscSpeechLog(27722): getMscParameter leave
D/MscSpeechLog(27722): DC getEnable msc val=null
D/MscSpeechLog(27722): DC getEnable value=false
D/MscSpeechLog(27722): DC getEnable leave.
D/MscSpeechLog(27722): DC init is not enable.
D/MscSpeechLog(27722): DC init leave.
D/DDSService(27722): Start DDS
I/DDSService(27722): config->{
I/DDSService(27722): API_KEY='a9dd69d8261da9dd69d8261d5a976840';
I/DDSService(27722): AUTH_TYPE='profile';
I/DDSService(27722): ALIAS_KEY='prod';
I/DDSService(27722): USE_UPDATE_NOTIFICATION='true';
I/DDSService(27722): USER_ID='user@group';
I/DDSService(27722): PRODUCT_ID='100001991';
I/DDSService(27722): DDS_PROTOCOL_VERSION_CODE='1';
I/DDSService(27722): }
W/AIN-AILog(27722): 	log.level 4->2
W/System.err(27722): java.lang.ClassNotFoundException: com.aispeech.aios.client.BusClient
W/System.err(27722): 	at java.lang.Class.classForName(Native Method)
W/System.err(27722): 	at java.lang.Class.forName(Class.java:309)
W/System.err(27722): 	at java.lang.Class.forName(Class.java:273)
W/System.err(27722): 	at com.aispeech.ailog.AILog.setLogLevel(AILog.java:635)
W/System.err(27722): 	at com.aispeech.dui.dds.DDS.setDebugMode(DDS.java:244)
W/System.err(27722): 	at com.example.facedoor.DDSService.init(DDSService.java:97)
W/System.err(27722): 	at com.example.facedoor.DDSService.onStartCommand(DDSService.java:40)
W/System.err(27722): 	at android.app.ActivityThread.handleServiceArgs(ActivityThread.java:2914)
W/System.err(27722): 	at android.app.ActivityThread.access$2100(ActivityThread.java:151)
W/System.err(27722): 	at android.app.ActivityThread$H.handleMessage(ActivityThread.java:1417)
W/System.err(27722): 	at android.os.Handler.dispatchMessage(Handler.java:102)
W/System.err(27722): 	at android.os.Looper.loop(Looper.java:135)
W/System.err(27722): 	at android.app.ActivityThread.main(ActivityThread.java:5280)
W/System.err(27722): 	at java.lang.reflect.Method.invoke(Native Method)
W/System.err(27722): 	at java.lang.reflect.Method.invoke(Method.java:372)
W/System.err(27722): 	at com.android.internal.os.ZygoteInit$MethodAndArgsCaller.run(ZygoteInit.java:963)
W/System.err(27722): 	at com.android.internal.os.ZygoteInit.main(ZygoteInit.java:758)
W/System.err(27722): Caused by: java.lang.ClassNotFoundException: Didn't find class "com.aispeech.aios.client.BusClient" on path: DexPathList[[zip file "/data/app/com.example.facedoor-1/base.apk", zip file "/data/app/com.example.facedoor-1/split_lib_dependencies_apk.apk", zip file "/data/app/com.example.facedoor-1/split_lib_slice_0_apk.apk", zip file "/data/app/com.example.facedoor-1/split_lib_slice_1_apk.apk", zip file "/data/app/com.example.facedoor-1/split_lib_slice_2_apk.apk", zip file "/data/app/com.example.facedoor-1/split_lib_slice_3_apk.apk", zip file "/data/app/com.example.facedoor-1/split_lib_slice_4_apk.apk", zip file "/data/app/com.example.facedoor-1/split_lib_slice_5_apk.apk", zip file "/data/app/com.example.facedoor-1/split_lib_slice_6_apk.apk", zip file "/data/app/com.example.facedoor-1/split_lib_slice_7_apk.apk", zip file "/data/app/com.example.facedoor-1/split_lib_slice_8_apk.apk", zip file "/data/app/com.example.facedoor-1/split_lib_slice_9_apk.apk"],nativeLibraryDirectories=[/data/app/com.example.facedoor-1/lib/arm, /vendor/lib, /system/lib]]
W/System.err(27722): 	at dalvik.system.BaseDexClassLoader.findClass(BaseDexClassLoader.java:56)
W/System.err(27722): 	at java.lang.ClassLoader.loadClass(ClassLoader.java:511)
W/System.err(27722): 	at java.lang.ClassLoader.loadClass(ClassLoader.java:469)
W/System.err(27722): 	... 17 more
W/System.err(27722): 	Suppressed: java.lang.ClassNotFoundException: com.aispeech.aios.client.BusClient
W/System.err(27722): 		at java.lang.Class.classForName(Native Method)
W/System.err(27722): 		at java.lang.BootClassLoader.findClass(ClassLoader.java:781)
W/System.err(27722): 		at java.lang.BootClassLoader.loadClass(ClassLoader.java:841)
W/System.err(27722): 		at java.lang.ClassLoader.loadClass(ClassLoader.java:504)
W/System.err(27722): 		... 18 more
W/System.err(27722): 	Caused by: java.lang.NoClassDefFoundError: Class not found using the boot class loader; no stack available
D/AIN-Agent(27722): 	onFirstObserverAttached: sys.dialog.start
D/AIN-Agent(27722): 	onFirstObserverAttached: command://open_window
D/AIN-Agent(27722): 	onFirstObserverAttached: native://query_battery
D/DDSService(27722): Start DDS
I/DDSService(27722): config->{
I/DDSService(27722): API_KEY='a9dd69d8261da9dd69d8261d5a976840';
I/DDSService(27722): AUTH_TYPE='profile';
I/DDSService(27722): ALIAS_KEY='prod';
I/DDSService(27722): USE_UPDATE_NOTIFICATION='true';
I/DDSService(27722): USER_ID='user@group';
I/DDSService(27722): PRODUCT_ID='100001991';
I/DDSService(27722): DDS_PROTOCOL_VERSION_CODE='1';
I/DDSService(27722): }
I/AIN-DDS (27722): 	====> init. Version: 1.0.8.1
E/AIN-DDS (27722): 	already running, ignore.
D/AIN-AIBootloader(27722): 	prepare isVersionFirst:false
D/AIN-PrefUtil(27722): 	IS_FIRST_1->false
I/AIN-AIBootloader(27722): 	available space->1539133440
D/AIN-AIOS-AssetsUtil(27722): 	MD5 of origin Bin: 6d06ee0a8ffb60ce65e8bdce7c50a94d
D/AIN-AIOS-AssetsUtil(27722): 	.md5sum exist:6d06ee0a8ffb60ce65e8bdce7c50a94d
I/AIN-AIBootloader(27722): 	DataHome: /data/data/com.example.facedoor/files/dds
I/AIN-AIBootloader(27722): 	keysJsonContent : {"global_config":"{\"dm\":{\"enable\":true,\"globalExit\":{\"globalExitWords\":[\"\",\"\"],\"visible\":true,\"globalExitUtterances\":[\"\",\"\",\"\"]},\"errorHandle\":{\"retryTimes\":1,\"asrEmptyWords\":[\"\"],\"offlineWords\":[\"\"],\"visible\":true,\"exitWords\":[\"\"],\"nluEmptyWords\":[\"\"]},\"oneShot\":{\"enable\":false,\"visible\":true}},\"wakeup\":{\"enable\":true,\"visible\":true,\"cmdword\":{},\"majorword\":[{\"pinyin\":\"ni hao xiao chi\",\"greeting\":{},\"name\":\"\",\"threshold\":\"0.127\"}]},\"module\":{\"enable\":true,\"aecenable\":false,\"type\":3,\"using\":[0,1,2,3],\"visible\":true},\"vad\":{\"enable\":true,\"pausetime\":500,\"visible\":true},\"mic\":{\"visible\":true,\"enable\":false,\"countDown\":30},\"pickup\":{\"enable\":true,\"far\":{\"enable\":true,\"wakeup\":{\"enable\":true,\"visible\":true,\"cmdword\":{},\"majorword\":[{\"pinyin\":\"ni hao xiao chi\",\"greeting\":{},\"name\":\"\",\"threshold\":\"0.127\"}]},\"module\":{\"enable\":true,\"aecenable\":false,\"type\":3,\"using\":[0,1,2,3],\"visible\":true},\"vad\":{\"enable\":true,\"pausetime\":500,\"visible\":true}},\"visible\":true,\"near\":{\"enable\":false,\"wakeup\":{\"enable\":true,\"majorword\":[{\"pinyin\":\"ni hao xiao chi\",\"greeting\":[\"\",\"\"],\"name\":\"\",\"threshold\":0.127},{\"greeting\":[\"\",\"\"],\"pinyin\":\"chao ji ma li\",\"name\":\"\",\"threshold\":0.127}],\"visible\":true},\"module\":{\"enable\":true,\"aecenable\":false,\"type\":0,\"using\":[0,1],\"visible\":true},\"vad\":{\"enable\":true,\"pausetime\":500,\"visible\":true}},\"displaytype\":\"alternative\"},\"asr\":{\"cloud\":{\"type\":\"aicommon\"},\"enable\":true,\"local\":{\"type\":\"aicommon\"},\"visible\":false},\"tts\":{\"enable\":true,\"voice\":\"zhilingf\",\"visible\":true,\"type\":\"local\",\"volume\":50,\"test\":\"\",\"speed\":0.8}}","custom_backup_zip_path":"/data/data/com.example.facedoor/files/dds/custom-17-full.zip","duicore_home":"/data/data/com.example.facedoor/files/dds/duicore-8","duicore_backup_zip_path":"/data/data/com.example.facedoor/files/dds/duicore-8-full.zip","wakeup_word":"","custom_home":"/data/data/com.example.facedoor/files/dds/custom-17"}
I/AIN-AIBootloader(27722): 	available space->1539133440
I/AIN-AIBootloader(27722): 	android version is < 6.0
I/AIN-AIBootloader(27722): 	cpuAbi:armeabi-v7a
D/AIN-AIBootloader(27722): 	{
D/AIN-AIBootloader(27722): USER_ID='user@group';
D/AIN-AIBootloader(27722): DDS_PROTOCOL_VERSION_CODE='1';
D/AIN-AIBootloader(27722): DATA_HOME='/data/data/com.example.facedoor/files/dds';
D/AIN-AIBootloader(27722): DEVICE_INFO='{"displayMatrix":"768*976","deviceId":"b9e82e95-5541-3119-8c2d-776e29181699","platform":"android","buildVariant":"debug","packageName":"com.example.facedoor","buildModel":"ZK-R321","buildManufacture":"rockchip","buildDevice":"rk3288","applicationLabel":"","applicationVersion":"1.0","buildSdkInt":"22"}';
D/AIN-AIBootloader(27722): CACHE_PATH='/mnt/internal_sd/Android/data/com.example.facedoor/cache';
D/AIN-AIBootloader(27722): AUTH_TYPE='profile';
D/AIN-AIBootloader(27722): LOG_LEVEL='4';
D/AIN-AIBootloader(27722): S_CODE='com.example.facedoor:90:0D:8D:60:32:14:15:A0:9B:88:BA:96:31:9E:D7:44:EE:F5:F4:B8:68:91:86:D7:13:63:04:64:98:AE:1F:A2';
D/AIN-AIBootloader(27722): API_KEY='a9dd69d8261da9dd69d8261d5a976840';
D/AIN-AIBootloader(27722): LOCATION_CACHE_LIMIT='1048576';
D/AIN-AIBootloader(27722): ALIAS_KEY='prod';
D/AIN-AIBootloader(27722): USE_UPDATE_NOTIFICATION='true';
D/AIN-AIBootloader(27722): PRODUCT_ID='100001991';
D/AIN-AIBootloader(27722): CACHE_SIZE='52428800';
D/AIN-AIBootloader(27722): }
D/AIN-lasa(27722): 	before load lasa library
D/AIN-lasa(27722): 	library path = /vendor/lib:/system/lib
W/linker  (27722): liblasa.so: unused DT entry: type 0x6ffffffe arg 0x31120
W/linker  (27722): liblasa.so: unused DT entry: type 0x6fffffff arg 0x3
I/lasa-jni(27722): set global cls ok
D/AIN-lasa(27722): 	after load lasa library
D/lasa-jni(27722): luaname: bootloader
D/lasa-jni(27722): lasa 2.2.19
I/aios.local_player(27722): try to start "local_player" node, state: idle
I/aios.local_recorder(27722): try to start "local_recorder" node, state: idle
D/AIN-Agent(27722): 	onFirstObserverAttached: sys.hybrid.missing
D/AIN-Agent(27722): 	onFirstObserverAttached: sys.kernel.ready
D/AIN-Agent(27722): 	onFirstObserverAttached: local_auth.finish
I/aios.Agent(27722): try to start "Agent" node, state: idle
I/aios.local_player(27722): onCreate
I/aios.local_recorder(27722): onCreate
I/aios.Agent(27722): onCreate
W/linker  (27722): lfs.so: unused DT entry: type 0x6ffffffe arg 0xa20
W/linker  (27722): lfs.so: unused DT entry: type 0x6fffffff arg 0x1
I/art     (27722): Note: end time exceeds epoch: 
I/art     (27722): Note: end time exceeds epoch: 
I/art     (27722): Note: end time exceeds epoch: 
D/lasa-jni(27722): luaname: bus-server.lua
D/lasa-jni(27722): lasa 2.2.19
V/lasa    (27722): 	4539.753049747	AI-busclient	police	create failed: Connection refused
V/lasa    (27722): 	4539.753127913	AI-bootloader	new police failed. retry
W/AIN-BusClient (27722): local_player	create failed: failed to connect to /127.0.0.1 (port 50001): isConnected failed: ECONNREFUSED (Connection refused)
I/aios.local_player(27722): I will be back in 3s, on error: unavailable
I/aios.local_player(27722): com.aispeech.dui.BusClient$BusClientRuntimeException: unavailable
I/aios.local_player(27722): 	at com.aispeech.dui.BusClient.<init>(BusClient.java:132)
I/aios.local_player(27722): 	at com.aispeech.dui.BusClient.<init>(BusClient.java:89)
I/aios.local_player(27722): 	at com.aispeech.dui.BaseNode.run(BaseNode.java:158)
I/aios.local_player(27722): 	at java.lang.Thread.run(Thread.java:818)
I/AIN-BusClient (27722): Agent	created
I/AIN-BusClient (27722): local_recorder	created
I/aios.local_recorder(27722): onJoin
I/aios.Agent(27722): onJoin
I/aios.local_recorder(27722): onMessage
I/aios.Agent(27722): onMessage
I/AIN-BusClient (27722): local_player	created
I/AIN-PlayerNode(27722): 	state is already idle
I/aios.local_player(27722): onJoin
I/aios.local_recorder(27722): onMessage
I/aios.Agent(27722): onMessage
V/lasa    (27722): 	4539.910634913	AI-busserver	on receive multipart error:
V/lasa    (27722): 	4539.91110683	police	receive length line error: 	closed
V/lasa    (27722): 	4539.91117858	AI-busclient	police	call - receive_multipart error: 	closed
I/aios.Agent(27722): onMessage
I/aios.local_recorder(27722): onMessage
I/aios.Agent(27722): onMessage
I/aios.local_recorder(27722): onMessage
D/lasa-jni(27722): luaname: 003-local_updat
D/lasa-jni(27722): lasa 2.2.19
D/lasa-jni(27722): luaname: 005-local_push-
D/lasa-jni(27722): lasa 2.2.19
D/lasa-jni(27722): luaname: 006-local_auth-
D/lasa-jni(27722): lasa 2.2.19
I/aios.Agent(27722): onMessage
W/linker  (27722): ca.so: unused DT entry: type 0x6ffffffe arg 0x54c
W/linker  (27722): ca.so: unused DT entry: type 0x6fffffff arg 0x1
I/aios.local_recorder(27722): onMessage
W/linker  (27722): minizip.so: unused DT entry: type 0x6ffffffe arg 0x1870
W/linker  (27722): minizip.so: unused DT entry: type 0x6fffffff arg 0x1
W/linker  (27722): patch.so: unused DT entry: type 0x6ffffffe arg 0x14f4
W/linker  (27722): patch.so: unused DT entry: type 0x6fffffff arg 0x1
I/aios.local_recorder(27722): onMessage
I/aios.Agent(27722): onMessage
I/aios.Agent(27722): onMessage
I/aios.local_recorder(27722): onMessage
D/lasa-jni(27722): luaname: 101-local_tts-n
D/lasa-jni(27722): lasa 2.2.19
D/lasa-jni(27722): luaname: 100-local_wakeu
D/lasa-jni(27722): lasa 2.2.19
D/lasa-jni(27722): luaname: 109-local_uca-n
D/lasa-jni(27722): lasa 2.2.19
D/lasa-jni(27722): luaname: 106-local_dm-no
D/lasa-jni(27722): luaname: 105-local_vad-n
D/lasa-jni(27722): lasa 2.2.19
D/lasa-jni(27722): lasa 2.2.19
D/lasa-jni(27722): luaname: 108-local_uploa
D/lasa-jni(27722): lasa 2.2.19
D/lasa-jni(27722): luaname: 102-local_aec-n
D/lasa-jni(27722): lasa 2.2.19
D/lasa-jni(27722): luaname: 103-co_processo
D/lasa-jni(27722): lasa 2.2.19
D/lasa-jni(27722): luaname: 107-uiagent-nod
D/lasa-jni(27722): lasa 2.2.19
I/aios.Agent(27722): onMessage
I/aios.local_recorder(27722): onMessage
I/aios.Agent(27722): onMessage
I/aios.local_recorder(27722): onMessage
I/aios.Agent(27722): onMessage
I/aios.local_recorder(27722): onMessage
I/aios.Agent(27722): onMessage
I/aios.local_recorder(27722): onMessage
V/lasa    (27722): 	4540.069983497	AI-local_push
I/aios.Agent(27722): onMessage
I/aios.local_recorder(27722): onMessage
I/aios.Agent(27722): onMessage
I/aios.local_recorder(27722): onMessage
I/aios.Agent(27722): onMessage
I/aios.local_recorder(27722): onMessage
I/aios.Agent(27722): onMessage
I/aios.local_recorder(27722): onMessage
I/aios.Agent(27722): onMessage
I/aios.local_recorder(27722): onMessage
I/aios.Agent(27722): onMessage
D/AIN-DDS (27722): 	agent: sys.kernel.ready
W/AIN-DDS (27722): 	dds running
D/AIN-DDS (27722): 	sys.kernel.ready countdown latch
D/DDSService(27722): onInitComplete
D/DDSService(27722): onInitComplete
I/AISPEECH(27722): core gram new success: 0x9facf218
I/AISPEECH(27722): core gram compile ok
I/AISPEECH(27722): core gram end operaton: 0x9facf218
V/lasa    (27722): 	remove dir	/mnt/internal_sd/Android/data/com.example.facedoor/cache/tts
I/aios.local_recorder(27722): onMessage
I/AISPEECH(27722): core asr new success: 0x9facff68
I/aios.local_recorder(27722): onMessage
I/AISPEECH(27722): [INFO]core circle configuration:
I/AISPEECH(27722): {"beamformingCfg":"/data/data/com.example.facedoor/files/dds/duicore-8/res//uca/UCA_asr.bin","rollBack":1000,"wakeupResBin":"/data/data/com.example.facedoor/files/dds/duicore-8/res//wakeup/wakeup.bin","wakeupCfg":"/data/data/com.example.facedoor/files/dds/duicore-8/res//uca/UCA_wakeup.bin","aecCfg":"OFF","env":"words=ni hao xiao chi;thresh=0.127;major=1;"}
I/AISPEECH(27722): rollBack:1000
I/AISPEECH(27722): circle new success: 0x9f6b0668
I/AISPEECH(27722): core wakeup new success: 0x9f5f7518
I/AISPEECH(27722): core vad new success: 0x9fc70f88
I/aios.Agent(27722): onMessage
I/aios.local_recorder(27722): onMessage
I/aios.Agent(27722): onMessage
I/aios.local_recorder(27722): onMessage
I/aios.Agent(27722): onMessage
I/aios.local_recorder(27722): onMessage
I/aios.Agent(27722): onMessage
I/aios.local_recorder(27722): onMessage
I/aios.Agent(27722): onMessage
I/aios.local_recorder(27722): onMessage
I/aios.Agent(27722): onMessage
I/aios.local_recorder(27722): onMessage
I/aios.Agent(27722): onMessage
I/aios.local_recorder(27722): onMessage
I/aios.Agent(27722): onMessage
I/aios.local_recorder(27722): onMessage
D/AIN-AIRecorder(27722): 	/local_recorder/start	uca
I/AIN-AIRecorder(27722): 	recoder start:uca
D/AIN-AIRecorder(27722): 	====Clients list: uca	=====
V/lasa    (27722): 	4540.287665414	AI-processor	task invalid
I/AIN-GlobalConfigUtil(27722): 	{"dm":{"enable":true,"globalExit":{"globalExitWords":["",""],"visible":true,"globalExitUtterances":["","",""]},"errorHandle":{"retryTimes":1,"asrEmptyWords":[""],"offlineWords":[""],"visible":true,"exitWords":[""],"nluEmptyWords":[""]},"oneShot":{"enable":false,"visible":true}},"wakeup":{"enable":true,"visible":true,"cmdword":{},"majorword":[{"pinyin":"ni hao xiao chi","greeting":{},"name":"","threshold":"0.127"}]},"module":{"enable":true,"aecenable":false,"type":3,"using":[0,1,2,3],"visible":true},"vad":{"enable":true,"pausetime":500,"visible":true},"mic":{"visible":true,"enable":false,"countDown":30},"pickup":{"enable":true,"far":{"enable":true,"wakeup":{"enable":true,"visible":true,"cmdword":{},"majorword":[{"pinyin":"ni hao xiao chi","greeting":{},"name":"","threshold":"0.127"}]},"module":{"enable":true,"aecenable":false,"type":3,"using":[0,1,2,3],"visible":true},"vad":{"enable":true,"pausetime":500,"visible":true}},"visible":true,"near":{"enable":false,"wakeup":{"enable":true,"majorword":[{"pinyin":"ni hao xiao chi","greeting":["",""],"name":"","threshold":0.127},{"greeting":["",""],"pinyin":"chao ji ma li","name":"","threshold":0.127}],"visible":true},"module":{"enable":true,"aecenable":false,"type":0,"using":[0,1],"visible":true},"vad":{"enable":true,"pausetime":500,"visible":true}},"displaytype":"alternative"},"asr":{"cloud":{"type":"aicommon"},"enable":true,"local":{"type":"aicommon"},"visible":false},"tts":{"enable":true,"voice":"zhilingf","visible":true,"type":"local","volume":50,"test":"","speed":0.8}}
D/AIN-AIRecorder(27722): 	load global config, module type : 3
D/AudioHardwareTiny(  164): pcm_config->rate:44100,in->requested_rate:48000,in->channel_mask:2
D/AudioHardwareTiny(  164): in->mSpeexFrameSize:560
I/AudioFlinger(  164): AudioFlinger's thread 0xb4014008 ready to run
D/AIN-AIRecorder(27722): 	IS_REVERSED_CHANNEL:	false
D/AIN-AIRecorder(27722): 	READ BUFFER SIZE IS:	57600
D/AIN-AIRecorder(27722): 	Using AudioRecordModule:	CIRCLE_SIX_MIC:
D/AIN-AIRecorder(27722): audioSource:	6
D/AIN-AIRecorder(27722): sampleRateInHz:	48000
D/AIN-AIRecorder(27722): channelConf:	12
D/AIN-AIRecorder(27722): channelCount:	6
D/AIN-AIRecorder(27722): bufferSizeInByte:	192000
D/AIN-AIRecorder(27722): audioFormat:	2
D/AudioHardwareTiny(  164): Device     : 0x1b
D/AudioHardwareTiny(  164): SampleRate : 0
D/AudioHardwareTiny(  164): Channels   : 0
D/AudioHardwareTiny(  164): Formate    : -1261870788
D/AudioHardwareTiny(  164): PreiodSize : 12
E/AudioHardwareTiny(  164): getInputRouteFromDevice:device:80000004
D/alsa_route(  164): route_info->sound_card 0, route_info->devices 0  
D/alsa_route(  164): route_set_controls() set route 21
I/===DaemonService===( 1344): ############## Rotation : 0
I/===DaemonService===( 1344): ScreenOrientationThread:0 screentOrientation:0
I/===APKProtocolTransmit===( 1344): Ready send su-cmd:275
I/===APKProtocolTransmit===( 1344): Start send su-cmd:275 length[14]
I/===APKProtocolTransmit===( 1344): the C socket has not been connected,so dicard the send command:[275]
I/===APKProtocolTransmit===( 1344): End send sb-cmd:275
I/AISPEECH(27722): core cntts new success: 0x9f7fcea8
I/AISPEECH(27722): new cntts success
I/USBService( 1344): send udp to check mobileagent state.
I/===Mrcp===( 1344): sending cmd:276
I/USBService( 1344): command is : [277] 
I/USBService( 1344): res:-131070 res2:2 opt:-2
I/USBService( 1344): receive udp of checking mobileagent state:-2. 
I/USBService( 1344): get mobileagent state 1 and current mobileagent state 1
I/===DaemonService===( 1344): ############## Rotation : 0
I/===DaemonService===( 1344): ScreenOrientationThread:0 screentOrientation:0
I/===APKProtocolTransmit===( 1344): Ready send su-cmd:275
I/===APKProtocolTransmit===( 1344): Start send su-cmd:275 length[14]
I/===APKProtocolTransmit===( 1344): the C socket has not been connected,so dicard the send command:[275]
I/===APKProtocolTransmit===( 1344): End send sb-cmd:275
I/USBService( 1344): send udp to check mobileagent state.
I/===Mrcp===( 1344): sending cmd:276
I/USBService( 1344): command is : [277] 
I/USBService( 1344): res:-131070 res2:2 opt:-2
I/USBService( 1344): receive udp of checking mobileagent state:-2. 
I/USBService( 1344): get mobileagent state 1 and current mobileagent state 1
I/===DaemonService===( 1344): ############## Rotation : 0
I/===DaemonService===( 1344): ScreenOrientationThread:0 screentOrientation:0
I/===APKProtocolTransmit===( 1344): Ready send su-cmd:275
I/===APKProtocolTransmit===( 1344): Start send su-cmd:275 length[14]
I/===APKProtocolTransmit===( 1344): the C socket has not been connected,so dicard the send command:[275]
I/===APKProtocolTransmit===( 1344): End send sb-cmd:275
I/===DaemonService===( 1344): ############## Rotation : 0
I/===DaemonService===( 1344): ScreenOrientationThread:0 screentOrientation:0
I/===APKProtocolTransmit===( 1344): Ready send su-cmd:275
I/===APKProtocolTransmit===( 1344): Start send su-cmd:275 length[14]
I/===APKProtocolTransmit===( 1344): the C socket has not been connected,so dicard the send command:[275]
I/===APKProtocolTransmit===( 1344): End send sb-cmd:275
I/USBService( 1344): send udp to check mobileagent state.
I/===Mrcp===( 1344): sending cmd:276
I/USBService( 1344): command is : [277] 
I/USBService( 1344): res:-131070 res2:2 opt:-2
I/USBService( 1344): receive udp of checking mobileagent state:-2. 
I/USBService( 1344): get mobileagent state 1 and current mobileagent state 1
I/===DaemonService===( 1344): ############## Rotation : 0
I/===DaemonService===( 1344): ScreenOrientationThread:0 screentOrientation:0
I/===APKProtocolTransmit===( 1344): Ready send su-cmd:275
I/===APKProtocolTransmit===( 1344): Start send su-cmd:275 length[14]
I/===APKProtocolTransmit===( 1344): the C socket has not been connected,so dicard the send command:[275]
I/===APKProtocolTransmit===( 1344): End send sb-cmd:275
I/===DaemonService===( 1344): ############## Rotation : 0
I/===DaemonService===( 1344): ScreenOrientationThread:0 screentOrientation:0
I/===APKProtocolTransmit===( 1344): Ready send su-cmd:275
I/===APKProtocolTransmit===( 1344): Start send su-cmd:275 length[14]
I/===APKProtocolTransmit===( 1344): the C socket has not been connected,so dicard the send command:[275]
I/===APKProtocolTransmit===( 1344): End send sb-cmd:275
I/USBService( 1344): send udp to check mobileagent state.
I/===Mrcp===( 1344): sending cmd:276
I/USBService( 1344): command is : [277] 
I/USBService( 1344): res:-131070 res2:2 opt:-2
I/USBService( 1344): receive udp of checking mobileagent state:-2. 
I/USBService( 1344): get mobileagent state 1 and current mobileagent state 1
I/===DaemonService===( 1344): ############## Rotation : 0
I/===DaemonService===( 1344): ScreenOrientationThread:0 screentOrientation:0
I/===APKProtocolTransmit===( 1344): Ready send su-cmd:275
I/===APKProtocolTransmit===( 1344): Start send su-cmd:275 length[14]
I/===APKProtocolTransmit===( 1344): the C socket has not been connected,so dicard the send command:[275]
I/===APKProtocolTransmit===( 1344): End send sb-cmd:275
W/ProcessCpuTracker(  473): Skipping unknown process pid 27903
I/USBService( 1344): send udp to check mobileagent state.
I/===Mrcp===( 1344): sending cmd:276
I/USBService( 1344): command is : [277] 
I/USBService( 1344): res:-131070 res2:2 opt:-2
I/USBService( 1344): receive udp of checking mobileagent state:-2. 
I/USBService( 1344): get mobileagent state 1 and current mobileagent state 1
I/===DaemonService===( 1344): ############## Rotation : 0
I/===DaemonService===( 1344): ScreenOrientationThread:0 screentOrientation:0
I/===APKProtocolTransmit===( 1344): Ready send su-cmd:275
I/===APKProtocolTransmit===( 1344): Start send su-cmd:275 length[14]
I/===APKProtocolTransmit===( 1344): the C socket has not been connected,so dicard the send command:[275]
I/===APKProtocolTransmit===( 1344): End send sb-cmd:275
I/===DaemonService===( 1344): ############## Rotation : 0
I/===DaemonService===( 1344): ScreenOrientationThread:0 screentOrientation:0
I/===APKProtocolTransmit===( 1344): Ready send su-cmd:275
I/===APKProtocolTransmit===( 1344): Start send su-cmd:275 length[14]
I/===APKProtocolTransmit===( 1344): the C socket has not been connected,so dicard the send command:[275]
I/===APKProtocolTransmit===( 1344): End send sb-cmd:275
I/USBService( 1344): send udp to check mobileagent state.
I/===Mrcp===( 1344): sending cmd:276
I/USBService( 1344): command is : [277] 
I/USBService( 1344): res:-131070 res2:2 opt:-2
I/USBService( 1344): receive udp of checking mobileagent state:-2. 
I/USBService( 1344): get mobileagent state 1 and current mobileagent state 1
I/===DaemonService===( 1344): ############## Rotation : 0
I/===DaemonService===( 1344): ScreenOrientationThread:0 screentOrientation:0
I/===APKProtocolTransmit===( 1344): Ready send su-cmd:275
I/===APKProtocolTransmit===( 1344): Start send su-cmd:275 length[14]
I/===APKProtocolTransmit===( 1344): the C socket has not been connected,so dicard the send command:[275]
I/===APKProtocolTransmit===( 1344): End send sb-cmd:275
I/===DaemonService===( 1344): ############## Rotation : 0
I/===DaemonService===( 1344): ScreenOrientationThread:0 screentOrientation:0
I/===APKProtocolTransmit===( 1344): Ready send su-cmd:275
I/===APKProtocolTransmit===( 1344): Start send su-cmd:275 length[14]
I/===APKProtocolTransmit===( 1344): the C socket has not been connected,so dicard the send command:[275]
I/===APKProtocolTransmit===( 1344): End send sb-cmd:275
I/USBService( 1344): send udp to check mobileagent state.
I/===Mrcp===( 1344): sending cmd:276
I/USBService( 1344): command is : [277] 
I/USBService( 1344): res:-131070 res2:2 opt:-2
I/USBService( 1344): receive udp of checking mobileagent state:-2. 
I/USBService( 1344): get mobileagent state 1 and current mobileagent state 1
I/===DaemonService===( 1344): ############## Rotation : 0
I/===DaemonService===( 1344): ScreenOrientationThread:0 screentOrientation:0
I/===APKProtocolTransmit===( 1344): Ready send su-cmd:275
I/===APKProtocolTransmit===( 1344): Start send su-cmd:275 length[14]
I/===APKProtocolTransmit===( 1344): the C socket has not been connected,so dicard the send command:[275]
I/===APKProtocolTransmit===( 1344): End send sb-cmd:275
I/USBService( 1344): send udp to check mobileagent state.
I/===Mrcp===( 1344): sending cmd:276
I/USBService( 1344): command is : [277] 
I/USBService( 1344): res:-131070 res2:2 opt:-2
I/USBService( 1344): receive udp of checking mobileagent state:-2. 
I/USBService( 1344): get mobileagent state 1 and current mobileagent state 1
I/===DaemonService===( 1344): ############## Rotation : 0
I/===DaemonService===( 1344): ScreenOrientationThread:0 screentOrientation:0
I/===APKProtocolTransmit===( 1344): Ready send su-cmd:275
I/===APKProtocolTransmit===( 1344): Start send su-cmd:275 length[14]
I/===APKProtocolTransmit===( 1344): the C socket has not been connected,so dicard the send command:[275]
I/===APKProtocolTransmit===( 1344): End send sb-cmd:275
I/===DaemonService===( 1344): ############## Rotation : 0
I/===DaemonService===( 1344): ScreenOrientationThread:0 screentOrientation:0
I/===APKProtocolTransmit===( 1344): Ready send su-cmd:275
I/===APKProtocolTransmit===( 1344): Start send su-cmd:275 length[14]
I/===APKProtocolTransmit===( 1344): the C socket has not been connected,so dicard the send command:[275]
I/===APKProtocolTransmit===( 1344): End send sb-cmd:275
I/USBService( 1344): send udp to check mobileagent state.
I/===Mrcp===( 1344): sending cmd:276
I/USBService( 1344): command is : [277] 
I/USBService( 1344): res:-131070 res2:2 opt:-2
I/USBService( 1344): receive udp of checking mobileagent state:-2. 
I/USBService( 1344): get mobileagent state 1 and current mobileagent state 1
I/===DaemonService===( 1344): ############## Rotation : 0
I/===DaemonService===( 1344): ScreenOrientationThread:0 screentOrientation:0
I/===APKProtocolTransmit===( 1344): Ready send su-cmd:275
I/===APKProtocolTransmit===( 1344): Start send su-cmd:275 length[14]
I/===APKProtocolTransmit===( 1344): the C socket has not been connected,so dicard the send command:[275]
I/===APKProtocolTransmit===( 1344): End send sb-cmd:275
I/===DaemonService===( 1344): ############## Rotation : 0
I/===DaemonService===( 1344): ScreenOrientationThread:0 screentOrientation:0
I/===APKProtocolTransmit===( 1344): Ready send su-cmd:275
I/===APKProtocolTransmit===( 1344): Start send su-cmd:275 length[14]
I/===APKProtocolTransmit===( 1344): the C socket has not been connected,so dicard the send command:[275]
I/===APKProtocolTransmit===( 1344): End send sb-cmd:275
I/USBService( 1344): send udp to check mobileagent state.
I/===Mrcp===( 1344): sending cmd:276
I/USBService( 1344): command is : [277] 
I/USBService( 1344): res:-131070 res2:2 opt:-2
I/USBService( 1344): receive udp of checking mobileagent state:-2. 
I/USBService( 1344): get mobileagent state 1 and current mobileagent state 1
I/===DaemonService===( 1344): ############## Rotation : 0
I/===DaemonService===( 1344): ScreenOrientationThread:0 screentOrientation:0
I/===APKProtocolTransmit===( 1344): Ready send su-cmd:275
I/===APKProtocolTransmit===( 1344): Start send su-cmd:275 length[14]
I/===APKProtocolTransmit===( 1344): the C socket has not been connected,so dicard the send command:[275]
I/===APKProtocolTransmit===( 1344): End send sb-cmd:275
I/USBService( 1344): send udp to check mobileagent state.
I/===Mrcp===( 1344): sending cmd:276
I/USBService( 1344): command is : [277] 
I/USBService( 1344): res:-131070 res2:2 opt:-2
I/USBService( 1344): receive udp of checking mobileagent state:-2. 
I/USBService( 1344): get mobileagent state 1 and current mobileagent state 1
I/===DaemonService===( 1344): ############## Rotation : 0
I/===DaemonService===( 1344): ScreenOrientationThread:0 screentOrientation:0
I/===APKProtocolTransmit===( 1344): Ready send su-cmd:275
I/===APKProtocolTransmit===( 1344): Start send su-cmd:275 length[14]
I/===APKProtocolTransmit===( 1344): the C socket has not been connected,so dicard the send command:[275]
I/===APKProtocolTransmit===( 1344): End send sb-cmd:275
I/===DaemonService===( 1344): ############## Rotation : 0
I/===DaemonService===( 1344): ScreenOrientationThread:0 screentOrientation:0
I/===APKProtocolTransmit===( 1344): Ready send su-cmd:275
I/===APKProtocolTransmit===( 1344): Start send su-cmd:275 length[14]
I/===APKProtocolTransmit===( 1344): the C socket has not been connected,so dicard the send command:[275]
I/===APKProtocolTransmit===( 1344): End send sb-cmd:275
I/USBService( 1344): send udp to check mobileagent state.
I/===Mrcp===( 1344): sending cmd:276
I/USBService( 1344): command is : [277] 
I/USBService( 1344): res:-131070 res2:2 opt:-2
I/USBService( 1344): receive udp of checking mobileagent state:-2. 
I/USBService( 1344): get mobileagent state 1 and current mobileagent state 1
I/===DaemonService===( 1344): ############## Rotation : 0
I/===DaemonService===( 1344): ScreenOrientationThread:0 screentOrientation:0
I/===APKProtocolTransmit===( 1344): Ready send su-cmd:275
I/===APKProtocolTransmit===( 1344): Start send su-cmd:275 length[14]
I/===APKProtocolTransmit===( 1344): the C socket has not been connected,so dicard the send command:[275]
I/===APKProtocolTransmit===( 1344): End send sb-cmd:275
I/===DaemonService===( 1344): ############## Rotation : 0
I/===DaemonService===( 1344): ScreenOrientationThread:0 screentOrientation:0
I/===APKProtocolTransmit===( 1344): Ready send su-cmd:275
I/===APKProtocolTransmit===( 1344): Start send su-cmd:275 length[14]
I/===APKProtocolTransmit===( 1344): the C socket has not been connected,so dicard the send command:[275]
I/===APKProtocolTransmit===( 1344): End send sb-cmd:275
I/USBService( 1344): send udp to check mobileagent state.
I/===Mrcp===( 1344): sending cmd:276
I/USBService( 1344): command is : [277] 
I/USBService( 1344): res:-131070 res2:2 opt:-2
I/USBService( 1344): receive udp of checking mobileagent state:-2. 
I/USBService( 1344): get mobileagent state 1 and current mobileagent state 1
I/===DaemonService===( 1344): ############## Rotation : 0
I/===DaemonService===( 1344): ScreenOrientationThread:0 screentOrientation:0
I/===APKProtocolTransmit===( 1344): Ready send su-cmd:275
I/===APKProtocolTransmit===( 1344): Start send su-cmd:275 length[14]
I/===APKProtocolTransmit===( 1344): the C socket has not been connected,so dicard the send command:[275]
I/===APKProtocolTransmit===( 1344): End send sb-cmd:275
I/USBService( 1344): send udp to check mobileagent state.
I/===Mrcp===( 1344): sending cmd:276
I/USBService( 1344): command is : [277] 
I/USBService( 1344): res:-131070 res2:2 opt:-2
I/USBService( 1344): receive udp of checking mobileagent state:-2. 
I/USBService( 1344): get mobileagent state 1 and current mobileagent state 1
I/===DaemonService===( 1344): ############## Rotation : 0
I/===DaemonService===( 1344): ScreenOrientationThread:0 screentOrientation:0
I/===APKProtocolTransmit===( 1344): Ready send su-cmd:275
I/===APKProtocolTransmit===( 1344): Start send su-cmd:275 length[14]
I/===APKProtocolTransmit===( 1344): the C socket has not been connected,so dicard the send command:[275]
I/===APKProtocolTransmit===( 1344): End send sb-cmd:275
I/===DaemonService===( 1344): ############## Rotation : 0
I/===DaemonService===( 1344): ScreenOrientationThread:0 screentOrientation:0
I/===APKProtocolTransmit===( 1344): Ready send su-cmd:275
I/===APKProtocolTransmit===( 1344): Start send su-cmd:275 length[14]
I/===APKProtocolTransmit===( 1344): the C socket has not been connected,so dicard the send command:[275]
I/===APKProtocolTransmit===( 1344): End send sb-cmd:275
I/USBService( 1344): send udp to check mobileagent state.
I/===Mrcp===( 1344): sending cmd:276
I/USBService( 1344): command is : [277] 
I/USBService( 1344): res:-131070 res2:2 opt:-2
I/USBService( 1344): receive udp of checking mobileagent state:-2. 
I/USBService( 1344): get mobileagent state 1 and current mobileagent state 1
I/===DaemonService===( 1344): ############## Rotation : 0
I/===DaemonService===( 1344): ScreenOrientationThread:0 screentOrientation:0
I/===APKProtocolTransmit===( 1344): Ready send su-cmd:275
I/===APKProtocolTransmit===( 1344): Start send su-cmd:275 length[14]
I/===APKProtocolTransmit===( 1344): the C socket has not been connected,so dicard the send command:[275]
I/===APKProtocolTransmit===( 1344): End send sb-cmd:275
I/===DaemonService===( 1344): ############## Rotation : 0
I/===DaemonService===( 1344): ScreenOrientationThread:0 screentOrientation:0
I/===APKProtocolTransmit===( 1344): Ready send su-cmd:275
I/===APKProtocolTransmit===( 1344): Start send su-cmd:275 length[14]
I/===APKProtocolTransmit===( 1344): the C socket has not been connected,so dicard the send command:[275]
I/===APKProtocolTransmit===( 1344): End send sb-cmd:275
I/USBService( 1344): send udp to check mobileagent state.
I/===Mrcp===( 1344): sending cmd:276
I/USBService( 1344): command is : [277] 
I/USBService( 1344): res:-131070 res2:2 opt:-2
I/USBService( 1344): receive udp of checking mobileagent state:-2. 
I/USBService( 1344): get mobileagent state 1 and current mobileagent state 1
I/===DaemonService===( 1344): ############## Rotation : 0
I/===DaemonService===( 1344): ScreenOrientationThread:0 screentOrientation:0
I/===APKProtocolTransmit===( 1344): Ready send su-cmd:275
I/===APKProtocolTransmit===( 1344): Start send su-cmd:275 length[14]
I/===APKProtocolTransmit===( 1344): the C socket has not been connected,so dicard the send command:[275]
I/===APKProtocolTransmit===( 1344): End send sb-cmd:275
I/USBService( 1344): send udp to check mobileagent state.
I/===Mrcp===( 1344): sending cmd:276
I/USBService( 1344): command is : [277] 
I/USBService( 1344): res:-131070 res2:2 opt:-2
I/USBService( 1344): receive udp of checking mobileagent state:-2. 
I/USBService( 1344): get mobileagent state 1 and current mobileagent state 1
I/===DaemonService===( 1344): ############## Rotation : 0
I/===DaemonService===( 1344): ScreenOrientationThread:0 screentOrientation:0
I/===APKProtocolTransmit===( 1344): Ready send su-cmd:275
I/===APKProtocolTransmit===( 1344): Start send su-cmd:275 length[14]
I/===APKProtocolTransmit===( 1344): the C socket has not been connected,so dicard the send command:[275]
I/===APKProtocolTransmit===( 1344): End send sb-cmd:275
I/===DaemonService===( 1344): ############## Rotation : 0
I/===DaemonService===( 1344): ScreenOrientationThread:0 screentOrientation:0
I/===APKProtocolTransmit===( 1344): Ready send su-cmd:275
I/===APKProtocolTransmit===( 1344): Start send su-cmd:275 length[14]
I/===APKProtocolTransmit===( 1344): the C socket has not been connected,so dicard the send command:[275]
I/===APKProtocolTransmit===( 1344): End send sb-cmd:275
I/USBService( 1344): send udp to check mobileagent state.
I/===Mrcp===( 1344): sending cmd:276
I/USBService( 1344): command is : [277] 
I/USBService( 1344): res:-131070 res2:2 opt:-2
I/USBService( 1344): receive udp of checking mobileagent state:-2. 
I/USBService( 1344): get mobileagent state 1 and current mobileagent state 1
I/===DaemonService===( 1344): ############## Rotation : 0
I/===DaemonService===( 1344): ScreenOrientationThread:0 screentOrientation:0
I/===APKProtocolTransmit===( 1344): Ready send su-cmd:275
I/===APKProtocolTransmit===( 1344): Start send su-cmd:275 length[14]
I/===APKProtocolTransmit===( 1344): the C socket has not been connected,so dicard the send command:[275]
I/===APKProtocolTransmit===( 1344): End send sb-cmd:275
I/===DaemonService===( 1344): ############## Rotation : 0
I/===DaemonService===( 1344): ScreenOrientationThread:0 screentOrientation:0
I/===APKProtocolTransmit===( 1344): Ready send su-cmd:275
I/===APKProtocolTransmit===( 1344): Start send su-cmd:275 length[14]
I/===APKProtocolTransmit===( 1344): the C socket has not been connected,so dicard the send command:[275]
I/===APKProtocolTransmit===( 1344): End send sb-cmd:275
I/USBService( 1344): send udp to check mobileagent state.
I/===Mrcp===( 1344): sending cmd:276
I/USBService( 1344): command is : [277] 
I/USBService( 1344): res:-131070 res2:2 opt:-2
I/USBService( 1344): receive udp of checking mobileagent state:-2. 
I/USBService( 1344): get mobileagent state 1 and current mobileagent state 1
W/AudioTrack(  473): AUDIO_OUTPUT_FLAG_FAST denied by client
I/===DaemonService===( 1344): ############## Rotation : 0
I/===DaemonService===( 1344): ScreenOrientationThread:0 screentOrientation:0
I/===APKProtocolTransmit===( 1344): Ready send su-cmd:275
I/===APKProtocolTransmit===( 1344): Start send su-cmd:275 length[14]
I/===APKProtocolTransmit===( 1344): the C socket has not been connected,so dicard the send command:[275]
I/===APKProtocolTransmit===( 1344): End send sb-cmd:275
I/ActivityStackSupervisor(  473): START u0 {act=android.intent.action.MAIN cat=[android.intent.category.LAUNCHER] flg=0x10200000 cmp=com.example.facedoor/.LauncherActivity2 (has extras)} from uid 10026 on display 0
W/AudioTrack(  473): AUDIO_OUTPUT_FLAG_FAST denied by client
I/System.out(  473): com.example.facedoor.LauncherActivity2addAppToken taskId:718
D/WindowManagerService(  473): null  ==========setInputFocusLw ==========  =======
V/WindowManagerService(  473): Adding window Window{10738990 u0 Starting com.example.facedoor} at 2 of 10 (after Window{12f6a053 u0 com.android.browser/com.android.browser.BrowserActivity})
I/OpenGLRenderer(  473): Initialized EGL, version 1.4
D/OpenGLRenderer(27722): Use EGL_SWAP_BEHAVIOR_PRESERVED: true
D/Atlas   (27722): Validating map...
W/Atlas   (27722): Pointer 0x0, not in getPreloadedDrawables?
W/Atlas   (27722): Pointer 0x0, not in getPreloadedDrawables?
V/WindowManagerService(  473): Adding window Window{226faa8 u0 com.example.facedoor/com.example.facedoor.LauncherActivity2} at 4 of 11 (before Window{10738990 u0 Starting com.example.facedoor})
D/WindowManagerService(  473): Window{226faa8 u0 com.example.facedoor/com.example.facedoor.LauncherActivity2}  ==========setInputFocusLw ==========  =======
I/mali_so (27722): [File] : hardware/arm/maliT760/driver/product/base/src/mali_base_kbase.c; [Line] : 780; [Func] : base_context_deal_with_version_affairs_rk_ext;
I/mali_so (27722): arm_release_ver o