--------- beginning of crash
F/libc    (    0): Fatal signal 11 (SIGSEGV), code 1, fault addr 0xffffffff in tid 221 (akmd)
F/libc    (    0): Unable to open connection to debuggerd: Connection refused
F/libc    ( 3760): Fatal signal 11 (SIGSEGV), code 1, fault addr 0x808 in tid 3856 (109-local_uca-n)
I/DEBUG   (  161): *** *** *** *** *** *** *** *** *** *** *** *** *** *** *** ***
I/DEBUG   (  161): Build fingerprint: 'Android/rk3288/rk3288:5.1.1/LMY49F/eric12051508:userdebug/test-keys'
I/DEBUG   (  161): Revision: '0'
I/DEBUG   (  161): ABI: 'arm'
I/DEBUG   (  161): pid: 3760, tid: 3856, name: 109-local_uca-n  >>> com.example.facedoor <<<
I/DEBUG   (  161): signal 11 (SIGSEGV), code 1 (SEGV_MAPERR), fault addr 0x808
I/DEBUG   (  161):     r0 00000000  r1 b8cb57d0  r2 00000800  r3 00000000
I/DEBUG   (  161):     r4 00000081  r5 b8a42ae0  r6 b8dbe748  r7 00001100
I/DEBUG   (  161):     r8 b8fa4d70  r9 00000080  sl 00001400  fp 00000006
I/DEBUG   (  161):     ip b6e2764c  sp 9d15dbc0  lr b6de2259  pc 9d5ffa14  cpsr 200f0010
I/DEBUG   (  161): 
I/DEBUG   (  161): backtrace:
I/DEBUG   (  161):     #00 pc 0001da14  /data/data/com.example.facedoor/files/dds/duicore-8/luaclib/android-armeabi/circle.so (fend_feed+1172)
F/libc    ( 3873): Fatal signal 11 (SIGSEGV), code 1, fault addr 0x800 in tid 3885 (FinalizerDaemon)
I/DEBUG   (  161): *** *** *** *** *** *** *** *** *** *** *** *** *** *** *** ***
I/DEBUG   (  161): Build fingerprint: 'Android/rk3288/rk3288:5.1.1/LMY49F/eric12051508:userdebug/test-keys'
I/DEBUG   (  161): Revision: '0'
I/DEBUG   (  161): ABI: 'arm'
I/DEBUG   (  161): pid: 3873, tid: 3885, name: FinalizerDaemon  >>> com.example.facedoor <<<
I/DEBUG   (  161): signal 11 (SIGSEGV), code 1 (SEGV_MAPERR), fault addr 0x800
I/DEBUG   (  161):     r0 00000800  r1 b6eebd25  r2 00000000  r3 00000000
I/DEBUG   (  161):     r4 b89eef00  r5 b89c9c6c  r6 b6eebd25  r7 b89c9c38
I/DEBUG   (  161):     r8 b6f381c0  r9 b8829ef8  sl 32edea60  fp 32ee90c0
I/DEBUG   (  161):     ip b6dced74  sp a3af8aa0  lr b6dc7094  pc b6d95c42  cpsr 60070030
I/DEBUG   (  161): 
I/DEBUG   (  161): backtrace:
I/DEBUG   (  161):     #00 pc 0000ec42  /system/lib/libutils.so (android::RefBase::decStrong(void const*) const+21)
I/DEBUG   (  161):     #01 pc 00086fa9  /system/lib/libandroid_runtime.so
I/DEBUG   (  161):     #02 pc 000003ef  /system/framework/arm/boot.oat
F/libc    ( 5864): Fatal signal 11 (SIGSEGV), code 1, fault addr 0x18 in tid 5926 (105-local_vad-n)
I/DEBUG   (  161): *** *** *** *** *** *** *** *** *** *** *** *** *** *** *** ***
I/DEBUG   (  161): Build fingerprint: 'Android/rk3288/rk3288:5.1.1/LMY49F/eric12051508:userdebug/test-keys'
I/DEBUG   (  161): Revision: '0'
I/DEBUG   (  161): ABI: 'arm'
I/DEBUG   (  161): pid: 5864, tid: 5926, name: 105-local_vad-n  >>> com.example.facedoor <<<
I/DEBUG   (  161): signal 11 (SIGSEGV), code 1 (SEGV_MAPERR), fault addr 0x18
I/DEBUG   (  161):     r0 00000000  r1 b97a4008  r2 9e1682d4  r3 00000000
I/DEBUG   (  161):     r4 b97a4008  r5 b8d27580  r6 b8d27588  r7 00000000
I/DEBUG   (  161):     r8 9eb9f300  r9 9e63b9c0  sl 9e63ba60  fp 9ecb5a2c
I/DEBUG   (  161):     ip 00000200  sp 9ecb59c0  lr 9e1682e8  pc 9e16be04  cpsr 600f0010
I/DEBUG   (  161): 
I/DEBUG   (  161): backtrace:
I/DEBUG   (  161):     #00 pc 0003de04  /data/data/com.example.facedoor/files/dds/duicore-8/luaclib/android-armeabi/cvad.so (wtk_hoard_push)
I/DEBUG   (  161):     #01 pc 0003a2e4  /data/data/com.example.facedoor/files/dds/duicore-8/luaclib/android-armeabi/cvad.so (wtk_parm_push_feature+16)
F/libc    ( 6842): Fatal signal 11 (SIGSEGV), code 1, fault addr 0x810 in tid 6896 (local_recorder)
I/DEBUG   (  161): *** *** *** *** *** *** *** *** *** *** *** *** *** *** *** ***
I/DEBUG   (  161): Build fingerprint: 'Android/rk3288/rk3288:5.1.1/LMY49F/eric12051508:userdebug/test-keys'
I/DEBUG   (  161): Revision: '0'
I/DEBUG   (  161): ABI: 'arm'
I/DEBUG   (  161): pid: 6842, tid: 6896, name: local_recorder  >>> com.example.facedoor <<<
I/DEBUG   (  161): signal 11 (SIGSEGV), code 1 (SEGV_MAPERR), fault addr 0x810
I/DEBUG   (  161):     r0 bb3ba0b0  r1 00000800  r2 9b244000  r3 00000800
I/DEBUG   (  161):     r4 bb3ba060  r5 9b226000  r6 b88267f8  r7 b8c60368
I/DEBUG   (  161):     r8 b51f2f84  r9 b8824c90  sl 00000020  fp 00000000
I/DEBUG   (  161):     ip b6e2764c  sp a008fa80  lr b6dfb563  pc b50cc57c  cpsr 200d0030
I/DEBUG   (  161): 
I/DEBUG   (  161): backtrace:
I/DEBUG   (  161):     #00 pc 001e357c  /system/lib/libart.so (art::MemMap::MemMap(std::__1::basic_string<char, std::__1::char_traits<char>, std::__1::allocator<char> > const&, unsigned char*, unsigned int, void*, unsigned int, int, bool)+215)
I/DEBUG   (  161):     #01 pc 001e45e9  /system/lib/libart.so (art::MemMap::MapAnonymous(char const*, unsigned char*, unsigned int, int, bool, std::__1::basic_string<char, std::__1::char_traits<char>, std::__1::allocator<char> >*)+652)
I/DEBUG   (  161):     #02 pc 0015555f  /system/lib/libart.so (art::gc::space::LargeObjectMapSpace::Alloc(art::Thread*, unsigned int, unsigned int*, unsigned int*)+78)
I/DEBUG   (  161):     #03 pc 00277b01  /system/lib/libart.so (art::mirror::Object* art::gc::Heap::AllocLargeObject<false, art::mirror::SetLengthVisitor>(art::Thread*, art::mirror::Class**, unsigned int, art::mirror::SetLengthVisitor const&)+120)
I/DEBUG   (  161):     #04 pc 0028fa29  /system/lib/libart.so (_ZN3art6mirror5Array5AllocILb0EEEPS1_PNS_6ThreadEPNS0_5ClassEijNS_2gc13AllocatorTypeEb.constprop.97+184)
I/DEBUG   (  161):     #05 pc 002902f5  /system/lib/libart.so (artAllocArrayFromCodeRosAlloc+136)
I/DEBUG   (  161):     #06 pc 000a254f  /system/lib/libart.so (art_quick_alloc_array_rosalloc+14)
I/DEBUG   (  161):     #07 pc 001550a7  /system/framework/arm/boot.oat
F/libc    ( 7002): Fatal signal 11 (SIGSEGV), code 1, fault addr 0x800 in tid 7016 (HeapTrimmerDaem)
I/DEBUG   (  161): *** *** *** *** *** *** *** *** *** *** *** *** *** *** *** ***
I/DEBUG   (  161): Build fingerprint: 'Android/rk3288/rk3288:5.1.1/LMY49F/eric12051508:userdebug/test-keys'
I/DEBUG   (  161): Revision: '0'
I/DEBUG   (  161): ABI: 'arm'
I/DEBUG   (  161): pid: 7002, tid: 7016, name: HeapTrimmerDaem  >>> com.example.facedoor <<<
I/DEBUG   (  161): signal 11 (SIGSEGV), code 1 (SEGV_MAPERR), fault addr 0x800
I/DEBUG   (  161):     r0 b89ebbf0  r1 00000000  r2 00001000  r3 00000800
I/DEBUG   (  161):     r4 b986df90  r5 12c00000  r6 00000002  r7 00000001
I/DEBUG   (  161):     r8 00001000  r9 b986e3e4  sl b89ebbf0  fp b89ebbf0
I/DEBUG   (  161):     ip b89ebbf0  sp a38f0580  lr 00000000  pc b5001b30  cpsr 60070030
I/DEBUG   (  161): 
I/DEBUG   (  161): backtrace:
I/DEBUG   (  161):     #00 pc 00118b30  /system/lib/libart.so (art::gc::allocator::RosAlloc::AllocPages(art::Thread*, unsigned int, unsigned char)+499)
I/DEBUG   (  161):     #01 pc 00118de9  /system/lib/libart.so (art::gc::allocator::RosAlloc::RefillRun(art::Thread*, unsigned int)+68)
I/DEBUG   (  161):     #02 pc 00119227  /system/lib/libart.so (art::gc::allocator::RosAlloc::AllocFromRunThreadUnsafe(art::Thread*, unsigned int, unsigned int*)+202)
I/DEBUG   (  161):     #03 pc 001571e9  /system/lib/libart.so (art::gc::space::RosAllocSpace::AllocThreadUnsafe(art::Thread*, unsigned int, unsigned int*, unsigned int*)+32)
I/DEBUG   (  161):     #04 pc 00131c8d  /system/lib/libart.so (art::gc::collector::SemiSpace::MarkNonForwardedObject(art::mirror::Object*)+84)
I/DEBUG   (  161):     #05 pc 00133c87  /system/lib/libart.so (art::gc::collector::SemiSpace::MarkRootCallback(art::mirror::Object**, void*, art::RootInfo const&)+374)
I/DEBUG   (  161):     #06 pc 00233027  /system/lib/libart.so (art::Thread::VisitRoots(void (*)(art::mirror::Object**, void*, art::RootInfo const&), void*)+362)
I/DEBUG   (  161):     #07 pc 0023ea4f  /system/lib/libart.so (art::ThreadList::VisitRoots(void (*)(art::mirror::Object**, void*, art::RootInfo const&), void*) const+70)
I/DEBUG   (  161):     #08 pc 00225ed7  /system/lib/libart.so (art::Runtime::VisitRoots(void (*)(art::mirror::Object**, void*, art::RootInfo const&), void*, art::VisitRootFlags)+26)
I/DEBUG   (  161):     #09 pc 00135697  /system/lib/libart.so (art::gc::collector::SemiSpace::MarkingPhase()+358)
I/DEBUG   (  161):     #10 pc 00133161  /system/lib/libart.so (art::gc::collector::SemiSpace::RunPhases()+480)
I/DEBUG   (  161):     #11 pc 00126a97  /system/lib/libart.so (art::gc::collector::GarbageCollector::Run(art::gc::GcCause, bool)+246)
I/DEBUG   (  161):     #12 pc 0013921b  /system/lib/libart.so (art::gc::Heap::Compact(art::gc::space::ContinuousMemMapAllocSpace*, art::gc::space::ContinuousMemMapAllocSpace*, art::gc::GcCause)+58)
I/DEBUG   (  161):     #13 pc 0013d053  /system/lib/libart.so (art::gc::Heap::PerformHomogeneousSpaceCompact()+1870)
I/DEBUG   (  161):     #14 pc 0014a87b  /system/lib/libart.so (art::gc::Heap::DoPendingTransitionOrTrim()+818)
I/DEBUG   (  161):     #15 pc 000003ef  /system/framework/arm/boot.oat
F/libc    ( 7280): heap corruption detected by dlmalloc_real
F/libc    ( 7280): Fatal signal 6 (SIGABRT), code -6 in tid 7368 (109-local_uca-n)
I/DEBUG   ( 7203): *** *** *** *** *** *** *** *** *** *** *** *** *** *** *** ***
I/DEBUG   ( 7203): Build fingerprint: 'Android/rk3288/rk3288:5.1.1/LMY49F/eric12051508:userdebug/test-keys'
I/DEBUG   ( 7203): Revision: '0'
I/DEBUG   ( 7203): ABI: 'arm'
I/DEBUG   ( 7203): pid: 7280, tid: 7368, name: 109-local_uca-n  >>> com.example.facedoor <<<
I/DEBUG   ( 7203): signal 6 (SIGABRT), code -6 (SI_TKILL), fault addr --------
I/DEBUG   ( 7203): Abort message: 'heap corruption detected by dlmalloc_real'
I/DEBUG   ( 7203):     r0 00000000  r1 00001cc8  r2 00000006  r3 00000000
I/DEBUG   ( 7203):     r4 9dcdedd8  r5 00000006  r6 00000000  r7 0000010c
I/DEBUG   ( 7203):     r8 00000306  r9 00000002  sl 00000002  fp 00000002
I/DEBUG   ( 7203):     ip 00001cc8  sp 9dcdb758  lr b6de6db1  pc b6e0c6f4  cpsr 600f0010
I/DEBUG   ( 7203): 
I/DEBUG   ( 7203): backtrace:
I/DEBUG   ( 7203):     #00 pc 0003c6f4  /system/lib/libc.so (tgkill+12)
I/DEBUG   ( 7203):     #01 pc 00016dad  /system/lib/libc.so (pthread_kill+52)
I/DEBUG   ( 7203):     #02 pc 000179bf  /system/lib/libc.so (raise+10)
I/DEBUG   ( 7203):     #03 pc 00014165  /system/lib/libc.so (__libc_android_abort+36)
I/DEBUG   ( 7203):     #04 pc 000124ec  /system/lib/libc.so (abort+4)
I/DEBUG   ( 7203):     #05 pc 0001549b  /system/lib/libc.so (__libc_fatal+16)
I/DEBUG   ( 7203):     #06 pc 00029b39  /system/lib/libc.so (__bionic_heap_corruption_error+8)
I/DEBUG   ( 7203):     #07 pc 0002b341  /system/lib/libc.so (dlmalloc_real+2944)
I/DEBUG   ( 7203):     #08 pc 0002c001  /system/lib/libc.so (dlcalloc+36)
I/DEBUG   ( 7203):     #09 pc 00012243  /system/lib/libc.so (calloc+10)
I/DEBUG   ( 7203):     #10 pc 000572fc  /data/data/com.example.facedoor/files/dds/duicore-8/luaclib/android-armeabi/circle.so
F/libc    (10381): heap corruption detected by dlmalloc_real
F/libc    (10381): Fatal signal 6 (SIGABRT), code -6 in tid 10447 (109-local_uca-n)
I/DEBUG   ( 7203): *** *** *** *** *** *** *** *** *** *** *** *** *** *** *** ***
I/DEBUG   ( 7203): Build fingerprint: 'Android/rk3288/rk3288:5.1.1/LMY49F/eric12051508:userdebug/test-keys'
I/DEBUG   ( 7203): Revision: '0'
I/DEBUG   ( 7203): ABI: 'arm'
I/DEBUG   ( 7203): pid: 10381, tid: 10447, name: 109-local_uca-n  >>> com.example.facedoor <<<
I/DEBUG   ( 7203): signal 6 (SIGABRT), code -6 (SI_TKILL), fault addr --------
I/DEBUG   ( 7203): Abort message: 'heap corruption detected by dlmalloc_real'
I/DEBUG   ( 7203):     r0 00000000  r1 000028cf  r2 00000006  r3 00000000
I/DEBUG   ( 7203):     r4 9d0c2dd8  r5 00000006  r6 00000000  r7 0000010c
I/DEBUG   ( 7203):     r8 00000306  r9 00000002  sl 00000002  fp 00000002
I/DEBUG   ( 7203):     ip 000028cf  sp 9d0bf758  lr b6de6db1  pc b6e0c6f4  cpsr 600f0010
I/DEBUG   ( 7203): 
I/DEBUG   ( 7203): backtrace:
I/DEBUG   ( 7203):     #00 pc 0003c6f4  /system/lib/libc.so (tgkill+12)
I/DEBUG   ( 7203):     #01 pc 00016dad  /system/lib/libc.so (pthread_kill+52)
I/DEBUG   ( 7203):     #02 pc 000179bf  /system/lib/libc.so (raise+10)
I/DEBUG   ( 7203):     #03 pc 00014165  /system/lib/libc.so (__libc_android_abort+36)
I/DEBUG   ( 7203):     #04 pc 000124ec  /system/lib/libc.so (abort+4)
I/DEBUG   ( 7203):     #05 pc 0001549b  /system/lib/libc.so (__libc_fatal+16)
I/DEBUG   ( 7203):     #06 pc 00029b39  /system/lib/libc.so (__bionic_heap_corruption_error+8)
I/DEBUG   ( 7203):     #07 pc 0002b341  /system/lib/libc.so (dlmalloc_real+2944)
I/DEBUG   ( 7203):     #08 pc 0002c001  /system/lib/libc.so (dlcalloc+36)
I/DEBUG   ( 7203):     #09 pc 00012243  /system/lib/libc.so (calloc+10)
I/DEBUG   ( 7203):     #10 pc 000572ec  /data/data/com.example.facedoor/files/dds/duicore-8/luaclib/android-armeabi/circle.so
F/libc    (12580): heap corruption detected by dlfree
F/libc    (12580): Fatal signal 6 (SIGABRT), code -6 in tid 12628 (Agent)
I/DEBUG   ( 7203): *** *** *** *** *** *** *** *** *** *** *** *** *** *** *** ***
I/DEBUG   ( 7203): Build fingerprint: 'Android/rk3288/rk3288:5.1.1/LMY49F/eric12051508:userdebug/test-keys'
I/DEBUG   ( 7203): Revision: '0'
I/DEBUG   ( 7203): ABI: 'arm'
I/DEBUG   ( 7203): pid: 12580, tid: 12628, name: Agent  >>> com.example.facedoor <<<
I/DEBUG   ( 7203): signal 6 (SIGABRT), code -6 (SI_TKILL), fault addr --------
I/DEBUG   ( 7203): Abort message: 'heap corruption detected by dlfree'
I/DEBUG   ( 7203):     r0 00000000  r1 00003154  r2 00000006  r3 00000000
I/DEBUG   ( 7203):     r4 a0195dd8  r5 00000006  r6 0000000b  r7 0000010c
I/DEBUG   ( 7203):     r8 b6e2d0f8  r9 b8f87238  sl b8c279c8  fp 00000008
I/DEBUG   ( 7203):     ip 00003154  sp a01952f8  lr b6de6db1  pc b6e0c6f4  cpsr 600f0010
I/DEBUG   ( 7203): 
I/DEBUG   ( 7203): backtrace:
I/DEBUG   ( 7203):     #00 pc 0003c6f4  /system/lib/libc.so (tgkill+12)
I/DEBUG   ( 7203):     #01 pc 00016dad  /system/lib/libc.so (pthread_kill+52)
I/DEBUG   ( 7203):     #02 pc 000179bf  /system/lib/libc.so (raise+10)
I/DEBUG   ( 7203):     #03 pc 00014165  /system/lib/libc.so (__libc_android_abort+36)
I/DEBUG   ( 7203):     #04 pc 000124ec  /system/lib/libc.so (abort+4)
I/DEBUG   ( 7203):     #05 pc 0001549b  /system/lib/libc.so (__libc_fatal+16)
I/DEBUG   ( 7203):     #06 pc 00029b39  /system/lib/libc.so (__bionic_heap_corruption_error+8)
I/DEBUG   ( 7203):     #07 pc 0002bbad  /system/lib/libc.so (dlfree+312)
I/DEBUG   ( 7203):     #08 pc 00012257  /system/lib/libc.so (free+10)
I/DEBUG   ( 7203):     #09 pc 00118e93  /system/lib/libart.so (art::gc::allocator::RosAlloc::RefillRun(art::Thread*, unsigned int)+238)
I/DEBUG   ( 7203):     #10 pc 001190a7  /system/lib/libart.so (art::gc::allocator::RosAlloc::AllocFromRun(art::Thread*, unsigned int, unsigned int*)+490)
I/DEBUG   ( 7203):     #11 pc 000c24dd  /system/lib/libart.so (art::mirror::Object* art::gc::space::RosAllocSpace::AllocCommon<true>(art::Thread*, unsigned int, unsigned int*, unsigned int*)+32)
I/DEBUG   ( 7203):     #12 pc 0008ff25  /system/lib/libart.so (art::JValue art::interpreter::ExecuteGotoImpl<false, false>(art::Thread*, art::MethodHelper&, art::DexFile::CodeItem const*, art::ShadowFrame&, art::JValue)+33620)
I/DEBUG   ( 7203):     #13 pc 00169e55  /system/lib/libart.so (artInterpreterToInterpreterBridge+168)
I/DEBUG   ( 7203):     #14 pc 00177955  /system/lib/libart.so (bool art::interpreter::DoCall<false, false>(art::mirror::ArtMethod*, art::Thread*, art::ShadowFrame&, art::Instruction const*, unsigned short, art::JValue*)+340)
I/DEBUG   ( 7203):     #15 pc 0008e591  /system/lib/libart.so (art::JValue art::interpreter::ExecuteGotoImpl<false, false>(art::Thread*, art::MethodHelper&, art::DexFile::CodeItem const*, art::ShadowFrame&, art::JValue)+27072)
I/DEBUG   ( 7203):     #16 pc 00169e55  /system/lib/libart.so (artInterpreterToInterpreterBridge+168)
I/DEBUG   ( 7203):     #17 pc 00177955  /system/lib/libart.so (bool art::interpreter::DoCall<false, false>(art::mirror::ArtMethod*, art::Thread*, art::ShadowFrame&, art::Instruction const*, unsigned short, art::JValue*)+340)
I/DEBUG   ( 7203):     #18 pc 0008e591  /system/lib/libart.so (art::JValue art::interpreter::ExecuteGotoImpl<false, false>(art::Thread*, art::MethodHelper&, art::DexFile::CodeItem const*, art::ShadowFrame&, art::JValue)+27072)
I/DEBUG   ( 7203):     #19 pc 001696c7  /system/lib/libart.so (art::interpreter::EnterInterpreterFromStub(art::Thread*, art::MethodHelper&, art::DexFile::CodeItem const*, art::ShadowFrame&)+138)
I/DEBUG   ( 7203):     #20 pc 002967c5  /system/lib/libart.so (artQuickToInterpreterBridge+488)
I/DEBUG   ( 7203):     #21 pc 000a2feb  /system/lib/libart.so (art_quick_to_interpreter_bridge+10)
I/DEBUG   ( 7203):     #22 pc 00267e1c  /dev/ashmem/dalvik-main space (deleted)
F/libc    (12697): Fatal signal 11 (SIGSEGV), code 1, fault addr 0x800 in tid 12712 (GCDaemon)
I/DEBUG   ( 7203): *** *** *** *** *** *** *** *** *** *** *** *** *** *** *** ***
I/DEBUG   ( 7203): Build fingerprint: 'Android/rk3288/rk3288:5.1.1/LMY49F/eric12051508:userdebug/test-keys'
I/DEBUG   ( 7203): Revision: '0'
I/DEBUG   ( 7203): ABI: 'arm'
I/DEBUG   ( 7203): pid: 12697, tid: 12712, name: GCDaemon  >>> com.example.facedoor <<<
I/DEBUG   ( 7203): signal 11 (SIGSEGV), code 1 (SEGV_MAPERR), fault addr 0x800
I/DEBUG   ( 7203):     r0 b8a07bc8  r1 b8e58590  r2 bb12df90  r3 00000800
I/DEBUG   ( 7203):     r4 00000000  r5 00000001  r6 a37ec1b0  r7 b9e2fbd0
I/DEBUG   ( 7203):     r8 a37ec1a8  r9 bb12df90  sl b9e2fbd0  fp 00000007
I/DEBUG   ( 7203):     ip b6e2764c  sp a37ec138  lr b5000f11  pc b4f9528c  cpsr 20070030
I/DEBUG   ( 7203): 
I/DEBUG   ( 7203): backtrace:
I/DEBUG   ( 7203):     #00 pc 000ac28c  /system/lib/libart.so (void std::__1::__tree_balance_after_insert<std::__1::__tree_node_base<void*>*>(std::__1::__tree_node_base<void*>*, std::__1::__tree_node_base<void*>*)+71)
I/DEBUG   ( 7203):     #01 pc 00117f0d  /system/lib/libart.so (std::__1::__tree<art::gc::allocator::RosAlloc::FreePageRun*, std::__1::less<art::gc::allocator::RosAlloc::FreePageRun*>, std::__1::allocator<art::gc::allocator::RosAlloc::FreePageRun*> >::__insert_unique(art::gc::allocator::RosAlloc::FreePageRun* const&)+108)
I/DEBUG   ( 7203):     #02 pc 0011a3a5  /system/lib/libart.so (art::gc::allocator::RosAlloc::BulkFree(art::Thread*, void**, unsigned int)+748)
I/DEBUG   ( 7203):     #03 pc 00155c4b  /system/lib/libart.so (art::gc::space::MallocSpace::SweepCallback(unsigned int, art::mirror::Object**, void*)+70)
I/DEBUG   ( 7203):     #04 pc 00124c63  /system/lib/libart.so (art::gc::accounting::SpaceBitmap<8u>::SweepWalk(art::gc::accounting::SpaceBitmap<8u> const&, art::gc::accounting::SpaceBitmap<8u> const&, unsigned int, unsigned int, void (*)(unsigned int, art::mirror::Object**, void*), void*)+298)
I/DEBUG   ( 7203):     #05 pc 00158c57  /system/lib/libart.so (art::gc::space::ContinuousMemMapAllocSpace::Sweep(bool)+122)
I/DEBUG   ( 7203):     #06 pc 0012d7f9  /system/lib/libart.so (art::gc::collector::MarkSweep::Sweep(bool)+216)
I/DEBUG   ( 7203):     #07 pc 0012b91f  /system/lib/libart.so (art::gc::collector::MarkSweep::ReclaimPhase()+234)
I/DEBUG   ( 7203):     #08 pc 0012fe69  /system/lib/libart.so (art::gc::collector::MarkSweep::RunPhases()+112)
I/DEBUG   ( 7203):     #09 pc 00126a97  /system/lib/libart.so (art::gc::collector::GarbageCollector::Run(art::gc::GcCause, bool)+246)
I/DEBUG   ( 7203):     #10 pc 00145b27  /system/lib/libart.so (art::gc::Heap::CollectGarbageInternal(art::gc::collector::GcType, art::gc::GcCause, bool)+1390)
I/DEBUG   ( 7203):     #11 pc 00146f95  /system/lib/libart.so (art::gc::Heap::ConcurrentGC(art::Thread*)+56)
I/DEBUG   ( 7203):     #12 pc 000003ef  /system/framework/arm/boot.oat
F/libc    (14349): heap corruption detected by dlmalloc_real
F/libc    (14349): Fatal signal 6 (SIGABRT), code -6 in tid 14403 (local_recorder)
I/DEBUG   ( 7203): *** *** *** *** *** *** *** *** *** *** *** *** *** *** *** ***
I/DEBUG   ( 7203): Build fingerprint: 'Android/rk3288/rk3288:5.1.1/LMY49F/eric12051508:userdebug/test-keys'
I/DEBUG   ( 7203): Revision: '0'
I/DEBUG   ( 7203): ABI: 'arm'
I/DEBUG   ( 7203): pid: 14349, tid: 14403, name: local_recorder  >>> com.example.facedoor <<<
I/DEBUG   ( 7203): signal 6 (SIGABRT), code -6 (SI_TKILL), fault addr --------
I/DEBUG   ( 7203): Abort message: 'heap corruption detected by dlmalloc_real'
I/DEBUG   ( 7203):     r0 00000000  r1 00003843  r2 00000006  r3 00000000
I/DEBUG   ( 7203):     r4 9ff46dd8  r5 00000006  r6 00000000  r7 0000010c
I/DEBUG   ( 7203):     r8 00000002  r9 bb3e9470  sl 00000003  fp 00000003
I/DEBUG   ( 7203):     ip 00003843  sp 9ff45040  lr b6de6db1  pc b6e0c6f4  cpsr 600d0010
I/DEBUG   ( 7203): 
I/DEBUG   ( 7203): backtrace:
I/DEBUG   ( 7203):     #00 pc 0003c6f4  /system/lib/libc.so (tgkill+12)
I/DEBUG   ( 7203):     #01 pc 00016dad  /system/lib/libc.so (pthread_kill+52)
I/DEBUG   ( 7203):     #02 pc 000179bf  /system/lib/libc.so (raise+10)
I/DEBUG   ( 7203):     #03 pc 00014165  /system/lib/libc.so (__libc_android_abort+36)
I/DEBUG   ( 7203):     #04 pc 000124ec  /system/lib/libc.so (abort+4)
I/DEBUG   ( 7203):     #05 pc 0001549b  /system/lib/libc.so (__libc_fatal+16)
I/DEBUG   ( 7203):     #06 pc 00029b39  /system/lib/libc.so (__bionic_heap_corruption_error+8)
I/DEBUG   ( 7203):     #07 pc 0002b341  /system/lib/libc.so (dlmalloc_real+2944)
I/DEBUG   ( 7203):     #08 pc 00012283  /system/lib/libc.so (malloc+10)
I/DEBUG   ( 7203):     #09 pc 00000c41  /system/lib/libstdc++.so (operator new(unsigned int)+4)
I/DEBUG   ( 7203):     #10 pc 0002175f  /system/lib/libjavacore.so
I/DEBUG   ( 7203):     #11 pc 0009bcc7  /system/framework/arm/boot.oat
F/libc    (14458): invalid address or address of corrupt block 0xb893f0e8 passed to dlfree
F/libc    (14458): Fatal signal 11 (SIGSEGV), code 1, fault addr 0xdeadbaad in tid 14514 (109-local_uca-n)
I/DEBUG   ( 7203): *** *** *** *** *** *** *** *** *** *** *** *** *** *** *** ***
I/DEBUG   ( 7203): Build fingerprint: 'Android/rk3288/rk3288:5.1.1/LMY49F/eric12051508:userdebug/test-keys'
I/DEBUG   ( 7203): Revision: '0'
I/DEBUG   ( 7203): ABI: 'arm'
I/DEBUG   ( 7203): pid: 14458, tid: 14514, name: 109-local_uca-n  >>> com.example.facedoor <<<
I/DEBUG   ( 7203): signal 11 (SIGSEGV), code 1 (SEGV_MAPERR), fault addr 0xdeadbaad
I/DEBUG   ( 7203): Abort message: 'invalid address or address of corrupt block 0xb893f0e8 passed to dlfree'
I/DEBUG   ( 7203):     r0 00000000  r1 9e7be7b0  r2 deadbaad  r3 00000000
I/DEBUG   ( 7203):     r4 b893f0e8  r5 b6e2d0e8  r6 9cc11000  r7 b893f0f0
I/DEBUG   ( 7203):     r8 b893f0f0  r9 00000080  sl 00001400  fp 00000006
I/DEBUG   ( 7203):     ip b6e2764c  sp 9e7beba0  lr b6dfbf4b  pc b6dfbf4c  cpsr 600f0030
I/DEBUG   ( 7203): 
I/DEBUG   ( 7203): backtrace:
I/DEBUG   ( 7203):     #00 pc 0002bf4c  /system/lib/libc.so (dlfree+1239)
I/DEBUG   ( 7203):     #01 pc 00012257  /system/lib/libc.so (free+10)
I/DEBUG   ( 7203):     #02 pc 0001da3c  /data/data/com.example.facedoor/files/dds/duicore-8/luaclib/android-armeabi/circle.so (fend_feed+1212)
F/libc    (14783): Fatal signal 11 (SIGSEGV), code 1, fault addr 0x804 in tid 14783 (xample.facedoor)
I/DEBUG   ( 7203): *** *** *** *** *** *** *** *** *** *** *** *** *** *** *** ***
I/DEBUG   ( 7203): Build fingerprint: 'Android/rk3288/rk3288:5.1.1/LMY49F/eric12051508:userdebug/test-keys'
I/DEBUG   ( 7203): Revision: '0'
I/DEBUG   ( 7203): ABI: 'arm'
I/DEBUG   ( 7203): pid: 14783, tid: 14783, name: xample.facedoor  >>> com.example.facedoor <<<
I/DEBUG   ( 7203): signal 11 (SIGSEGV), code 1 (SEGV_MAPERR), fault addr 0x804
I/DEBUG   ( 7203):     r0 b88273f0  r1 b88302d0  r2 0000003a  r3 00000800
I/DEBUG   ( 7203):     r4 b9341320  r5 b88273e8  r6 b894f070  r7 12f4b0e0
I/DEBUG   ( 7203):     r8 00000000  r9 b88273f0  sl be9c9c30  fp b88302d0
I/DEBUG   ( 7203):     ip b6e2764c  sp be9c9bd0  lr b6dfb563  pc b50e2624  cpsr 00070030
I/DEBUG   ( 7203): 
I/DEBUG   ( 7203): backtrace:
I/DEBUG   ( 7203):     #00 pc 001f9624  /system/lib/libart.so (art::Monitor::Inflate(art::Thread*, art::Thread*, art::mirror::Object*, int)+155)
I/DEBUG   ( 7203):     #01 pc 001f9dd9  /system/lib/libart.so (art::Monitor::MonitorEnter(art::Thread*, art::mirror::Object*)+112)
I/DEBUG   ( 7203):     #02 pc 002935ff  /system/lib/libart.so (artLockObjectFromCode+46)
I/DEBUG   ( 7203):     #03 pc 000a1c61  /system/lib/libart.so (art_quick_lock_object+64)
I/DEBUG   ( 7203):     #04 pc 008af05b  /system/framework/arm/boot.oat
--------- beginning of system
D/ActivityManagerService(  473): moveHomeStackTaskToTop: moving TaskRecord{384b769a #650 A=com.android.launcher3 U=0 sz=1}
I/ActivityManagerService(  473):   Force stopping service ServiceRecord{68884f u0 com.example.facedoor/.DDSService}
W/ActivityManagerService(  473): Spurious death for ProcessRecord{219c69c2 20426:com.example.facedoor/u0a57}, curProc for 20426: null
W/InputMethodManagerService(  473): Got RemoteException sending setActive(false) notification to pid 20426 uid 10057
D/PackageInstaller(  473): Linking /data/app/com.example.facedoor-1/split_lib_dependencies_apk.apk to /data/app/vmdl902717421.tmp/split_lib_dependencies_apk.apk
D/PackageInstaller(  473): Linking /data/app/com.example.facedoor-1/split_lib_slice_0_apk.apk to /data/app/vmdl902717421.tmp/split_lib_slice_0_apk.apk
D/PackageInstaller(  473): Linking /data/app/com.example.facedoor-1/split_lib_slice_1_apk.apk to /data/app/vmdl902717421.tmp/split_lib_slice_1_apk.apk
D/PackageInstaller(  473): Linking /data/app/com.example.facedoor-1/split_lib_slice_2_apk.apk to /data/app/vmdl902717421.tmp/split_lib_slice_2_apk.apk
D/PackageInstaller(  473): Linking /data/app/com.example.facedoor-1/split_lib_slice_3_apk.apk to /data/app/vmdl902717421.tmp/split_lib_slice_3_apk.apk
D/PackageInstaller(  473): Linking /data/app/com.example.facedoor-1/split_lib_slice_4_apk.apk to /data/app/vmdl902717421.tmp/split_lib_slice_4_apk.apk
D/PackageInstaller(  473): Linking /data/app/com.example.facedoor-1/split_lib_slice_5_apk.apk to /data/app/vmdl902717421.tmp/split_lib_slice_5_apk.apk
D/PackageInstaller(  473): Linking /data/app/com.example.facedoor-1/split_lib_slice_7_apk.apk to /data/app/vmdl902717421.tmp/split_lib_slice_7_apk.apk
D/PackageInstaller(  473): Linking /data/app/com.example.facedoor-1/split_lib_slice_8_apk.apk to /data/app/vmdl902717421.tmp/split_lib_slice_8_apk.apk
D/PackageInstaller(  473): Linking /data/app/com.example.facedoor-1/split_lib_slice_9_apk.apk to /data/app/vmdl902717421.tmp/split_lib_slice_9_apk.apk
D/PackageInstaller(  473): Linked 10 files into /data/app/vmdl902717421.tmp
D/PackageManager(  473): /data/app/vmdl902717421.tmp already staged; skipping copy
W/PackageParser(  473): Unknown element under <manifest>: meta-data at /data/app/vmdl902717421.tmp/base.apk Binary XML file line #41
D/PackageManager(  473): Renaming /data/app/vmdl902717421.tmp to /data/app/com.example.facedoor-2
I/ActivityManagerService(  473): Force stopping com.example.facedoor appid=10057 user=-1: uninstall pkg
I/PackageManager(  473): Package com.example.facedoor codePath changed from /data/app/com.example.facedoor-1 to /data/app/com.example.facedoor-2; Retaining data and using new
W/PackageManager(  473): Code path for pkg : com.example.facedoor changing from /data/app/com.example.facedoor-1 to /data/app/com.example.facedoor-2
I/ActivityManagerService(  473): Force stopping com.example.facedoor appid=10057 user=-1: update pkg
W/PackageManager(  473): Resource path for pkg : com.example.facedoor changing from /data/app/com.example.facedoor-1 to /data/app/com.example.facedoor-2
W/PackageManager(  473): Not granting permission android.permission.MOUNT_UNMOUNT_FILESYSTEMS to package com.example.facedoor (protectionLevel=18 flags=0x8be46)
I/ActivityManagerService(  473): Force stopping com.example.facedoor appid=10057 user=0: pkg removed
D/JobSchedulerService(  473): Receieved: android.intent.action.PACKAGE_REMOVED
D/BackupManagerService(  473): Received broadcast Intent { act=android.intent.action.PACKAGE_REMOVED dat=package:com.example.facedoor flg=0x4000010 (has extras) }
D/BackupManagerService(  473): Received broadcast Intent { act=android.intent.action.PACKAGE_ADDED dat=package:com.example.facedoor flg=0x4000010 (has extras) }
W/BackupManagerService(  473): Removing schedule queue dupe of com.example.facedoor
W/ContextImpl( 1124): Calling a method in the system process without a qualified user: android.app.ContextImpl.startService:1715 android.content.ContextWrapper.startService:516 android.content.ContextWrapper.startService:516 com.android.keychain.KeyChainBroadcastReceiver.onReceive:12 android.app.ActivityThread.handleReceiver:2629 
W/VoiceInteractionManagerService(  473): no available voice recognition services found for user 0
W/PackageManager(  473): Couldn't remove dex file for package:  at location /data/app/com.example.facedoor-1/split_lib_dependencies_apk.apk, retcode=-1
W/PackageManager(  473): Couldn't remove dex file for package:  at location /data/app/com.example.facedoor-1/split_lib_slice_0_apk.apk, retcode=-1
W/PackageManager(  473): Couldn't remove dex file for package:  at location /data/app/com.example.facedoor-1/split_lib_slice_1_apk.apk, retcode=-1
W/PackageManager(  473): Couldn't remove dex file for package:  at location /data/app/com.example.facedoor-1/split_lib_slice_2_apk.apk, retcode=-1
W/PackageManager(  473): Couldn't remove dex file for package:  at location /data/app/com.example.facedoor-1/split_lib_slice_3_apk.apk, retcode=-1
W/PackageManager(  473): Couldn't remove dex file for package:  at location /data/app/com.example.facedoor-1/split_lib_slice_4_apk.apk, retcode=-1
W/PackageManager(  473): Couldn't remove dex file for package:  at location /data/app/com.example.facedoor-1/split_lib_slice_5_apk.apk, retcode=-1
W/PackageManager(  473): Couldn't remove dex file for package:  at location /data/app/com.example.facedoor-1/split_lib_slice_6_apk.apk, retcode=-1
W/PackageManager(  473): Couldn't remove dex file for package:  at location /data/app/com.example.facedoor-1/split_lib_slice_7_apk.apk, retcode=-1
W/PackageManager(  473): Couldn't remove dex file for package:  at location /data/app/com.example.facedoor-1/split_lib_slice_8_apk.apk, retcode=-1
W/PackageManager(  473): Couldn't remove dex file for package:  at location /data/app/com.example.facedoor-1/split_lib_slice_9_apk.apk, retcode=-1
I/ActivityStackSupervisor(  473): START u0 {act=android.intent.action.MAIN cat=[android.intent.category.LAUNCHER] flg=0x10000000 cmp=com.example.facedoor/.LauncherActivity2} from uid 2000 on display 0
I/ActivityManagerService(  473): Start proc 21113:com.example.facedoor/u0a57 for activity com.example.facedoor/.LauncherActivity2
V/WindowManagerService(  473): Adding window Window{291ee0dd u0 Starting com.example.facedoor} at 3 of 9 (after Window{2596d532 u0 com.android.launcher3/com.android.launcher3.Launcher})
W/ActivityManagerService(  473): Unable to start service Intent { cmp=com.example.facedoor/com.iflytek.common.LaunchService } U=0: not found
V/WindowManagerService(  473): Adding window Window{2b3ebb4d u0 com.example.facedoor/com.example.facedoor.LauncherActivity2} at 3 of 10 (before Window{291ee0dd u0 Starting com.example.facedoor})
I/ActivityStackSupervisor(  473): START u0 {cmp=com.example.facedoor/.FaceIndexActivity} from uid 10057 on display 0
V/WindowManagerService(  473): Adding window Window{2c240e81 u0 com.example.facedoor/com.example.facedoor.FaceIndexActivity} at 4 of 10 (after Window{2b3ebb4d u0 com.example.facedoor/com.example.facedoor.LauncherActivity2})
D/TaskPersister(  473): removeObsoleteFile: deleting file=700_task.xml
D/ActivityManagerService(  473): moveHomeStackTaskToTop: moving TaskRecord{384b769a #650 A=com.android.launcher3 U=0 sz=1}
I/ActivityStackSupervisor(  473): START u0 {act=android.intent.action.MAIN cat=[android.intent.category.HOME] flg=0x10200000 cmp=com.android.launcher3/.Launcher} from uid 1000 on display 0
I/ActivityStackSupervisor(  473): START u0 {act=android.intent.action.MAIN cat=[android.intent.category.LAUNCHER] flg=0x10200000 cmp=com.android.settings/.Settings bnds=[447,887][555,971] (has extras)} from uid 10026 on display 0
V/WindowManagerService(  473): Adding window Window{194b9cc8 u0 Starting com.android.settings} at 3 of 9 (after Window{2596d532 u0 com.android.launcher3/com.android.launcher3.Launcher})
I/ActivityManagerService(  473): Start proc 21224:com.android.settings/1000 for activity com.android.settings/.Settings
V/WindowManagerService(  473): Adding window Window{3983c7f8 u0 com.android.settings/com.android.settings.Settings} at 3 of 10 (before Window{194b9cc8 u0 Starting com.android.settings})
D/ActivityManagerService(  473): moveHomeStackTaskToTop: moving TaskRecord{384b769a #650 A=com.android.launcher3 U=0 sz=1}
I/ActivityStackSupervisor(  473): START u0 {act=com.android.systemui.recents.SHOW_RECENTS flg=0x10804000 cmp=com.android.systemui/.recents.RecentsActivity} from uid 10010 on display 0
I/ActivityStackSupervisor(  473): START u0 {act=android.intent.action.MAIN cat=[android.intent.category.LAUNCHER] flg=0x10100000 cmp=com.example.facedoor/.LauncherActivity2} from uid 10057 on display 0
D/ActivityManagerService(  473): moveHomeStackTaskToTop: moving TaskRecord{384b769a #650 A=com.android.launcher3 U=0 sz=1}
V/WindowManagerService(  473): Adding window Window{2fca6dca u0 com.example.facedoor/com.example.facedoor.LauncherActivity2} at 3 of 9 (after Window{2596d532 u0 com.android.launcher3/com.android.launcher3.Launcher})
I/ActivityStackSupervisor(  473): START u0 {cmp=com.example.facedoor/.FaceIndexActivity} from uid 10057 on display 0
V/WindowManagerService(  473): Adding window Window{293aec22 u0 com.example.facedoor/com.example.facedoor.FaceIndexActivity} at 4 of 10 (after Window{2fca6dca u0 com.example.facedoor/com.example.facedoor.LauncherActivity2})
I/ActivityStackSupervisor(  473): START u0 {cmp=com.example.facedoor/.VideoDetect} from uid 10057 on display 0
V/WindowManagerService(  473): Adding window Window{2a806b0f u0 com.example.facedoor/com.example.facedoor.VideoDetect} at 4 of 10 (after Window{293aec22 u0 com.example.facedoor/com.example.facedoor.FaceIndexActivity})
V/WindowManagerService(  473): Adding window Window{206d05a5 u0 SurfaceView} at 4 of 11 (before Window{2a806b0f u0 com.example.facedoor/com.example.facedoor.VideoDetect})
V/WindowManagerService(  473): Adding window Window{25cf5188 u0 SurfaceView} at 6 of 12 (after Window{2a806b0f u0 com.example.facedoor/com.example.facedoor.VideoDetect})
D/ActivityManagerService(  473): moveHomeStackTaskToTop: moving TaskRecord{384b769a #650 A=com.android.launcher3 U=0 sz=1}
I/ActivityStackSupervisor(  473): START u0 {act=android.intent.action.DELETE dat=package:com.example.facedoor flg=0x10800000 cmp=com.android.packageinstaller/.UninstallerActivity (has extras)} from uid 10026 on display 0
V/WindowManagerService(  473): Adding window Window{3246fecd u0 com.android.packageinstaller/com.android.packageinstaller.UninstallerActivity} at 3 of 9 (after Window{2596d532 u0 com.android.launcher3/com.android.launcher3.Launcher})
V/WindowManagerService(  473): Adding window Window{3ffbea93 u0 com.android.packageinstaller/com.android.packageinstaller.UninstallerActivity} at 3 of 10 (before Window{3246fecd u0 com.android.packageinstaller/com.android.packageinstaller.UninstallerActivity})
I/ActivityStackSupervisor(  473): START u0 {act=android.intent.action.VIEW cmp=com.android.packageinstaller/.UninstallAppProgress (has extras)} from uid 10034 on display 0
I/ActivityManagerService(  473): Force stopping com.example.facedoor appid=10057 user=-1: uninstall pkg
I/ActivityManagerService(  473): Killing 21113:com.example.facedoor/u0a57 (adj 9): stop com.example.facedoor
W/ActivityManagerService(  473): Scheduling restart of crashed service com.example.facedoor/.DDSService in 1000ms
I/ActivityManagerService(  473):   Force stopping service ServiceRecord{11c24e95 u0 com.example.facedoor/.DDSService}
W/ActivityManagerService(  473): Spurious death for ProcessRecord{38f09cef 21113:com.example.facedoor/u0a57}, curProc for 21113: null
V/WindowManagerService(  473): Adding window Window{1a323a85 u0 com.android.packageinstaller/com.android.packageinstaller.UninstallAppProgress} at 4 of 10 (after Window{3ffbea93 u0 com.android.packageinstaller/com.android.packageinstaller.UninstallerActivity})
I/ActivityManagerService(  473): Force stopping com.example.facedoor appid=10057 user=0: pkg removed
D/TaskPersister(  473): removeObsoleteFile: deleting file=701_task.xml
D/TaskPersister(  473): removeObsoleteFile: deleting file=701_task_thumbnail.png
D/TaskPersister(  473): removeObsoleteFile: deleting file=688_task_thumbnail.png
D/JobSchedulerService(  473): Receieved: android.intent.action.PACKAGE_REMOVED
D/BackupManagerService(  473): Received broadcast Intent { act=android.intent.action.PACKAGE_REMOVED dat=package:com.example.facedoor flg=0x4000010 (has extras) }
W/ContextImpl( 1124): Calling a method in the system process without a qualified user: android.app.ContextImpl.startService:1715 android.content.ContextWrapper.startService:516 android.content.ContextWrapper.startService:516 com.android.keychain.KeyChainBroadcastReceiver.onReceive:12 android.app.ActivityThread.handleReceiver:2629 
W/PackageManager(  473): Couldn't remove dex file for package:  at location /data/app/com.example.facedoor-2/split_lib_dependencies_apk.apk, retcode=-1
W/PackageManager(  473): Couldn't remove dex file for package:  at location /data/app/com.example.facedoor-2/split_lib_slice_0_apk.apk, retcode=-1
W/PackageManager(  473): Couldn't remove dex file for package:  at location /data/app/com.example.facedoor-2/split_lib_slice_1_apk.apk, retcode=-1
W/PackageManager(  473): Couldn't remove dex file for package:  at location /data/app/com.example.facedoor-2/split_lib_slice_2_apk.apk, retcode=-1
W/PackageManager(  473): Couldn't remove dex file for package:  at location /data/app/com.example.facedoor-2/split_lib_slice_3_apk.apk, retcode=-1
W/PackageManager(  473): Couldn't remove dex file for package:  at location /data/app/com.example.facedoor-2/split_lib_slice_4_apk.apk, retcode=-1
W/PackageManager(  473): Couldn't remove dex file for package:  at location /data/app/com.example.facedoor-2/split_lib_slice_5_apk.apk, retcode=-1
W/PackageManager(  473): Couldn't remove dex file for package:  at location /data/app/com.example.facedoor-2/split_lib_slice_6_apk.apk, retcode=-1
W/PackageManager(  473): Couldn't remove dex file for package:  at location /data/app/com.example.facedoor-2/split_lib_slice_7_apk.apk, retcode=-1
W/PackageManager(  473): Couldn't remove dex file for package:  at location /data/app/com.example.facedoor-2/split_lib_slice_8_apk.apk, retcode=-1
W/PackageManager(  473): Couldn't remove dex file for package:  at location /data/app/com.example.facedoor-2/split_lib_slice_9_apk.apk, retcode=-1
D/ActivityManagerService(  473): moveHomeStackTaskToTop: moving TaskRecord{384b769a #650 A=com.android.launcher3 U=0 sz=1}
W/InputMethodManagerService(  473): Starting input on non-focused client com.android.internal.view.IInputMethodClient$Stub$Proxy@36598876 (uid=10034 pid=3297)
D/PackageManager(  473): /data/app/vmdl2104377554.tmp already staged; skipping copy
W/PackageParser(  473): Unknown element under <manifest>: meta-data at /data/app/vmdl2104377554.tmp/base.apk Binary XML file line #41
D/PackageManager(  473): Renaming /data/app/vmdl2104377554.tmp to /data/app/com.example.facedoor-1
W/PackageManager(  473): Not granting permission android.permission.MOUNT_UNMOUNT_FILESYSTEMS to package com.example.facedoor (protectionLevel=18 flags=0x8be46)
V/BackupManagerService(  473): restoreAtInstall pkg=com.example.facedoor token=d restoreSet=0
V/BackupManagerService(  473): Finishing install immediately
D/BackupManagerService(  473): Received broadcast Intent { act=android.intent.action.PACKAGE_ADDED dat=package:com.example.facedoor flg=0x4000010 (has extras) }
W/BackupManagerService(  473): Removing schedule queue dupe of com.example.facedoor
W/VoiceInteractionManagerService(  473): no available voice recognition services found for user 0
I/ActivityStackSupervisor(  473): START u0 {act=android.intent.action.MAIN cat=[android.intent.category.LAUNCHER] flg=0x10000000 cmp=com.example.facedoor/.LauncherActivity2} from uid 2000 on display 0
V/WindowManagerService(  473): Adding window Window{3711aea4 u0 Starting com.example.facedoor} at 3 of 9 (after Window{2596d532 u0 com.android.launcher3/com.android.launcher3.Launcher})
I/ActivityManagerService(  473): Start proc 21696:com.example.facedoor/u0a58 for activity com.example.facedoor/.LauncherActivity2
W/ActivityManagerService(  473): Unable to start service Intent { cmp=com.example.facedoor/com.iflytek.common.LaunchService } U=0: not found
V/WindowManagerService(  473): Adding window Window{199008d4 u0 com.example.facedoor/com.example.facedoor.LauncherActivity2} at 3 of 10 (before Window{3711aea4 u0 Starting com.example.facedoor})
V/WindowManagerService(  473): not Base app: Adding window Window{2467bebe u0 com.example.facedoor/com.example.facedoor.LauncherActivity2} at 4 of 10
W/InputMethodManagerService(  473): Window already focused, ignoring focus gain of: com.android.internal.view.IInputMethodClient$Stub$Proxy@525e722 attribute=null, token = android.os.BinderProxy@399be27
D/ActivityManagerService(  473): moveHomeStackTaskToTop: moving TaskRecord{384b769a #650 A=com.android.launcher3 U=0 sz=1}
I/ActivityManagerService(  473): Force stopping com.example.facedoor appid=10058 user=0: from pid 21862
I/ActivityManagerService(  473): Killing 21696:com.example.facedoor/u0a58 (adj 9): stop com.example.facedoor
W/ActivityManagerService(  473): Scheduling restart of crashed service com.example.facedoor/.DDSService in 1000ms
I/ActivityManagerService(  473):   Force stopping service ServiceRecord{2d1a2e3c u0 com.example.facedoor/.DDSService}
W/ActivityManagerService(  473): Spurious death for ProcessRecord{3163a0f 21696:com.example.facedoor/u0a58}, curProc for 21696: null
I/ActivityManagerService(  473): Force stopping com.example.facedoor appid=10058 user=0: from pid 21915
I/ActivityStackSupervisor(  473): START u0 {act=android.intent.action.MAIN cat=[android.intent.category.LAUNCHER] flg=0x10000000 cmp=com.example.facedoor/.LauncherActivity2} from uid 2000 on display 0
I/ActivityManagerService(  473): Start proc 21945:com.example.facedoor/u0a58 for activity com.example.facedoor/.LauncherActivity2
V/WindowManagerService(  473): Adding window Window{6a34915 u0 Starting com.example.facedoor} at 3 of 9 (after Window{2596d532 u0 com.android.launcher3/com.android.launcher3.Launcher})
W/ActivityManagerService(  473): Unable to start service Intent { cmp=com.example.facedoor/com.iflytek.common.LaunchService } U=0: not found
V/WindowManagerService(  473): Adding window Window{2829a185 u0 com.example.facedoor/com.example.facedoor.LauncherActivity2} at 3 of 10 (before Window{6a34915 u0 Starting com.example.facedoor})
V/WindowManagerService(  473): not Base app: Adding window Window{25cd69e7 u0 com.example.facedoor/com.example.facedoor.LauncherActivity2} at 4 of 10
D/TaskPersister(  473): removeObsoleteFile: deleting file=704_task.xml
D/TaskPersister(  473): removeObsoleteFile: deleting file=704_task_thumbnail.png
I/ActivityManagerService(  473): Force stopping com.example.facedoor appid=10058 user=0: from pid 22195
I/ActivityManagerService(  473): Killing 21945:com.example.facedoor/u0a58 (adj 0): stop com.example.facedoor
I/WindowState(  473): WIN DEATH: Window{2829a185 u0 com.example.facedoor/com.example.facedoor.LauncherActivity2}
I/WindowState(  473): WIN DEATH: Window{25cd69e7 u0 com.example.facedoor/com.example.facedoor.LauncherActivity2}
W/ActivityManagerService(  473): Scheduling restart of crashed service com.example.facedoor/.DDSService in 1000ms
W/ActivityManagerService(  473): Force removing ActivityRecord{38888134 u0 com.example.facedoor/.LauncherActivity2 t705}: app died, no saved state
D/ActivityManagerService(  473): moveHomeStackTaskToTop: moving TaskRecord{384b769a #650 A=com.android.launcher3 U=0 sz=1}
I/ActivityManagerService(  473):   Force stopping service ServiceRecord{36f485cd u0 com.example.facedoor/.DDSService}
W/ActivityManagerService(  473): Spurious death for ProcessRecord{332d8f8a 21945:com.example.facedoor/u0a58}, curProc for 21945: null
W/InputMethodManagerService(  473): Got RemoteException sending setActive(false) notification to pid 21945 uid 10058
D/PackageInstaller(  473): Linking /data/app/com.example.facedoor-1/split_lib_dependencies_apk.apk to /data/app/vmdl1564225671.tmp/split_lib_dependencies_apk.apk
D/PackageInstaller(  473): Linking /data/app/com.example.facedoor-1/split_lib_slice_0_apk.apk to /data/app/vmdl1564225671.tmp/split_lib_slice_0_apk.apk
D/PackageInstaller(  473): Linking /data/app/com.example.facedoor-1/split_lib_slice_1_apk.apk to /data/app/vmdl1564225671.tmp/split_lib_slice_1_apk.apk
D/PackageInstaller(  473): Linking /data/app/com.example.facedoor-1/split_lib_slice_2_apk.apk to /data/app/vmdl1564225671.tmp/split_lib_slice_2_apk.apk
D/PackageInstaller(  473): Linking /data/app/com.example.facedoor-1/split_lib_slice_3_apk.apk to /data/app/vmdl1564225671.tmp/split_lib_slice_3_apk.apk
D/PackageInstaller(  473): Linking /data/app/com.example.facedoor-1/split_lib_slice_4_apk.apk to /data/app/vmdl1564225671.tmp/split_lib_slice_4_apk.apk
D/PackageInstaller(  473): Linking /data/app/com.example.facedoor-1/split_lib_slice_5_apk.apk to /data/app/vmdl1564225671.tmp/split_lib_slice_5_apk.apk
D/PackageInstaller(  473): Linking /data/app/com.example.facedoor-1/split_lib_slice_7_apk.apk to /data/app/vmdl1564225671.tmp/split_lib_slice_7_apk.apk
D/PackageInstaller(  473): Linking /data/app/com.example.facedoor-1/split_lib_slice_8_apk.apk to /data/app/vmdl1564225671.tmp/split_lib_slice_8_apk.apk
D/PackageInstaller(  473): Linking /data/app/com.example.facedoor-1/split_lib_slice_9_apk.apk to /data/app/vmdl1564225671.tmp/split_lib_slice_9_apk.apk
D/PackageInstaller(  473): Linked 10 files into /data/app/vmdl1564225671.tmp
D/PackageManager(  473): /data/app/vmdl1564225671.tmp already staged; skipping copy
W/PackageParser(  473): Unknown element under <manifest>: meta-data at /data/app/vmdl1564225671.tmp/base.apk Binary XML file line #41
D/PackageManager(  473): Renaming /data/app/vmdl1564225671.tmp to /data/app/com.example.facedoor-2
I/ActivityManagerService(  473): Force stopping com.example.facedoor appid=10058 user=-1: uninstall pkg
I/PackageManager(  473): Package com.example.facedoor codePath changed from /data/app/com.example.facedoor-1 to /data/app/com.example.facedoor-2; Retaining data and using new
W/PackageManager(  473): Code path for pkg : com.example.facedoor changing from /data/app/com.example.facedoor-1 to /data/app/com.example.facedoor-2
W/PackageManager(  473): Resource path for pkg : com.example.facedoor changing from /data/app/com.example.facedoor-1 to /data/app/com.example.facedoor-2
I/ActivityManagerService(  473): Force stopping com.example.facedoor appid=10058 user=-1: update pkg
W/PackageManager(  473): Not granting permission android.permission.MOUNT_UNMOUNT_FILESYSTEMS to package com.example.facedoor (protectionLevel=18 flags=0x8be46)
I/ActivityManagerService(  473): Force stopping com.example.facedoor appid=10058 user=0: pkg removed
D/JobSchedulerService(  473): Receieved: android.intent.action.PACKAGE_REMOVED
D/BackupManagerService(  473): Received broadcast Intent { act=android.intent.action.PACKAGE_REMOVED dat=package:com.example.facedoor flg=0x4000010 (has extras) }
W/ContextImpl( 1124): Calling a method in the system process without a qualified user: android.app.ContextImpl.startService:1715 android.content.ContextWrapper.startService:516 android.content.ContextWrapper.startService:516 com.android.keychain.KeyChainBroadcastReceiver.onReceive:12 android.app.ActivityThread.handleReceiver:2629 
D/BackupManagerService(  473): Received broadcast Intent { act=android.intent.action.PACKAGE_ADDED dat=package:com.example.facedoor flg=0x4000010 (has extras) }
W/BackupManagerService(  473): Removing schedule queue dupe of com.example.facedoor
W/VoiceInteractionManagerService(  473): no available voice recognition services found for user 0
W/PackageManager(  473): Couldn't remove dex file for package:  at location /data/app/com.example.facedoor-1/split_lib_dependencies_apk.apk, retcode=-1
W/PackageManager(  473): Couldn't remove dex file for package:  at location /data/app/com.example.facedoor-1/split_lib_slice_0_apk.apk, retcode=-1
W/PackageManager(  473): Couldn't remove dex file for package:  at location /data/app/com.example.facedoor-1/split_lib_slice_1_apk.apk, retcode=-1
W/PackageManager(  473): Couldn't remove dex file for package:  at location /data/app/com.example.facedoor-1/split_lib_slice_2_apk.apk, retcode=-1
W/PackageManager(  473): Couldn't remove dex file for package:  at location /data/app/com.example.facedoor-1/split_lib_slice_3_apk.apk, retcode=-1
W/PackageManager(  473): Couldn't remove dex file for package:  at location /data/app/com.example.facedoor-1/split_lib_slice_4_apk.apk, retcode=-1
W/PackageManager(  473): Couldn't remove dex file for package:  at location /data/app/com.example.facedoor-1/split_lib_slice_5_apk.apk, retcode=-1
W/PackageManager(  473): Couldn't remove dex file for package:  at location /data/app/com.example.facedoor-1/split_lib_slice_6_apk.apk, retcode=-1
